Archive member included to satisfy reference by file (symbol)

d:/all/devemcu/gcc_arm/gccarm/bin/../lib/gcc/arm-none-eabi/10.3.1/../../../../arm-none-eabi/lib/thumb/v7-m/nofp\libc_nano.a(lib_a-exit.o)
                              d:/all/devemcu/gcc_arm/gccarm/bin/../lib/gcc/arm-none-eabi/10.3.1/../../../../arm-none-eabi/lib/thumb/v7-m/nofp/crt0.o (exit)
d:/all/devemcu/gcc_arm/gccarm/bin/../lib/gcc/arm-none-eabi/10.3.1/../../../../arm-none-eabi/lib/thumb/v7-m/nofp\libc_nano.a(lib_a-impure.o)
                              d:/all/devemcu/gcc_arm/gccarm/bin/../lib/gcc/arm-none-eabi/10.3.1/../../../../arm-none-eabi/lib/thumb/v7-m/nofp\libc_nano.a(lib_a-exit.o) (_global_impure_ptr)
d:/all/devemcu/gcc_arm/gccarm/bin/../lib/gcc/arm-none-eabi/10.3.1/../../../../arm-none-eabi/lib/thumb/v7-m/nofp\libc_nano.a(lib_a-init.o)
                              d:/all/devemcu/gcc_arm/gccarm/bin/../lib/gcc/arm-none-eabi/10.3.1/../../../../arm-none-eabi/lib/thumb/v7-m/nofp/crt0.o (__libc_init_array)
d:/all/devemcu/gcc_arm/gccarm/bin/../lib/gcc/arm-none-eabi/10.3.1/../../../../arm-none-eabi/lib/thumb/v7-m/nofp\libc_nano.a(lib_a-memset.o)
                              d:/all/devemcu/gcc_arm/gccarm/bin/../lib/gcc/arm-none-eabi/10.3.1/../../../../arm-none-eabi/lib/thumb/v7-m/nofp/crt0.o (memset)
d:/all/devemcu/gcc_arm/gccarm/bin/../lib/gcc/arm-none-eabi/10.3.1/../../../../arm-none-eabi/lib/thumb/v7-m/nofp\libg_nano.a(lib_a-errno.o)
                              CMakeFiles/stm32f1.dir/Core/Src/sysmem.c.obj (__errno)
d:/all/devemcu/gcc_arm/gccarm/bin/../lib/gcc/arm-none-eabi/10.3.1/../../../../arm-none-eabi/lib/thumb/v7-m/nofp\libg_nano.a(lib_a-memcpy-stub.o)
                              CMakeFiles/stm32f1.dir/Sparrow/IPC/mequeue.c.obj (memcpy)

Discarded input sections

 .text          0x00000000        0x0 d:/all/devemcu/gcc_arm/gccarm/bin/../lib/gcc/arm-none-eabi/10.3.1/thumb/v7-m/nofp/crti.o
 .data          0x00000000        0x0 d:/all/devemcu/gcc_arm/gccarm/bin/../lib/gcc/arm-none-eabi/10.3.1/thumb/v7-m/nofp/crti.o
 .bss           0x00000000        0x0 d:/all/devemcu/gcc_arm/gccarm/bin/../lib/gcc/arm-none-eabi/10.3.1/thumb/v7-m/nofp/crti.o
 .data          0x00000000        0x4 d:/all/devemcu/gcc_arm/gccarm/bin/../lib/gcc/arm-none-eabi/10.3.1/thumb/v7-m/nofp/crtbegin.o
 .rodata        0x00000000       0x24 d:/all/devemcu/gcc_arm/gccarm/bin/../lib/gcc/arm-none-eabi/10.3.1/thumb/v7-m/nofp/crtbegin.o
 .text          0x00000000       0x7c d:/all/devemcu/gcc_arm/gccarm/bin/../lib/gcc/arm-none-eabi/10.3.1/../../../../arm-none-eabi/lib/thumb/v7-m/nofp/crt0.o
 .data          0x00000000        0x0 d:/all/devemcu/gcc_arm/gccarm/bin/../lib/gcc/arm-none-eabi/10.3.1/../../../../arm-none-eabi/lib/thumb/v7-m/nofp/crt0.o
 .bss           0x00000000        0x0 d:/all/devemcu/gcc_arm/gccarm/bin/../lib/gcc/arm-none-eabi/10.3.1/../../../../arm-none-eabi/lib/thumb/v7-m/nofp/crt0.o
 .ARM.extab     0x00000000        0x0 d:/all/devemcu/gcc_arm/gccarm/bin/../lib/gcc/arm-none-eabi/10.3.1/../../../../arm-none-eabi/lib/thumb/v7-m/nofp/crt0.o
 .ARM.exidx     0x00000000       0x10 d:/all/devemcu/gcc_arm/gccarm/bin/../lib/gcc/arm-none-eabi/10.3.1/../../../../arm-none-eabi/lib/thumb/v7-m/nofp/crt0.o
 .ARM.attributes
                0x00000000       0x1b d:/all/devemcu/gcc_arm/gccarm/bin/../lib/gcc/arm-none-eabi/10.3.1/../../../../arm-none-eabi/lib/thumb/v7-m/nofp/crt0.o
 .text          0x00000000        0x0 d:/all/devemcu/gcc_arm/gccarm/bin/../lib/gcc/arm-none-eabi/10.3.1/../../../../arm-none-eabi/lib/thumb/v7-m/nofp\libc_nano.a(lib_a-exit.o)
 .data          0x00000000        0x0 d:/all/devemcu/gcc_arm/gccarm/bin/../lib/gcc/arm-none-eabi/10.3.1/../../../../arm-none-eabi/lib/thumb/v7-m/nofp\libc_nano.a(lib_a-exit.o)
 .bss           0x00000000        0x0 d:/all/devemcu/gcc_arm/gccarm/bin/../lib/gcc/arm-none-eabi/10.3.1/../../../../arm-none-eabi/lib/thumb/v7-m/nofp\libc_nano.a(lib_a-exit.o)
 .text.exit     0x00000000       0x28 d:/all/devemcu/gcc_arm/gccarm/bin/../lib/gcc/arm-none-eabi/10.3.1/../../../../arm-none-eabi/lib/thumb/v7-m/nofp\libc_nano.a(lib_a-exit.o)
 .debug_frame   0x00000000       0x28 d:/all/devemcu/gcc_arm/gccarm/bin/../lib/gcc/arm-none-eabi/10.3.1/../../../../arm-none-eabi/lib/thumb/v7-m/nofp\libc_nano.a(lib_a-exit.o)
 .ARM.attributes
                0x00000000       0x2d d:/all/devemcu/gcc_arm/gccarm/bin/../lib/gcc/arm-none-eabi/10.3.1/../../../../arm-none-eabi/lib/thumb/v7-m/nofp\libc_nano.a(lib_a-exit.o)
 .text          0x00000000        0x0 d:/all/devemcu/gcc_arm/gccarm/bin/../lib/gcc/arm-none-eabi/10.3.1/../../../../arm-none-eabi/lib/thumb/v7-m/nofp\libc_nano.a(lib_a-impure.o)
 .data          0x00000000        0x0 d:/all/devemcu/gcc_arm/gccarm/bin/../lib/gcc/arm-none-eabi/10.3.1/../../../../arm-none-eabi/lib/thumb/v7-m/nofp\libc_nano.a(lib_a-impure.o)
 .bss           0x00000000        0x0 d:/all/devemcu/gcc_arm/gccarm/bin/../lib/gcc/arm-none-eabi/10.3.1/../../../../arm-none-eabi/lib/thumb/v7-m/nofp\libc_nano.a(lib_a-impure.o)
[...]
Memory Configuration

Name             Origin             Length             Attributes
RAM              0x20000000         0x00005000         xrw
FLASH            0x08000000         0x00010000         xr
*default*        0x00000000         0xffffffff

Linker script and memory map

LOAD d:/all/devemcu/gcc_arm/gccarm/bin/../lib/gcc/arm-none-eabi/10.3.1/thumb/v7-m/nofp/crti.o
LOAD d:/all/devemcu/gcc_arm/gccarm/bin/../lib/gcc/arm-none-eabi/10.3.1/thumb/v7-m/nofp/crtbegin.o
LOAD d:/all/devemcu/gcc_arm/gccarm/bin/../lib/gcc/arm-none-eabi/10.3.1/../../../../arm-none-eabi/lib/thumb/v7-m/nofp/crt0.o
START GROUP
LOAD d:/all/devemcu/gcc_arm/gccarm/bin/../lib/gcc/arm-none-eabi/10.3.1/../../../../arm-none-eabi/lib/thumb/v7-m/nofp\libc_nano.a
LOAD d:/all/devemcu/gcc_arm/gccarm/bin/../lib/gcc/arm-none-eabi/10.3.1/../../../../arm-none-eabi/lib/thumb/v7-m/nofp\libm.a
END GROUP
LOAD CMakeFiles/stm32f1.dir/Sparrow/scheduler/schedule.c.obj
LOAD CMakeFiles/stm32f1.dir/Sparrow/IPC/sem.c.obj
LOAD CMakeFiles/stm32f1.dir/Sparrow/memory/heap.c.obj
LOAD CMakeFiles/stm32f1.dir/Sparrow/IPC/mequeue.c.obj
LOAD CMakeFiles/stm32f1.dir/Sparrow/IPC/mutex.c.obj
LOAD CMakeFiles/stm32f1.dir/Sparrow/opt/list/list.c.obj
LOAD CMakeFiles/stm32f1.dir/Sparrow/port/port.c.obj
LOAD CMakeFiles/stm32f1.dir/Sparrow/demo/sem_app.c.obj
LOAD CMakeFiles/stm32f1.dir/Core/Src/main.c.obj
LOAD CMakeFiles/stm32f1.dir/Core/Src/stm32f1xx_it.c.obj
LOAD CMakeFiles/stm32f1.dir/Core/Src/stm32f1xx_hal_msp.c.obj
LOAD CMakeFiles/stm32f1.dir/Core/Src/stm32f1xx_hal_timebase_tim.c.obj
LOAD CMakeFiles/stm32f1.dir/Drivers/STM32F1xx_HAL_Driver/Src/stm32f1xx_hal_gpio_ex.c.obj
LOAD CMakeFiles/stm32f1.dir/Drivers/STM32F1xx_HAL_Driver/Src/stm32f1xx_hal_tim.c.obj
LOAD CMakeFiles/stm32f1.dir/Drivers/STM32F1xx_HAL_Driver/Src/stm32f1xx_hal_tim_ex.c.obj
LOAD CMakeFiles/stm32f1.dir/Drivers/STM32F1xx_HAL_Driver/Src/stm32f1xx_hal.c.obj
LOAD CMakeFiles/stm32f1.dir/Drivers/STM32F1xx_HAL_Driver/Src/stm32f1xx_hal_rcc.c.obj
LOAD CMakeFiles/stm32f1.dir/Drivers/STM32F1xx_HAL_Driver/Src/stm32f1xx_hal_rcc_ex.c.obj
LOAD CMakeFiles/stm32f1.dir/Drivers/STM32F1xx_HAL_Driver/Src/stm32f1xx_hal_gpio.c.obj
LOAD CMakeFiles/stm32f1.dir/Drivers/STM32F1xx_HAL_Driver/Src/stm32f1xx_hal_dma.c.obj
LOAD CMakeFiles/stm32f1.dir/Drivers/STM32F1xx_HAL_Driver/Src/stm32f1xx_hal_cortex.c.obj
LOAD CMakeFiles/stm32f1.dir/Drivers/STM32F1xx_HAL_Driver/Src/stm32f1xx_hal_pwr.c.obj
LOAD CMakeFiles/stm32f1.dir/Drivers/STM32F1xx_HAL_Driver/Src/stm32f1xx_hal_flash.c.obj
LOAD CMakeFiles/stm32f1.dir/Drivers/STM32F1xx_HAL_Driver/Src/stm32f1xx_hal_flash_ex.c.obj
LOAD CMakeFiles/stm32f1.dir/Drivers/STM32F1xx_HAL_Driver/Src/stm32f1xx_hal_exti.c.obj
LOAD CMakeFiles/stm32f1.dir/Core/Src/system_stm32f1xx.c.obj
LOAD CMakeFiles/stm32f1.dir/Core/Src/sysmem.c.obj
LOAD CMakeFiles/stm32f1.dir/Core/Src/syscalls.c.obj
LOAD CMakeFiles/stm32f1.dir/startup_stm32f103xb.s.obj
START GROUP
LOAD d:/all/devemcu/gcc_arm/gccarm/bin/../lib/gcc/arm-none-eabi/10.3.1/thumb/v7-m/nofp\libgcc.a
LOAD d:/all/devemcu/gcc_arm/gccarm/bin/../lib/gcc/arm-none-eabi/10.3.1/../../../../arm-none-eabi/lib/thumb/v7-m/nofp\libg_nano.a
LOAD d:/all/devemcu/gcc_arm/gccarm/bin/../lib/gcc/arm-none-eabi/10.3.1/../../../../arm-none-eabi/lib/thumb/v7-m/nofp\libc_nano.a
END GROUP
START GROUP
LOAD d:/all/devemcu/gcc_arm/gccarm/bin/../lib/gcc/arm-none-eabi/10.3.1/thumb/v7-m/nofp\libgcc.a
LOAD d:/all/devemcu/gcc_arm/gccarm/bin/../lib/gcc/arm-none-eabi/10.3.1/../../../../arm-none-eabi/lib/thumb/v7-m/nofp\libc_nano.a
END GROUP
LOAD d:/all/devemcu/gcc_arm/gccarm/bin/../lib/gcc/arm-none-eabi/10.3.1/thumb/v7-m/nofp/crtend.o
LOAD d:/all/devemcu/gcc_arm/gccarm/bin/../lib/gcc/arm-none-eabi/10.3.1/thumb/v7-m/nofp/crtn.o
                0x20005000                _estack = (ORIGIN (RAM) + LENGTH (RAM))
                0x00000400                _Min_Heap_Size = 0x400
                0x00000600                _Min_Stack_Size = 0x600

.isr_vector     0x08000000      0x10c
                0x08000000                . = ALIGN (0x4)
 *(.isr_vector)
 .isr_vector    0x08000000      0x10c CMakeFiles/stm32f1.dir/startup_stm32f103xb.s.obj
                0x08000000                g_pfnVectors
                0x0800010c                . = ALIGN (0x4)

.text           0x08000110     0x2790
                0x08000110                . = ALIGN (0x4)
 *(.text)
 .text          0x08000110       0x40 d:/all/devemcu/gcc_arm/gccarm/bin/../lib/gcc/arm-none-eabi/10.3.1/thumb/v7-m/nofp/crtbegin.o
 *(.text*)
 .text.__libc_init_array
                0x08000150       0x48 d:/all/devemcu/gcc_arm/gccarm/bin/../lib/gcc/arm-none-eabi/10.3.1/../../../../arm-none-eabi/lib/thumb/v7-m/nofp\libc_nano.a(lib_a-init.o)
                0x08000150                __libc_init_array
 .text.memset   0x08000198       0x10 d:/all/devemcu/gcc_arm/gccarm/bin/../lib/gcc/arm-none-eabi/10.3.1/../../../../arm-none-eabi/lib/thumb/v7-m/nofp\libc_nano.a(lib_a-memset.o)
                0x08000198                memset
 .text.GetCurrentTCB
                0x080001a8       0x14 CMakeFiles/stm32f1.dir/Sparrow/scheduler/schedule.c.obj
                0x080001a8                GetCurrentTCB
 .text.IPCHighestPriorityTask
                0x080001bc       0x18 CMakeFiles/stm32f1.dir/Sparrow/scheduler/schedule.c.obj
                0x080001bc                IPCHighestPriorityTask
 .text.GetTaskPriority
                0x080001d4       0x18 CMakeFiles/stm32f1.dir/Sparrow/scheduler/schedule.c.obj
                0x080001d4                GetTaskPriority
 .text.ReadyListInit
                0x080001ec       0x3c CMakeFiles/stm32f1.dir/Sparrow/scheduler/schedule.c.obj
                0x080001ec                ReadyListInit
 .text.ReadyListAdd
                0x08000228       0x44 CMakeFiles/stm32f1.dir/Sparrow/scheduler/schedule.c.obj
                0x08000228                ReadyListAdd
 .text.ReadyListRemove
                0x0800026c       0x38 CMakeFiles/stm32f1.dir/Sparrow/scheduler/schedule.c.obj
                0x0800026c                ReadyListRemove
 .text.SuspendListAdd
                0x080002a4       0x1c CMakeFiles/stm32f1.dir/Sparrow/scheduler/schedule.c.obj
                0x080002a4                SuspendListAdd
 .text.SuspendListRemove
                0x080002c0       0x1c CMakeFiles/stm32f1.dir/Sparrow/scheduler/schedule.c.obj
                0x080002c0                SuspendListRemove
 .text.BlockListAdd
                0x080002dc       0x1c CMakeFiles/stm32f1.dir/Sparrow/scheduler/schedule.c.obj
                0x080002dc                BlockListAdd
 .text.BlockListRemove
                0x080002f8       0x1c CMakeFiles/stm32f1.dir/Sparrow/scheduler/schedule.c.obj
                0x080002f8                BlockListRemove
 .text.TaskListAdd
                0x08000314       0x48 CMakeFiles/stm32f1.dir/Sparrow/scheduler/schedule.c.obj
                0x08000314                TaskListAdd
 .text.TaskListRemove
                0x0800035c       0x48 CMakeFiles/stm32f1.dir/Sparrow/scheduler/schedule.c.obj
                0x0800035c                TaskListRemove
 .text.Insert_IPC
                0x080003a4       0x2a CMakeFiles/stm32f1.dir/Sparrow/scheduler/schedule.c.obj
                0x080003a4                Insert_IPC
 .text.Remove_IPC
                0x080003ce       0x26 CMakeFiles/stm32f1.dir/Sparrow/scheduler/schedule.c.obj
                0x080003ce                Remove_IPC
 .text.ListHighestPriorityTask
                0x080003f4       0x38 CMakeFiles/stm32f1.dir/Sparrow/scheduler/schedule.c.obj
 .text.ADTListInit
                0x0800042c       0x20 CMakeFiles/stm32f1.dir/Sparrow/scheduler/schedule.c.obj
                0x0800042c                ADTListInit
 .text.schedule
                0x0800044c       0x18 CMakeFiles/stm32f1.dir/Sparrow/scheduler/schedule.c.obj
                0x0800044c                schedule
 .text.CheckIPCState
                0x08000464       0x20 CMakeFiles/stm32f1.dir/Sparrow/scheduler/schedule.c.obj
                0x08000464                CheckIPCState
 .text.vTaskSwitchContext
                0x08000484       0x78 CMakeFiles/stm32f1.dir/Sparrow/scheduler/schedule.c.obj
                0x08000484                vTaskSwitchContext
 .text.RecordWakeTime
                0x080004fc       0x68 CMakeFiles/stm32f1.dir/Sparrow/scheduler/schedule.c.obj
                0x080004fc                RecordWakeTime
 .text.TaskDelay
                0x08000564       0x38 CMakeFiles/stm32f1.dir/Sparrow/scheduler/schedule.c.obj
                0x08000564                TaskDelay
 .text.pxPortInitialiseStack
                0x0800059c       0x42 CMakeFiles/stm32f1.dir/Sparrow/scheduler/schedule.c.obj
                0x0800059c                pxPortInitialiseStack
 *fill*         0x080005de        0x2 
 .text.xTaskCreate
                0x080005e0       0xa0 CMakeFiles/stm32f1.dir/Sparrow/scheduler/schedule.c.obj
                0x080005e0                xTaskCreate
 .text.ListDelayInit
                0x08000680       0x30 CMakeFiles/stm32f1.dir/Sparrow/scheduler/schedule.c.obj
                0x08000680                ListDelayInit
 .text.leisureTask
                0x080006b0        0x6 CMakeFiles/stm32f1.dir/Sparrow/scheduler/schedule.c.obj
                0x080006b0                leisureTask
 *fill*         0x080006b6        0x2 
 .text.LeisureTaskCreat
                0x080006b8       0x28 CMakeFiles/stm32f1.dir/Sparrow/scheduler/schedule.c.obj
                0x080006b8                LeisureTaskCreat
 .text.SchedulerInit
                0x080006e0       0x14 CMakeFiles/stm32f1.dir/Sparrow/scheduler/schedule.c.obj
                0x080006e0                SchedulerInit
 .text.PendSvInit
                0x080006f4       0x1c CMakeFiles/stm32f1.dir/Sparrow/scheduler/schedule.c.obj
                0x080006f4                PendSvInit
 .text.SysTickInit
                0x08000710       0x54 CMakeFiles/stm32f1.dir/Sparrow/scheduler/schedule.c.obj
                0x08000710                SysTickInit
 .text.HandlerInit
                0x08000764       0x10 CMakeFiles/stm32f1.dir/Sparrow/scheduler/schedule.c.obj
                0x08000764                HandlerInit
 .text.SchedulerStart
                0x08000774       0x10 CMakeFiles/stm32f1.dir/Sparrow/scheduler/schedule.c.obj
                0x08000774                SchedulerStart
 .text.DelayListRemove
                0x08000784       0x24 CMakeFiles/stm32f1.dir/Sparrow/scheduler/schedule.c.obj
                0x08000784                DelayListRemove
 .text.CheckTicks
                0x080007a8       0xa4 CMakeFiles/stm32f1.dir/Sparrow/scheduler/schedule.c.obj
                0x080007a8                CheckTicks
 .text.SysTick_Handler
                0x0800084c       0x44 CMakeFiles/stm32f1.dir/Sparrow/scheduler/schedule.c.obj
                0x0800084c                SysTick_Handler
 .text.heap_init
                0x08000890       0xa4 CMakeFiles/stm32f1.dir/Sparrow/memory/heap.c.obj
                0x08000890                heap_init
 .text.heap_malloc
                0x08000934       0xd4 CMakeFiles/stm32f1.dir/Sparrow/memory/heap.c.obj
                0x08000934                heap_malloc
 .text.queue_creat
                0x08000a08       0x86 CMakeFiles/stm32f1.dir/Sparrow/IPC/mequeue.c.obj
                0x08000a08                queue_creat
 .text.WriteToQueue
                0x08000a8e       0x92 CMakeFiles/stm32f1.dir/Sparrow/IPC/mequeue.c.obj
                0x08000a8e                WriteToQueue
 .text.ExtractFromQueue
                0x08000b20       0x90 CMakeFiles/stm32f1.dir/Sparrow/IPC/mequeue.c.obj
                0x08000b20                ExtractFromQueue
 .text.queue_send
                0x08000bb0       0xdc CMakeFiles/stm32f1.dir/Sparrow/IPC/mequeue.c.obj
                0x08000bb0                queue_send
 .text.queue_receive
                0x08000c8c       0xcc CMakeFiles/stm32f1.dir/Sparrow/IPC/mequeue.c.obj
                0x08000c8c                queue_receive
 .text.ListInit
                0x08000d58       0x2a CMakeFiles/stm32f1.dir/Sparrow/opt/list/list.c.obj
                0x08000d58                ListInit
 .text.InsertFirst
                0x08000d82       0x2c CMakeFiles/stm32f1.dir/Sparrow/opt/list/list.c.obj
                0x08000d82                InsertFirst
 .text.InsertHead
                0x08000dae       0x38 CMakeFiles/stm32f1.dir/Sparrow/opt/list/list.c.obj
                0x08000dae                InsertHead
 .text.InsertTail
                0x08000de6       0x34 CMakeFiles/stm32f1.dir/Sparrow/opt/list/list.c.obj
                0x08000de6                InsertTail
 .text.InsertMiddle
                0x08000e1a       0x4c CMakeFiles/stm32f1.dir/Sparrow/opt/list/list.c.obj
                0x08000e1a                InsertMiddle
 .text.control  0x08000e66       0x7a CMakeFiles/stm32f1.dir/Sparrow/opt/list/list.c.obj
                0x08000e66                control
 .text.dataflow
                0x08000ee0       0x38 CMakeFiles/stm32f1.dir/Sparrow/opt/list/list.c.obj
                0x08000ee0                dataflow
 .text.ListAdd  0x08000f18       0x44 CMakeFiles/stm32f1.dir/Sparrow/opt/list/list.c.obj
                0x08000f18                ListAdd
 .text.RemoveLast
                0x08000f5c       0x2c CMakeFiles/stm32f1.dir/Sparrow/opt/list/list.c.obj
                0x08000f5c                RemoveLast
 .text.RemoveHead
                0x08000f88       0x30 CMakeFiles/stm32f1.dir/Sparrow/opt/list/list.c.obj
                0x08000f88                RemoveHead
 .text.RemoveMiddle
                0x08000fb8       0x28 CMakeFiles/stm32f1.dir/Sparrow/opt/list/list.c.obj
                0x08000fb8                RemoveMiddle
 .text.RemoveTail
                0x08000fe0       0x26 CMakeFiles/stm32f1.dir/Sparrow/opt/list/list.c.obj
                0x08000fe0                RemoveTail
 .text.MoveControl
                0x08001006       0x72 CMakeFiles/stm32f1.dir/Sparrow/opt/list/list.c.obj
                0x08001006                MoveControl
 .text.MoveFlow
                0x08001078       0x38 CMakeFiles/stm32f1.dir/Sparrow/opt/list/list.c.obj
                0x08001078                MoveFlow
 .text.ListRemove
                0x080010b0       0x46 CMakeFiles/stm32f1.dir/Sparrow/opt/list/list.c.obj
                0x080010b0                ListRemove
 *fill*         0x080010f6        0xa 
 .text.SVC_Handler
                0x08001100       0x28 CMakeFiles/stm32f1.dir/Sparrow/port/port.c.obj
                0x08001100                SVC_Handler
 *fill*         0x08001128        0x8 
 .text.PendSV_Handler
                0x08001130       0x58 CMakeFiles/stm32f1.dir/Sparrow/port/port.c.obj
                0x08001130                PendSV_Handler
 .text.xEnterCritical
                0x08001188       0x2e CMakeFiles/stm32f1.dir/Sparrow/port/port.c.obj
                0x08001188                xEnterCritical
 .text.xExitCritical
                0x080011b6       0x24 CMakeFiles/stm32f1.dir/Sparrow/port/port.c.obj
                0x080011b6                xExitCritical
 *fill*         0x080011da        0x2 
 .text.StartFirstTask
                0x080011dc       0x2c CMakeFiles/stm32f1.dir/Sparrow/port/port.c.obj
                0x080011dc                StartFirstTask
 .text.vCreateQueues
                0x08001208       0x3c CMakeFiles/stm32f1.dir/Core/Src/main.c.obj
                0x08001208                vCreateQueues
 .text.led_extinguish
                0x08001244       0x30 CMakeFiles/stm32f1.dir/Core/Src/main.c.obj
                0x08001244                led_extinguish
 .text.led_bright
                0x08001274       0x30 CMakeFiles/stm32f1.dir/Core/Src/main.c.obj
                0x08001274                led_bright
 .text.APP      0x080012a4       0x4c CMakeFiles/stm32f1.dir/Core/Src/main.c.obj
                0x080012a4                APP
 .text.main     0x080012f0       0x1e CMakeFiles/stm32f1.dir/Core/Src/main.c.obj
                0x080012f0                main
 .text.SystemClock_Config
                0x0800130e       0x8a CMakeFiles/stm32f1.dir/Core/Src/main.c.obj
                0x0800130e                SystemClock_Config
 .text.MX_GPIO_Init
                0x08001398       0x98 CMakeFiles/stm32f1.dir/Core/Src/main.c.obj
 .text.HAL_TIM_PeriodElapsedCallback
                0x08001430       0x24 CMakeFiles/stm32f1.dir/Core/Src/main.c.obj
                0x08001430                HAL_TIM_PeriodElapsedCallback
 .text.Error_Handler
                0x08001454        0xa CMakeFiles/stm32f1.dir/Core/Src/main.c.obj
                0x08001454                Error_Handler
 .text.NMI_Handler
                0x0800145e        0x6 CMakeFiles/stm32f1.dir/Core/Src/stm32f1xx_it.c.obj
                0x0800145e                NMI_Handler
 .text.HardFault_Handler
                0x08001464        0x6 CMakeFiles/stm32f1.dir/Core/Src/stm32f1xx_it.c.obj
                0x08001464                HardFault_Handler
 .text.MemManage_Handler
                0x0800146a        0x6 CMakeFiles/stm32f1.dir/Core/Src/stm32f1xx_it.c.obj
                0x0800146a                MemManage_Handler
 .text.BusFault_Handler
                0x08001470        0x6 CMakeFiles/stm32f1.dir/Core/Src/stm32f1xx_it.c.obj
                0x08001470                BusFault_Handler
 .text.UsageFault_Handler
                0x08001476        0x6 CMakeFiles/stm32f1.dir/Core/Src/stm32f1xx_it.c.obj
                0x08001476                UsageFault_Handler
 .text.DebugMon_Handler
                0x0800147c        0xc CMakeFiles/stm32f1.dir/Core/Src/stm32f1xx_it.c.obj
                0x0800147c                DebugMon_Handler
 .text.TIM1_UP_IRQHandler
                0x08001488       0x14 CMakeFiles/stm32f1.dir/Core/Src/stm32f1xx_it.c.obj
                0x08001488                TIM1_UP_IRQHandler
 .text.HAL_MspInit
                0x0800149c       0x64 CMakeFiles/stm32f1.dir/Core/Src/stm32f1xx_hal_msp.c.obj
                0x0800149c                HAL_MspInit
 .text.HAL_InitTick
                0x08001500       0xe4 CMakeFiles/stm32f1.dir/Core/Src/stm32f1xx_hal_timebase_tim.c.obj
                0x08001500                HAL_InitTick
 .text.HAL_TIM_Base_Init
                0x080015e4       0x9e CMakeFiles/stm32f1.dir/Drivers/STM32F1xx_HAL_Driver/Src/stm32f1xx_hal_tim.c.obj
                0x080015e4                HAL_TIM_Base_Init
 .text.HAL_TIM_Base_MspInit
                0x08001682       0x12 CMakeFiles/stm32f1.dir/Drivers/STM32F1xx_HAL_Driver/Src/stm32f1xx_hal_tim.c.obj
                0x08001682                HAL_TIM_Base_MspInit
 .text.HAL_TIM_Base_Start_IT
                0x08001694       0xa4 CMakeFiles/stm32f1.dir/Drivers/STM32F1xx_HAL_Driver/Src/stm32f1xx_hal_tim.c.obj
                0x08001694                HAL_TIM_Base_Start_IT
 .text.HAL_TIM_IRQHandler
                0x08001738      0x1e0 CMakeFiles/stm32f1.dir/Drivers/STM32F1xx_HAL_Driver/Src/stm32f1xx_hal_tim.c.obj
                0x08001738                HAL_TIM_IRQHandler
 .text.HAL_TIM_OC_DelayElapsedCallback
                0x08001918       0x12 CMakeFiles/stm32f1.dir/Drivers/STM32F1xx_HAL_Driver/Src/stm32f1xx_hal_tim.c.obj
                0x08001918                HAL_TIM_OC_DelayElapsedCallback
 .text.HAL_TIM_IC_CaptureCallback
                0x0800192a       0x12 CMakeFiles/stm32f1.dir/Drivers/STM32F1xx_HAL_Driver/Src/stm32f1xx_hal_tim.c.obj
                0x0800192a                HAL_TIM_IC_CaptureCallback
 .text.HAL_TIM_PWM_PulseFinishedCallback
                0x0800193c       0x12 CMakeFiles/stm32f1.dir/Drivers/STM32F1xx_HAL_Driver/Src/stm32f1xx_hal_tim.c.obj
                0x0800193c                HAL_TIM_PWM_PulseFinishedCallback
 .text.HAL_TIM_TriggerCallback
                0x0800194e       0x12 CMakeFiles/stm32f1.dir/Drivers/STM32F1xx_HAL_Driver/Src/stm32f1xx_hal_tim.c.obj
                0x0800194e                HAL_TIM_TriggerCallback
 .text.TIM_Base_SetConfig
                0x08001960       0xdc CMakeFiles/stm32f1.dir/Drivers/STM32F1xx_HAL_Driver/Src/stm32f1xx_hal_tim.c.obj
                0x08001960                TIM_Base_SetConfig
 .text.HAL_TIMEx_CommutCallback
                0x08001a3c       0x12 CMakeFiles/stm32f1.dir/Drivers/STM32F1xx_HAL_Driver/Src/stm32f1xx_hal_tim_ex.c.obj
                0x08001a3c                HAL_TIMEx_CommutCallback
 .text.HAL_TIMEx_BreakCallback
                0x08001a4e       0x12 CMakeFiles/stm32f1.dir/Drivers/STM32F1xx_HAL_Driver/Src/stm32f1xx_hal_tim_ex.c.obj
                0x08001a4e                HAL_TIMEx_BreakCallback
 .text.HAL_Init
                0x08001a60       0x2c CMakeFiles/stm32f1.dir/Drivers/STM32F1xx_HAL_Driver/Src/stm32f1xx_hal.c.obj
                0x08001a60                HAL_Init
 .text.HAL_IncTick
                0x08001a8c       0x24 CMakeFiles/stm32f1.dir/Drivers/STM32F1xx_HAL_Driver/Src/stm32f1xx_hal.c.obj
                0x08001a8c                HAL_IncTick
 .text.HAL_GetTick
                0x08001ab0       0x14 CMakeFiles/stm32f1.dir/Drivers/STM32F1xx_HAL_Driver/Src/stm32f1xx_hal.c.obj
                0x08001ab0                HAL_GetTick
 .text.HAL_RCC_OscConfig
                0x08001ac4      0x504 CMakeFiles/stm32f1.dir/Drivers/STM32F1xx_HAL_Driver/Src/stm32f1xx_hal_rcc.c.obj
                0x08001ac4                HAL_RCC_OscConfig
 .text.HAL_RCC_ClockConfig
                0x08001fc8      0x1d4 CMakeFiles/stm32f1.dir/Drivers/STM32F1xx_HAL_Driver/Src/stm32f1xx_hal_rcc.c.obj
                0x08001fc8                HAL_RCC_ClockConfig
 .text.HAL_RCC_GetSysClockFreq
                0x0800219c       0xa8 CMakeFiles/stm32f1.dir/Drivers/STM32F1xx_HAL_Driver/Src/stm32f1xx_hal_rcc.c.obj
                0x0800219c                HAL_RCC_GetSysClockFreq
 .text.HAL_RCC_GetHCLKFreq
                0x08002244       0x14 CMakeFiles/stm32f1.dir/Drivers/STM32F1xx_HAL_Driver/Src/stm32f1xx_hal_rcc.c.obj
                0x08002244                HAL_RCC_GetHCLKFreq
 .text.HAL_RCC_GetPCLK2Freq
                0x08002258       0x28 CMakeFiles/stm32f1.dir/Drivers/STM32F1xx_HAL_Driver/Src/stm32f1xx_hal_rcc.c.obj
                0x08002258                HAL_RCC_GetPCLK2Freq
 .text.HAL_RCC_GetClockConfig
                0x08002280       0x60 CMakeFiles/stm32f1.dir/Drivers/STM32F1xx_HAL_Driver/Src/stm32f1xx_hal_rcc.c.obj
                0x08002280                HAL_RCC_GetClockConfig
 .text.RCC_Delay
                0x080022e0       0x3c CMakeFiles/stm32f1.dir/Drivers/STM32F1xx_HAL_Driver/Src/stm32f1xx_hal_rcc.c.obj
 .text.HAL_GPIO_Init
                0x0800231c      0x308 CMakeFiles/stm32f1.dir/Drivers/STM32F1xx_HAL_Driver/Src/stm32f1xx_hal_gpio.c.obj
                0x0800231c                HAL_GPIO_Init
 .text.HAL_GPIO_WritePin
                0x08002624       0x30 CMakeFiles/stm32f1.dir/Drivers/STM32F1xx_HAL_Driver/Src/stm32f1xx_hal_gpio.c.obj
                0x08002624                HAL_GPIO_WritePin
 .text.__NVIC_SetPriorityGrouping
                0x08002654       0x48 CMakeFiles/stm32f1.dir/Drivers/STM32F1xx_HAL_Driver/Src/stm32f1xx_hal_cortex.c.obj
 .text.__NVIC_GetPriorityGrouping
                0x0800269c       0x1c CMakeFiles/stm32f1.dir/Drivers/STM32F1xx_HAL_Driver/Src/stm32f1xx_hal_cortex.c.obj
 .text.__NVIC_EnableIRQ
                0x080026b8       0x38 CMakeFiles/stm32f1.dir/Drivers/STM32F1xx_HAL_Driver/Src/stm32f1xx_hal_cortex.c.obj
 .text.__NVIC_SetPriority
                0x080026f0       0x54 CMakeFiles/stm32f1.dir/Drivers/STM32F1xx_HAL_Driver/Src/stm32f1xx_hal_cortex.c.obj
 .text.NVIC_EncodePriority
                0x08002744       0x64 CMakeFiles/stm32f1.dir/Drivers/STM32F1xx_HAL_Driver/Src/stm32f1xx_hal_cortex.c.obj
 .text.HAL_NVIC_SetPriorityGrouping
                0x080027a8       0x16 CMakeFiles/stm32f1.dir/Drivers/STM32F1xx_HAL_Driver/Src/stm32f1xx_hal_cortex.c.obj
                0x080027a8                HAL_NVIC_SetPriorityGrouping
 .text.HAL_NVIC_SetPriority
                0x080027be       0x38 CMakeFiles/stm32f1.dir/Drivers/STM32F1xx_HAL_Driver/Src/stm32f1xx_hal_cortex.c.obj
                0x080027be                HAL_NVIC_SetPriority
 .text.HAL_NVIC_EnableIRQ
                0x080027f6       0x1c CMakeFiles/stm32f1.dir/Drivers/STM32F1xx_HAL_Driver/Src/stm32f1xx_hal_cortex.c.obj
                0x080027f6                HAL_NVIC_EnableIRQ
 .text.SystemInit
                0x08002812        0xc CMakeFiles/stm32f1.dir/Core/Src/system_stm32f1xx.c.obj
                0x08002812                SystemInit
 *fill*         0x0800281e        0x2 
 .text.Reset_Handler
                0x08002820       0x48 CMakeFiles/stm32f1.dir/startup_stm32f103xb.s.obj
                0x08002820                Reset_Handler
 .text.Default_Handler
                0x08002868        0x2 CMakeFiles/stm32f1.dir/startup_stm32f103xb.s.obj
                0x08002868                RTC_Alarm_IRQHandler
                0x08002868                EXTI2_IRQHandler
                0x08002868                TIM1_CC_IRQHandler
                0x08002868                PVD_IRQHandler
                0x08002868                EXTI3_IRQHandler
                0x08002868                EXTI0_IRQHandler
                0x08002868                I2C2_EV_IRQHandler
                0x08002868                ADC1_2_IRQHandler
                0x08002868                SPI1_IRQHandler
                0x08002868                TAMPER_IRQHandler
                0x08002868                DMA1_Channel4_IRQHandler
                0x08002868                USART3_IRQHandler
                0x08002868                RTC_IRQHandler
                0x08002868                DMA1_Channel7_IRQHandler
                0x08002868                CAN1_RX1_IRQHandler
                0x08002868                TIM4_IRQHandler
                0x08002868                I2C1_EV_IRQHandler
                0x08002868                DMA1_Channel6_IRQHandler
                0x08002868                TIM3_IRQHandler
                0x08002868                RCC_IRQHandler
                0x08002868                TIM1_TRG_COM_IRQHandler
                0x08002868                DMA1_Channel1_IRQHandler
                0x08002868                Default_Handler
                0x08002868                EXTI15_10_IRQHandler
                0x08002868                EXTI9_5_IRQHandler
                0x08002868                SPI2_IRQHandler
                0x08002868                DMA1_Channel5_IRQHandler
                0x08002868                EXTI4_IRQHandler
                0x08002868                USB_LP_CAN1_RX0_IRQHandler
                0x08002868                USB_HP_CAN1_TX_IRQHandler
                0x08002868                DMA1_Channel3_IRQHandler
                0x08002868                WWDG_IRQHandler
                0x08002868                TIM2_IRQHandler
                0x08002868                TIM1_BRK_IRQHandler
                0x08002868                EXTI1_IRQHandler
                0x08002868                USART2_IRQHandler
                0x08002868                I2C2_ER_IRQHandler
                0x08002868                DMA1_Channel2_IRQHandler
                0x08002868                CAN1_SCE_IRQHandler
                0x08002868                FLASH_IRQHandler
                0x08002868                USART1_IRQHandler
                0x08002868                I2C1_ER_IRQHandler
                0x08002868                USBWakeUp_IRQHandler
 .text.memcpy   0x0800286a       0x1c d:/all/devemcu/gcc_arm/gccarm/bin/../lib/gcc/arm-none-eabi/10.3.1/../../../../arm-none-eabi/lib/thumb/v7-m/nofp\libg_nano.a(lib_a-memcpy-stub.o)
                0x0800286a                memcpy
 *(.glue_7)
 .glue_7        0x08002886        0x0 linker stubs
 *(.glue_7t)
 .glue_7t       0x08002886        0x0 linker stubs
 *(.eh_frame)
 *fill*         0x08002886        0x2 
 .eh_frame      0x08002888        0x0 d:/all/devemcu/gcc_arm/gccarm/bin/../lib/gcc/arm-none-eabi/10.3.1/thumb/v7-m/nofp/crtbegin.o
 *(.init)
 .init          0x08002888        0x4 d:/all/devemcu/gcc_arm/gccarm/bin/../lib/gcc/arm-none-eabi/10.3.1/thumb/v7-m/nofp/crti.o
                0x08002888                _init
 .init          0x0800288c        0x8 d:/all/devemcu/gcc_arm/gccarm/bin/../lib/gcc/arm-none-eabi/10.3.1/thumb/v7-m/nofp/crtn.o
 *(.fini)
 .fini          0x08002894        0x4 d:/all/devemcu/gcc_arm/gccarm/bin/../lib/gcc/arm-none-eabi/10.3.1/thumb/v7-m/nofp/crti.o
                0x08002894                _fini
 .fini          0x08002898        0x8 d:/all/devemcu/gcc_arm/gccarm/bin/../lib/gcc/arm-none-eabi/10.3.1/thumb/v7-m/nofp/crtn.o
                0x080028a0                . = ALIGN (0x4)
                0x080028a0                _etext = .

.vfp11_veneer   0x080028a0        0x0
 .vfp11_veneer  0x080028a0        0x0 linker stubs

.v4_bx          0x080028a0        0x0
 .v4_bx         0x080028a0        0x0 linker stubs

.iplt           0x080028a0        0x0
 .iplt          0x080028a0        0x0 d:/all/devemcu/gcc_arm/gccarm/bin/../lib/gcc/arm-none-eabi/10.3.1/thumb/v7-m/nofp/crtbegin.o

.rodata         0x080028a0       0x64
                0x080028a0                . = ALIGN (0x4)
 *(.rodata)
 .rodata        0x080028a0       0x18 CMakeFiles/stm32f1.dir/Sparrow/scheduler/schedule.c.obj
 .rodata        0x080028b8       0x20 CMakeFiles/stm32f1.dir/Sparrow/opt/list/list.c.obj
 *(.rodata*)
 .rodata.aPLLMULFactorTable.1
                0x080028d8       0x10 CMakeFiles/stm32f1.dir/Drivers/STM32F1xx_HAL_Driver/Src/stm32f1xx_hal_rcc.c.obj
 .rodata.aPredivFactorTable.0
                0x080028e8        0x2 CMakeFiles/stm32f1.dir/Drivers/STM32F1xx_HAL_Driver/Src/stm32f1xx_hal_rcc.c.obj
 *fill*         0x080028ea        0x2 
 .rodata.AHBPrescTable
                0x080028ec       0x10 CMakeFiles/stm32f1.dir/Core/Src/system_stm32f1xx.c.obj
                0x080028ec                AHBPrescTable
 .rodata.APBPrescTable
                0x080028fc        0x8 CMakeFiles/stm32f1.dir/Core/Src/system_stm32f1xx.c.obj
                0x080028fc                APBPrescTable
                0x08002904                . = ALIGN (0x4)

.rel.dyn        0x08002904        0x0
 .rel.iplt      0x08002904        0x0 d:/all/devemcu/gcc_arm/gccarm/bin/../lib/gcc/arm-none-eabi/10.3.1/thumb/v7-m/nofp/crtbegin.o

.ARM.extab
 *(.ARM.extab* .gnu.linkonce.armextab.*)

.ARM            0x08002904        0x0
                0x08002904                __exidx_start = .
 *(.ARM.exidx*)
                0x08002904                __exidx_end = .

.preinit_array  0x08002904        0x0
                0x08002904                PROVIDE (__preinit_array_start = .)
 *(.preinit_array*)
                0x08002904                PROVIDE (__preinit_array_end = .)

.init_array     0x08002904        0x4
                0x08002904                PROVIDE (__init_array_start = .)
 *(SORT_BY_NAME(.init_array.*))
 *(.init_array*)
 .init_array    0x08002904        0x4 d:/all/devemcu/gcc_arm/gccarm/bin/../lib/gcc/arm-none-eabi/10.3.1/thumb/v7-m/nofp/crtbegin.o
                0x08002908                PROVIDE (__init_array_end = .)

.fini_array     0x08002908        0x4
                [!provide]                PROVIDE (__fini_array_start = .)
 *(SORT_BY_NAME(.fini_array.*))
 *(.fini_array*)
 .fini_array    0x08002908        0x4 d:/all/devemcu/gcc_arm/gccarm/bin/../lib/gcc/arm-none-eabi/10.3.1/thumb/v7-m/nofp/crtbegin.o
                [!provide]                PROVIDE (__fini_array_end = .)
                0x0800290c                _sidata = LOADADDR (.data)

.data           0x20000000       0x1c load address 0x0800290c
                0x20000000                . = ALIGN (0x4)
                0x20000000                _sdata = .
 *(.data)
 *(.data*)
 .data.TheHeap  0x20000000       0x10 CMakeFiles/stm32f1.dir/Sparrow/memory/heap.c.obj
                0x20000000                TheHeap
 .data.uwTickPrio
                0x20000010        0x4 CMakeFiles/stm32f1.dir/Drivers/STM32F1xx_HAL_Driver/Src/stm32f1xx_hal.c.obj
                0x20000010                uwTickPrio
 .data.uwTickFreq
                0x20000014        0x1 CMakeFiles/stm32f1.dir/Drivers/STM32F1xx_HAL_Driver/Src/stm32f1xx_hal.c.obj
                0x20000014                uwTickFreq
 *fill*         0x20000015        0x3 
 .data.SystemCoreClock
                0x20000018        0x4 CMakeFiles/stm32f1.dir/Core/Src/system_stm32f1xx.c.obj
                0x20000018                SystemCoreClock
                0x2000001c                . = ALIGN (0x4)
                0x2000001c                _edata = .

.igot.plt       0x2000001c        0x0 load address 0x08002928
 .igot.plt      0x2000001c        0x0 d:/all/devemcu/gcc_arm/gccarm/bin/../lib/gcc/arm-none-eabi/10.3.1/thumb/v7-m/nofp/crtbegin.o
                0x2000001c                . = ALIGN (0x4)

.bss            0x2000001c     0x2b8c load address 0x08002928
                0x2000001c                _sbss = .
                0x2000001c                __bss_start__ = _sbss
 *(.bss)
 .bss           0x2000001c       0x1c d:/all/devemcu/gcc_arm/gccarm/bin/../lib/gcc/arm-none-eabi/10.3.1/thumb/v7-m/nofp/crtbegin.o
 *(.bss*)
 .bss.schedule_currentTCB
                0x20000038        0x4 CMakeFiles/stm32f1.dir/Sparrow/scheduler/schedule.c.obj
                0x20000038                schedule_currentTCB
 .bss.ReadyListArray
                0x2000003c      0x280 CMakeFiles/stm32f1.dir/Sparrow/scheduler/schedule.c.obj
                0x2000003c                ReadyListArray
 .bss.OneDelayList
                0x200002bc       0x14 CMakeFiles/stm32f1.dir/Sparrow/scheduler/schedule.c.obj
                0x200002bc                OneDelayList
 .bss.TwoDelayList
                0x200002d0       0x14 CMakeFiles/stm32f1.dir/Sparrow/scheduler/schedule.c.obj
                0x200002d0                TwoDelayList
 .bss.WakeTicksList
                0x200002e4        0x4 CMakeFiles/stm32f1.dir/Sparrow/scheduler/schedule.c.obj
                0x200002e4                WakeTicksList
 .bss.OverWakeTicksList
                0x200002e8        0x4 CMakeFiles/stm32f1.dir/Sparrow/scheduler/schedule.c.obj
                0x200002e8                OverWakeTicksList
 .bss.NowTickCount
                0x200002ec        0x4 CMakeFiles/stm32f1.dir/Sparrow/scheduler/schedule.c.obj
 .bss.SuspendList
                0x200002f0       0x14 CMakeFiles/stm32f1.dir/Sparrow/scheduler/schedule.c.obj
                0x200002f0                SuspendList
 .bss.BlockList
                0x20000304       0x14 CMakeFiles/stm32f1.dir/Sparrow/scheduler/schedule.c.obj
                0x20000304                BlockList
 .bss.schedule_PendSV
                0x20000318        0x1 CMakeFiles/stm32f1.dir/Sparrow/scheduler/schedule.c.obj
                0x20000318                schedule_PendSV
 *fill*         0x20000319        0x3 
 .bss.leisureTcb
                0x2000031c        0x4 CMakeFiles/stm32f1.dir/Sparrow/scheduler/schedule.c.obj
                0x2000031c                leisureTcb
 .bss.AllHeap   0x20000320     0x2800 CMakeFiles/stm32f1.dir/Sparrow/memory/heap.c.obj
 .bss.xMessage  0x20002b20       0x15 CMakeFiles/stm32f1.dir/Core/Src/main.c.obj
                0x20002b20                xMessage
 *fill*         0x20002b35        0x3 
 .bss.aMessage  0x20002b38       0x15 CMakeFiles/stm32f1.dir/Core/Src/main.c.obj
                0x20002b38                aMessage
 *fill*         0x20002b4d        0x3 
 .bss.xStructQueue
                0x20002b50        0x4 CMakeFiles/stm32f1.dir/Core/Src/main.c.obj
                0x20002b50                xStructQueue
 .bss.tcbTask1  0x20002b54        0x4 CMakeFiles/stm32f1.dir/Core/Src/main.c.obj
                0x20002b54                tcbTask1
 .bss.tcbTask2  0x20002b58        0x4 CMakeFiles/stm32f1.dir/Core/Src/main.c.obj
                0x20002b58                tcbTask2
 .bss.htim1     0x20002b5c       0x48 CMakeFiles/stm32f1.dir/Core/Src/stm32f1xx_hal_timebase_tim.c.obj
                0x20002b5c                htim1
 .bss.uwTick    0x20002ba4        0x4 CMakeFiles/stm32f1.dir/Drivers/STM32F1xx_HAL_Driver/Src/stm32f1xx_hal.c.obj
                0x20002ba4                uwTick
 *(COMMON)
                0x20002ba8                . = ALIGN (0x4)
                0x20002ba8                _ebss = .
                0x20002ba8                __bss_end__ = _ebss

._user_heap_stack
                0x20002ba8      0xa00 load address 0x08002928
                0x20002ba8                . = ALIGN (0x8)
                [!provide]                PROVIDE (end = .)
                0x20002ba8                PROVIDE (_end = .)
                0x20002fa8                . = (. + _Min_Heap_Size)
 *fill*         0x20002ba8      0x400 
                0x200035a8                . = (. + _Min_Stack_Size)
 *fill*         0x20002fa8      0x600 
                0x200035a8                . = ALIGN (0x8)

/DISCARD/
 libc.a(*)
 libm.a(*)
 libgcc.a(*)

.ARM.attributes
                0x00000000       0x29
 *(.ARM.attributes)
 .ARM.attributes
                0x00000000       0x1d d:/all/devemcu/gcc_arm/gccarm/bin/../lib/gcc/arm-none-eabi/10.3.1/thumb/v7-m/nofp/crti.o
 .ARM.attributes
                0x0000001d       0x2d d:/all/devemcu/gcc_arm/gccarm/bin/../lib/gcc/arm-none-eabi/10.3.1/thumb/v7-m/nofp/crtbegin.o
 .ARM.attributes
                0x0000004a       0x2d d:/all/devemcu/gcc_arm/gccarm/bin/../lib/gcc/arm-none-eabi/10.3.1/../../../../arm-none-eabi/lib/thumb/v7-m/nofp\libc_nano.a(lib_a-init.o)
 .ARM.attributes
                0x00000077       0x2d d:/all/devemcu/gcc_arm/gccarm/bin/../lib/gcc/arm-none-eabi/10.3.1/../../../../arm-none-eabi/lib/thumb/v7-m/nofp\libc_nano.a(lib_a-memset.o)
 .ARM.attributes
                0x000000a4       0x2d CMakeFiles/stm32f1.dir/Sparrow/scheduler/schedule.c.obj
 .ARM.attributes
                0x000000d1       0x2d CMakeFiles/stm32f1.dir/Sparrow/memory/heap.c.obj
 .ARM.attributes
                0x000000fe       0x2d CMakeFiles/stm32f1.dir/Sparrow/IPC/mequeue.c.obj
 .ARM.attributes
                0x0000012b       0x2d CMakeFiles/stm32f1.dir/Sparrow/opt/list/list.c.obj
 .ARM.attributes
                0x00000158       0x2d CMakeFiles/stm32f1.dir/Sparrow/port/port.c.obj
 .ARM.attributes
                0x00000185       0x2d CMakeFiles/stm32f1.dir/Core/Src/main.c.obj
 .ARM.attributes
                0x000001b2       0x2d CMakeFiles/stm32f1.dir/Core/Src/stm32f1xx_it.c.obj
 .ARM.attributes
                0x000001df       0x2d CMakeFiles/stm32f1.dir/Core/Src/stm32f1xx_hal_msp.c.obj
 .ARM.attributes
                0x0000020c       0x2d CMakeFiles/stm32f1.dir/Core/Src/stm32f1xx_hal_timebase_tim.c.obj
 .ARM.attributes
                0x00000239       0x2d CMakeFiles/stm32f1.dir/Drivers/STM32F1xx_HAL_Driver/Src/stm32f1xx_hal_tim.c.obj
 .ARM.attributes
                0x00000266       0x2d CMakeFiles/stm32f1.dir/Drivers/STM32F1xx_HAL_Driver/Src/stm32f1xx_hal_tim_ex.c.obj
 .ARM.attributes
                0x00000293       0x2d CMakeFiles/stm32f1.dir/Drivers/STM32F1xx_HAL_Driver/Src/stm32f1xx_hal.c.obj
 .ARM.attributes
                0x000002c0       0x2d CMakeFiles/stm32f1.dir/Drivers/STM32F1xx_HAL_Driver/Src/stm32f1xx_hal_rcc.c.obj
 .ARM.attributes
                0x000002ed       0x2d CMakeFiles/stm32f1.dir/Drivers/STM32F1xx_HAL_Driver/Src/stm32f1xx_hal_gpio.c.obj
 .ARM.attributes
                0x0000031a       0x2d CMakeFiles/stm32f1.dir/Drivers/STM32F1xx_HAL_Driver/Src/stm32f1xx_hal_cortex.c.obj
 .ARM.attributes
                0x00000347       0x2d CMakeFiles/stm32f1.dir/Core/Src/system_stm32f1xx.c.obj
 .ARM.attributes
                0x00000374       0x21 CMakeFiles/stm32f1.dir/startup_stm32f103xb.s.obj
 .ARM.attributes
                0x00000395       0x2d d:/all/devemcu/gcc_arm/gccarm/bin/../lib/gcc/arm-none-eabi/10.3.1/../../../../arm-none-eabi/lib/thumb/v7-m/nofp\libg_nano.a(lib_a-memcpy-stub.o)
 .ARM.attributes
                0x000003c2       0x1d d:/all/devemcu/gcc_arm/gccarm/bin/../lib/gcc/arm-none-eabi/10.3.1/thumb/v7-m/nofp/crtn.o
OUTPUT(stm32f1.elf elf32-littlearm)
LOAD linker stubs
LOAD d:/all/devemcu/gcc_arm/gccarm/bin/../lib/gcc/arm-none-eabi/10.3.1/../../../../arm-none-eabi/lib/thumb/v7-m/nofp\libc.a
LOAD d:/all/devemcu/gcc_arm/gccarm/bin/../lib/gcc/arm-none-eabi/10.3.1/../../../../arm-none-eabi/lib/thumb/v7-m/nofp\libm.a
LOAD d:/all/devemcu/gcc_arm/gccarm/bin/../lib/gcc/arm-none-eabi/10.3.1/thumb/v7-m/nofp\libgcc.a

.debug_frame    0x00000000     0x2fd4
 .debug_frame   0x00000000       0x2c d:/all/devemcu/gcc_arm/gccarm/bin/../lib/gcc/arm-none-eabi/10.3.1/../../../../arm-none-eabi/lib/thumb/v7-m/nofp\libc_nano.a(lib_a-init.o)
 .debug_frame   0x0000002c       0x20 d:/all/devemcu/gcc_arm/gccarm/bin/../lib/gcc/arm-none-eabi/10.3.1/../../../../arm-none-eabi/lib/thumb/v7-m/nofp\libc_nano.a(lib_a-memset.o)
 .debug_frame   0x0000004c      0x528 CMakeFiles/stm32f1.dir/Sparrow/scheduler/schedule.c.obj
 .debug_frame   0x00000574       0xa8 CMakeFiles/stm32f1.dir/Sparrow/memory/heap.c.obj
 .debug_frame   0x0000061c       0xec CMakeFiles/stm32f1.dir/Sparrow/IPC/mequeue.c.obj
 .debug_frame   0x00000708      0x260 CMakeFiles/stm32f1.dir/Sparrow/opt/list/list.c.obj
 .debug_frame   0x00000968       0xa0 CMakeFiles/stm32f1.dir/Sparrow/port/port.c.obj
 .debug_frame   0x00000a08      0x12c CMakeFiles/stm32f1.dir/Core/Src/main.c.obj
 .debug_frame   0x00000b34       0xc4 CMakeFiles/stm32f1.dir/Core/Src/stm32f1xx_it.c.obj
 .debug_frame   0x00000bf8       0x38 CMakeFiles/stm32f1.dir/Core/Src/stm32f1xx_hal_msp.c.obj
 .debug_frame   0x00000c30       0x74 CMakeFiles/stm32f1.dir/Core/Src/stm32f1xx_hal_timebase_tim.c.obj
 .debug_frame   0x00000ca4     0x11b8 CMakeFiles/stm32f1.dir/Drivers/STM32F1xx_HAL_Driver/Src/stm32f1xx_hal_tim.c.obj
 .debug_frame   0x00001e5c      0x638 CMakeFiles/stm32f1.dir/Drivers/STM32F1xx_HAL_Driver/Src/stm32f1xx_hal_tim_ex.c.obj
 .debug_frame   0x00002494      0x334 CMakeFiles/stm32f1.dir/Drivers/STM32F1xx_HAL_Driver/Src/stm32f1xx_hal.c.obj
 .debug_frame   0x000027c8      0x218 CMakeFiles/stm32f1.dir/Drivers/STM32F1xx_HAL_Driver/Src/stm32f1xx_hal_rcc.c.obj
 .debug_frame   0x000029e0      0x14c CMakeFiles/stm32f1.dir/Drivers/STM32F1xx_HAL_Driver/Src/stm32f1xx_hal_gpio.c.obj
 .debug_frame   0x00002b2c      0x428 CMakeFiles/stm32f1.dir/Drivers/STM32F1xx_HAL_Driver/Src/stm32f1xx_hal_cortex.c.obj
 .debug_frame   0x00002f54       0x58 CMakeFiles/stm32f1.dir/Core/Src/system_stm32f1xx.c.obj
 .debug_frame   0x00002fac       0x28 d:/all/devemcu/gcc_arm/gccarm/bin/../lib/gcc/arm-none-eabi/10.3.1/../../../../arm-none-eabi/lib/thumb/v7-m/nofp\libg_nano.a(lib_a-memcpy-stub.o)

.debug_info     0x00000000     0x9959
 .debug_info    0x00000000      0xc3d CMakeFiles/stm32f1.dir/Sparrow/scheduler/schedule.c.obj
 .debug_info    0x00000c3d      0x2bf CMakeFiles/stm32f1.dir/Sparrow/memory/heap.c.obj
 .debug_info    0x00000efc      0x49e CMakeFiles/stm32f1.dir/Sparrow/IPC/mequeue.c.obj
 .debug_info    0x0000139a      0x515 CMakeFiles/stm32f1.dir/Sparrow/opt/list/list.c.obj
 .debug_info    0x000018af      0x124 CMakeFiles/stm32f1.dir/Sparrow/port/port.c.obj
 .debug_info    0x000019d3      0xb26 CMakeFiles/stm32f1.dir/Core/Src/main.c.obj
 .debug_info    0x000024f9      0x697 CMakeFiles/stm32f1.dir/Core/Src/stm32f1xx_it.c.obj
 .debug_info    0x00002b90      0x210 CMakeFiles/stm32f1.dir/Core/Src/stm32f1xx_hal_msp.c.obj
 .debug_info    0x00002da0      0x94d CMakeFiles/stm32f1.dir/Core/Src/stm32f1xx_hal_timebase_tim.c.obj
 .debug_info    0x000036ed     0x2b46 CMakeFiles/stm32f1.dir/Drivers/STM32F1xx_HAL_Driver/Src/stm32f1xx_hal_tim.c.obj
 .debug_info    0x00006233     0x1493 CMakeFiles/stm32f1.dir/Drivers/STM32F1xx_HAL_Driver/Src/stm32f1xx_hal_tim_ex.c.obj
 .debug_info    0x000076c6      0x6e1 CMakeFiles/stm32f1.dir/Drivers/STM32F1xx_HAL_Driver/Src/stm32f1xx_hal.c.obj
 .debug_info    0x00007da7      0x81e CMakeFiles/stm32f1.dir/Drivers/STM32F1xx_HAL_Driver/Src/stm32f1xx_hal_rcc.c.obj
 .debug_info    0x000085c5      0x615 CMakeFiles/stm32f1.dir/Drivers/STM32F1xx_HAL_Driver/Src/stm32f1xx_hal_gpio.c.obj
 .debug_info    0x00008bda      0xb20 CMakeFiles/stm32f1.dir/Drivers/STM32F1xx_HAL_Driver/Src/stm32f1xx_hal_cortex.c.obj
 .debug_info    0x000096fa      0x23d CMakeFiles/stm32f1.dir/Core/Src/system_stm32f1xx.c.obj
 .debug_info    0x00009937       0x22 CMakeFiles/stm32f1.dir/startup_stm32f103xb.s.obj

.debug_abbrev   0x00000000     0x1c7c
 .debug_abbrev  0x00000000      0x352 CMakeFiles/stm32f1.dir/Sparrow/scheduler/schedule.c.obj
 .debug_abbrev  0x00000352      0x12a CMakeFiles/stm32f1.dir/Sparrow/memory/heap.c.obj
 .debug_abbrev  0x0000047c      0x134 CMakeFiles/stm32f1.dir/Sparrow/IPC/mequeue.c.obj
 .debug_abbrev  0x000005b0      0x144 CMakeFiles/stm32f1.dir/Sparrow/opt/list/list.c.obj
 .debug_abbrev  0x000006f4       0xb2 CMakeFiles/stm32f1.dir/Sparrow/port/port.c.obj
 .debug_abbrev  0x000007a6      0x26c CMakeFiles/stm32f1.dir/Core/Src/main.c.obj
 .debug_abbrev  0x00000a12      0x15c CMakeFiles/stm32f1.dir/Core/Src/stm32f1xx_it.c.obj
 .debug_abbrev  0x00000b6e       0xd4 CMakeFiles/stm32f1.dir/Core/Src/stm32f1xx_hal_msp.c.obj
 .debug_abbrev  0x00000c42      0x1a5 CMakeFiles/stm32f1.dir/Core/Src/stm32f1xx_hal_timebase_tim.c.obj
 .debug_abbrev  0x00000de7      0x238 CMakeFiles/stm32f1.dir/Drivers/STM32F1xx_HAL_Driver/Src/stm32f1xx_hal_tim.c.obj
 .debug_abbrev  0x0000101f      0x240 CMakeFiles/stm32f1.dir/Drivers/STM32F1xx_HAL_Driver/Src/stm32f1xx_hal_tim_ex.c.obj
 .debug_abbrev  0x0000125f      0x1c8 CMakeFiles/stm32f1.dir/Drivers/STM32F1xx_HAL_Driver/Src/stm32f1xx_hal.c.obj
 .debug_abbrev  0x00001427      0x260 CMakeFiles/stm32f1.dir/Drivers/STM32F1xx_HAL_Driver/Src/stm32f1xx_hal_rcc.c.obj
 .debug_abbrev  0x00001687      0x1bb CMakeFiles/stm32f1.dir/Drivers/STM32F1xx_HAL_Driver/Src/stm32f1xx_hal_gpio.c.obj
 .debug_abbrev  0x00001842      0x2ed CMakeFiles/stm32f1.dir/Drivers/STM32F1xx_HAL_Driver/Src/stm32f1xx_hal_cortex.c.obj
 .debug_abbrev  0x00001b2f      0x13b CMakeFiles/stm32f1.dir/Core/Src/system_stm32f1xx.c.obj
 .debug_abbrev  0x00001c6a       0x12 CMakeFiles/stm32f1.dir/startup_stm32f103xb.s.obj

.debug_aranges  0x00000000      0xbe0
 .debug_aranges
                0x00000000      0x140 CMakeFiles/stm32f1.dir/Sparrow/scheduler/schedule.c.obj
 .debug_aranges
                0x00000140       0x38 CMakeFiles/stm32f1.dir/Sparrow/memory/heap.c.obj
 .debug_aranges
                0x00000178       0x48 CMakeFiles/stm32f1.dir/Sparrow/IPC/mequeue.c.obj
 .debug_aranges
                0x000001c0       0x90 CMakeFiles/stm32f1.dir/Sparrow/opt/list/list.c.obj
 .debug_aranges
                0x00000250       0x40 CMakeFiles/stm32f1.dir/Sparrow/port/port.c.obj
 .debug_aranges
                0x00000290       0x60 CMakeFiles/stm32f1.dir/Core/Src/main.c.obj
 .debug_aranges
                0x000002f0       0x50 CMakeFiles/stm32f1.dir/Core/Src/stm32f1xx_it.c.obj
 .debug_aranges
                0x00000340       0x20 CMakeFiles/stm32f1.dir/Core/Src/stm32f1xx_hal_msp.c.obj
 .debug_aranges
                0x00000360       0x30 CMakeFiles/stm32f1.dir/Core/Src/stm32f1xx_hal_timebase_tim.c.obj
 .debug_aranges
                0x00000390      0x3d0 CMakeFiles/stm32f1.dir/Drivers/STM32F1xx_HAL_Driver/Src/stm32f1xx_hal_tim.c.obj
 .debug_aranges
                0x00000760      0x168 CMakeFiles/stm32f1.dir/Drivers/STM32F1xx_HAL_Driver/Src/stm32f1xx_hal_tim_ex.c.obj
 .debug_aranges
                0x000008c8       0xe0 CMakeFiles/stm32f1.dir/Drivers/STM32F1xx_HAL_Driver/Src/stm32f1xx_hal.c.obj
 .debug_aranges
                0x000009a8       0x90 CMakeFiles/stm32f1.dir/Drivers/STM32F1xx_HAL_Driver/Src/stm32f1xx_hal_rcc.c.obj
 .debug_aranges
                0x00000a38       0x58 CMakeFiles/stm32f1.dir/Drivers/STM32F1xx_HAL_Driver/Src/stm32f1xx_hal_gpio.c.obj
 .debug_aranges
                0x00000a90      0x100 CMakeFiles/stm32f1.dir/Drivers/STM32F1xx_HAL_Driver/Src/stm32f1xx_hal_cortex.c.obj
 .debug_aranges
                0x00000b90       0x28 CMakeFiles/stm32f1.dir/Core/Src/system_stm32f1xx.c.obj
 .debug_aranges
                0x00000bb8       0x28 CMakeFiles/stm32f1.dir/startup_stm32f103xb.s.obj

.debug_ranges   0x00000000      0xaf0
 .debug_ranges  0x00000000      0x148 CMakeFiles/stm32f1.dir/Sparrow/scheduler/schedule.c.obj
 .debug_ranges  0x00000148       0x28 CMakeFiles/stm32f1.dir/Sparrow/memory/heap.c.obj
 .debug_ranges  0x00000170       0x38 CMakeFiles/stm32f1.dir/Sparrow/IPC/mequeue.c.obj
 .debug_ranges  0x000001a8       0x80 CMakeFiles/stm32f1.dir/Sparrow/opt/list/list.c.obj
 .debug_ranges  0x00000228       0x30 CMakeFiles/stm32f1.dir/Sparrow/port/port.c.obj
 .debug_ranges  0x00000258       0x50 CMakeFiles/stm32f1.dir/Core/Src/main.c.obj
 .debug_ranges  0x000002a8       0x40 CMakeFiles/stm32f1.dir/Core/Src/stm32f1xx_it.c.obj
 .debug_ranges  0x000002e8       0x10 CMakeFiles/stm32f1.dir/Core/Src/stm32f1xx_hal_msp.c.obj
 .debug_ranges  0x000002f8       0x20 CMakeFiles/stm32f1.dir/Core/Src/stm32f1xx_hal_timebase_tim.c.obj
 .debug_ranges  0x00000318      0x3c0 CMakeFiles/stm32f1.dir/Drivers/STM32F1xx_HAL_Driver/Src/stm32f1xx_hal_tim.c.obj
 .debug_ranges  0x000006d8      0x158 CMakeFiles/stm32f1.dir/Drivers/STM32F1xx_HAL_Driver/Src/stm32f1xx_hal_tim_ex.c.obj
 .debug_ranges  0x00000830       0xd0 CMakeFiles/stm32f1.dir/Drivers/STM32F1xx_HAL_Driver/Src/stm32f1xx_hal.c.obj
 .debug_ranges  0x00000900       0x80 CMakeFiles/stm32f1.dir/Drivers/STM32F1xx_HAL_Driver/Src/stm32f1xx_hal_rcc.c.obj
 .debug_ranges  0x00000980       0x48 CMakeFiles/stm32f1.dir/Drivers/STM32F1xx_HAL_Driver/Src/stm32f1xx_hal_gpio.c.obj
 .debug_ranges  0x000009c8       0xf0 CMakeFiles/stm32f1.dir/Drivers/STM32F1xx_HAL_Driver/Src/stm32f1xx_hal_cortex.c.obj
 .debug_ranges  0x00000ab8       0x18 CMakeFiles/stm32f1.dir/Core/Src/system_stm32f1xx.c.obj
 .debug_ranges  0x00000ad0       0x20 CMakeFiles/stm32f1.dir/startup_stm32f103xb.s.obj

.debug_macro    0x00000000    0x17480
 .debug_macro   0x00000000       0xad CMakeFiles/stm32f1.dir/Sparrow/scheduler/schedule.c.obj
 .debug_macro   0x000000ad      0xa6c CMakeFiles/stm32f1.dir/Sparrow/scheduler/schedule.c.obj
 .debug_macro   0x00000b19      0x174 CMakeFiles/stm32f1.dir/Sparrow/scheduler/schedule.c.obj
 .debug_macro   0x00000c8d       0x22 CMakeFiles/stm32f1.dir/Sparrow/scheduler/schedule.c.obj
 .debug_macro   0x00000caf       0x8e CMakeFiles/stm32f1.dir/Sparrow/scheduler/schedule.c.obj
 .debug_macro   0x00000d3d       0x51 CMakeFiles/stm32f1.dir/Sparrow/scheduler/schedule.c.obj
 .debug_macro   0x00000d8e      0x103 CMakeFiles/stm32f1.dir/Sparrow/scheduler/schedule.c.obj
 .debug_macro   0x00000e91       0x6a CMakeFiles/stm32f1.dir/Sparrow/scheduler/schedule.c.obj
 .debug_macro   0x00000efb      0x1df CMakeFiles/stm32f1.dir/Sparrow/scheduler/schedule.c.obj
 .debug_macro   0x000010da       0x16 CMakeFiles/stm32f1.dir/Sparrow/scheduler/schedule.c.obj
 .debug_macro   0x000010f0       0x5e CMakeFiles/stm32f1.dir/Sparrow/scheduler/schedule.c.obj
 .debug_macro   0x0000114e       0x9e CMakeFiles/stm32f1.dir/Sparrow/memory/heap.c.obj
 .debug_macro   0x000011ec      0x166 CMakeFiles/stm32f1.dir/Sparrow/IPC/mequeue.c.obj
 .debug_macro   0x00001352       0x5e CMakeFiles/stm32f1.dir/Sparrow/IPC/mequeue.c.obj
 .debug_macro   0x000013b0       0x18 CMakeFiles/stm32f1.dir/Sparrow/IPC/mequeue.c.obj
 .debug_macro   0x000013c8       0x94 CMakeFiles/stm32f1.dir/Sparrow/IPC/mequeue.c.obj
 .debug_macro   0x0000145c       0x35 CMakeFiles/stm32f1.dir/Sparrow/IPC/mequeue.c.obj
 .debug_macro   0x00001491       0x34 CMakeFiles/stm32f1.dir/Sparrow/IPC/mequeue.c.obj
 .debug_macro   0x000014c5       0x16 CMakeFiles/stm32f1.dir/Sparrow/IPC/mequeue.c.obj
 .debug_macro   0x000014db       0x43 CMakeFiles/stm32f1.dir/Sparrow/IPC/mequeue.c.obj
 .debug_macro   0x0000151e       0x57 CMakeFiles/stm32f1.dir/Sparrow/IPC/mequeue.c.obj
 .debug_macro   0x00001575       0x34 CMakeFiles/stm32f1.dir/Sparrow/IPC/mequeue.c.obj
 .debug_macro   0x000015a9       0x10 CMakeFiles/stm32f1.dir/Sparrow/IPC/mequeue.c.obj
 .debug_macro   0x000015b9       0x58 CMakeFiles/stm32f1.dir/Sparrow/IPC/mequeue.c.obj
 .debug_macro   0x00001611      0x182 CMakeFiles/stm32f1.dir/Sparrow/IPC/mequeue.c.obj
 .debug_macro   0x00001793      0x341 CMakeFiles/stm32f1.dir/Sparrow/IPC/mequeue.c.obj
 .debug_macro   0x00001ad4       0x10 CMakeFiles/stm32f1.dir/Sparrow/IPC/mequeue.c.obj
 .debug_macro   0x00001ae4       0x35 CMakeFiles/stm32f1.dir/Sparrow/IPC/mequeue.c.obj
 .debug_macro   0x00001b19       0x7f CMakeFiles/stm32f1.dir/Sparrow/opt/list/list.c.obj
 .debug_macro   0x00001b98       0x98 CMakeFiles/stm32f1.dir/Sparrow/port/port.c.obj
 .debug_macro   0x00001c30      0x287 CMakeFiles/stm32f1.dir/Core/Src/main.c.obj
 .debug_macro   0x00001eb7      0x215 CMakeFiles/stm32f1.dir/Core/Src/main.c.obj
 .debug_macro   0x000020cc       0x2e CMakeFiles/stm32f1.dir/Core/Src/main.c.obj
 .debug_macro   0x000020fa       0x22 CMakeFiles/stm32f1.dir/Core/Src/main.c.obj
 .debug_macro   0x0000211c       0x1c CMakeFiles/stm32f1.dir/Core/Src/main.c.obj
 .debug_macro   0x00002138       0x22 CMakeFiles/stm32f1.dir/Core/Src/main.c.obj
 .debug_macro   0x0000215a       0xbd CMakeFiles/stm32f1.dir/Core/Src/main.c.obj
 .debug_macro   0x00002217      0xd23 CMakeFiles/stm32f1.dir/Core/Src/main.c.obj
 .debug_macro   0x00002f3a     0xe09e CMakeFiles/stm32f1.dir/Core/Src/main.c.obj
 .debug_macro   0x00010fd8       0x6d CMakeFiles/stm32f1.dir/Core/Src/main.c.obj
 .debug_macro   0x00011045     0x34a2 CMakeFiles/stm32f1.dir/Core/Src/main.c.obj
 .debug_macro   0x000144e7       0x56 CMakeFiles/stm32f1.dir/Core/Src/main.c.obj
 .debug_macro   0x0001453d      0x5bc CMakeFiles/stm32f1.dir/Core/Src/main.c.obj
 .debug_macro   0x00014af9      0x289 CMakeFiles/stm32f1.dir/Core/Src/main.c.obj
 .debug_macro   0x00014d82      0x1cb CMakeFiles/stm32f1.dir/Core/Src/main.c.obj
 .debug_macro   0x00014f4d      0x114 CMakeFiles/stm32f1.dir/Core/Src/main.c.obj
 .debug_macro   0x00015061      0x1b2 CMakeFiles/stm32f1.dir/Core/Src/main.c.obj
 .debug_macro   0x00015213       0x27 CMakeFiles/stm32f1.dir/Core/Src/main.c.obj
 .debug_macro   0x0001523a      0x136 CMakeFiles/stm32f1.dir/Core/Src/main.c.obj
 .debug_macro   0x00015370      0x1bc CMakeFiles/stm32f1.dir/Core/Src/main.c.obj
 .debug_macro   0x0001552c       0x34 CMakeFiles/stm32f1.dir/Core/Src/main.c.obj
 .debug_macro   0x00015560       0x3c CMakeFiles/stm32f1.dir/Core/Src/main.c.obj
 .debug_macro   0x0001559c       0x57 CMakeFiles/stm32f1.dir/Core/Src/main.c.obj
 .debug_macro   0x000155f3       0x87 CMakeFiles/stm32f1.dir/Core/Src/main.c.obj
 .debug_macro   0x0001567a      0x240 CMakeFiles/stm32f1.dir/Core/Src/main.c.obj
 .debug_macro   0x000158ba      0x140 CMakeFiles/stm32f1.dir/Core/Src/main.c.obj
 .debug_macro   0x000159fa      0x8ed CMakeFiles/stm32f1.dir/Core/Src/main.c.obj
 .debug_macro   0x000162e7       0x83 CMakeFiles/stm32f1.dir/Core/Src/main.c.obj
 .debug_macro   0x0001636a      0x1ad CMakeFiles/stm32f1.dir/Core/Src/stm32f1xx_it.c.obj
 .debug_macro   0x00016517       0x5c CMakeFiles/stm32f1.dir/Core/Src/stm32f1xx_it.c.obj
 .debug_macro   0x00016573      0x1a3 CMakeFiles/stm32f1.dir/Core/Src/stm32f1xx_hal_msp.c.obj
 .debug_macro   0x00016716      0x199 CMakeFiles/stm32f1.dir/Core/Src/stm32f1xx_hal_timebase_tim.c.obj
 .debug_macro   0x000168af      0x19a CMakeFiles/stm32f1.dir/Drivers/STM32F1xx_HAL_Driver/Src/stm32f1xx_hal_tim.c.obj
 .debug_macro   0x00016a49      0x199 CMakeFiles/stm32f1.dir/Drivers/STM32F1xx_HAL_Driver/Src/stm32f1xx_hal_tim_ex.c.obj
 .debug_macro   0x00016be2      0x1bd CMakeFiles/stm32f1.dir/Drivers/STM32F1xx_HAL_Driver/Src/stm32f1xx_hal.c.obj
 .debug_macro   0x00016d9f      0x1ab CMakeFiles/stm32f1.dir/Drivers/STM32F1xx_HAL_Driver/Src/stm32f1xx_hal_rcc.c.obj
 .debug_macro   0x00016f4a      0x204 CMakeFiles/stm32f1.dir/Drivers/STM32F1xx_HAL_Driver/Src/stm32f1xx_hal_gpio.c.obj
 .debug_macro   0x0001714e      0x199 CMakeFiles/stm32f1.dir/Drivers/STM32F1xx_HAL_Driver/Src/stm32f1xx_hal_cortex.c.obj
 .debug_macro   0x000172e7      0x199 CMakeFiles/stm32f1.dir/Core/Src/system_stm32f1xx.c.obj

.debug_line     0x00000000     0xaa96
 .debug_line    0x00000000      0x7a7 CMakeFiles/stm32f1.dir/Sparrow/scheduler/schedule.c.obj
 .debug_line    0x000007a7      0x40a CMakeFiles/stm32f1.dir/Sparrow/memory/heap.c.obj
 .debug_line    0x00000bb1      0x56a CMakeFiles/stm32f1.dir/Sparrow/IPC/mequeue.c.obj
 .debug_line    0x0000111b      0x515 CMakeFiles/stm32f1.dir/Sparrow/opt/list/list.c.obj
 .debug_line    0x00001630      0x2ef CMakeFiles/stm32f1.dir/Sparrow/port/port.c.obj
 .debug_line    0x0000191f      0x836 CMakeFiles/stm32f1.dir/Core/Src/main.c.obj
 .debug_line    0x00002155      0x612 CMakeFiles/stm32f1.dir/Core/Src/stm32f1xx_it.c.obj
 .debug_line    0x00002767      0x577 CMakeFiles/stm32f1.dir/Core/Src/stm32f1xx_hal_msp.c.obj
 .debug_line    0x00002cde      0x5e4 CMakeFiles/stm32f1.dir/Core/Src/stm32f1xx_hal_timebase_tim.c.obj
 .debug_line    0x000032c2     0x32c7 CMakeFiles/stm32f1.dir/Drivers/STM32F1xx_HAL_Driver/Src/stm32f1xx_hal_tim.c.obj
 .debug_line    0x00006589     0x1767 CMakeFiles/stm32f1.dir/Drivers/STM32F1xx_HAL_Driver/Src/stm32f1xx_hal_tim_ex.c.obj
 .debug_line    0x00007cf0      0x821 CMakeFiles/stm32f1.dir/Drivers/STM32F1xx_HAL_Driver/Src/stm32f1xx_hal.c.obj
 .debug_line    0x00008511      0xc2d CMakeFiles/stm32f1.dir/Drivers/STM32F1xx_HAL_Driver/Src/stm32f1xx_hal_rcc.c.obj
 .debug_line    0x0000913e      0x8ba CMakeFiles/stm32f1.dir/Drivers/STM32F1xx_HAL_Driver/Src/stm32f1xx_hal_gpio.c.obj
 .debug_line    0x000099f8      0xa09 CMakeFiles/stm32f1.dir/Drivers/STM32F1xx_HAL_Driver/Src/stm32f1xx_hal_cortex.c.obj
 .debug_line    0x0000a401      0x5f4 CMakeFiles/stm32f1.dir/Core/Src/system_stm32f1xx.c.obj
 .debug_line    0x0000a9f5       0xa1 CMakeFiles/stm32f1.dir/startup_stm32f103xb.s.obj

.debug_str      0x00000000    0x8751b
 .debug_str     0x00000000     0x4376 CMakeFiles/stm32f1.dir/Sparrow/scheduler/schedule.c.obj
                               0x45bb (size before relaxing)
 .debug_str     0x00004376      0x169 CMakeFiles/stm32f1.dir/Sparrow/memory/heap.c.obj
                               0x420e (size before relaxing)
 .debug_str     0x000044df     0x29a7 CMakeFiles/stm32f1.dir/Sparrow/IPC/mequeue.c.obj
                               0x6ac3 (size before relaxing)
 .debug_str     0x00006e86       0xeb CMakeFiles/stm32f1.dir/Sparrow/opt/list/list.c.obj
                               0x40bf (size before relaxing)
 .debug_str     0x00006f71       0x88 CMakeFiles/stm32f1.dir/Sparrow/port/port.c.obj
                               0x410a (size before relaxing)
 .debug_str     0x00006ff9    0x7df93 CMakeFiles/stm32f1.dir/Core/Src/main.c.obj
                              0x84a4d (size before relaxing)
 .debug_str     0x00084f8c       0xc2 CMakeFiles/stm32f1.dir/Core/Src/stm32f1xx_it.c.obj
                              0x81e30 (size before relaxing)
 .debug_str     0x0008504e       0x84 CMakeFiles/stm32f1.dir/Core/Src/stm32f1xx_hal_msp.c.obj
                              0x81971 (size before relaxing)
 .debug_str     0x000850d2      0x33d CMakeFiles/stm32f1.dir/Core/Src/stm32f1xx_hal_timebase_tim.c.obj
                              0x821ce (size before relaxing)
 .debug_str     0x0008540f      0xe7d CMakeFiles/stm32f1.dir/Drivers/STM32F1xx_HAL_Driver/Src/stm32f1xx_hal_tim.c.obj
                              0x82d44 (size before relaxing)
 .debug_str     0x0008628c      0x562 CMakeFiles/stm32f1.dir/Drivers/STM32F1xx_HAL_Driver/Src/stm32f1xx_hal_tim_ex.c.obj
                              0x824e5 (size before relaxing)
 .debug_str     0x000867ee      0x35e CMakeFiles/stm32f1.dir/Drivers/STM32F1xx_HAL_Driver/Src/stm32f1xx_hal.c.obj
                              0x82080 (size before relaxing)
 .debug_str     0x00086b4c      0x28b CMakeFiles/stm32f1.dir/Drivers/STM32F1xx_HAL_Driver/Src/stm32f1xx_hal_rcc.c.obj
                              0x81da4 (size before relaxing)
 .debug_str     0x00086dd7      0x349 CMakeFiles/stm32f1.dir/Drivers/STM32F1xx_HAL_Driver/Src/stm32f1xx_hal_gpio.c.obj
                              0x81d22 (size before relaxing)
 .debug_str     0x00087120      0x32e CMakeFiles/stm32f1.dir/Drivers/STM32F1xx_HAL_Driver/Src/stm32f1xx_hal_cortex.c.obj
                              0x8201b (size before relaxing)
 .debug_str     0x0008744e       0x7c CMakeFiles/stm32f1.dir/Core/Src/system_stm32f1xx.c.obj
                              0x8199c (size before relaxing)
 .debug_str     0x000874ca       0x51 CMakeFiles/stm32f1.dir/startup_stm32f103xb.s.obj
                                 0x90 (size before relaxing)

.comment        0x00000000       0x49
 .comment       0x00000000       0x49 CMakeFiles/stm32f1.dir/Sparrow/scheduler/schedule.c.obj
                                 0x4a (size before relaxing)
 .comment       0x00000049       0x4a CMakeFiles/stm32f1.dir/Sparrow/memory/heap.c.obj
 .comment       0x00000049       0x4a CMakeFiles/stm32f1.dir/Sparrow/IPC/mequeue.c.obj
 .comment       0x00000049       0x4a CMakeFiles/stm32f1.dir/Sparrow/opt/list/list.c.obj
 .comment       0x00000049       0x4a CMakeFiles/stm32f1.dir/Sparrow/port/port.c.obj
 .comment       0x00000049       0x4a CMakeFiles/stm32f1.dir/Core/Src/main.c.obj
 .comment       0x00000049       0x4a CMakeFiles/stm32f1.dir/Core/Src/stm32f1xx_it.c.obj
 .comment       0x00000049       0x4a CMakeFiles/stm32f1.dir/Core/Src/stm32f1xx_hal_msp.c.obj
 .comment       0x00000049       0x4a CMakeFiles/stm32f1.dir/Core/Src/stm32f1xx_hal_timebase_tim.c.obj
 .comment       0x00000049       0x4a CMakeFiles/stm32f1.dir/Drivers/STM32F1xx_HAL_Driver/Src/stm32f1xx_hal_tim.c.obj
 .comment       0x00000049       0x4a CMakeFiles/stm32f1.dir/Drivers/STM32F1xx_HAL_Driver/Src/stm32f1xx_hal_tim_ex.c.obj
 .comment       0x00000049       0x4a CMakeFiles/stm32f1.dir/Drivers/STM32F1xx_HAL_Driver/Src/stm32f1xx_hal.c.obj
 .comment       0x00000049       0x4a CMakeFiles/stm32f1.dir/Drivers/STM32F1xx_HAL_Driver/Src/stm32f1xx_hal_rcc.c.obj
 .comment       0x00000049       0x4a CMakeFiles/stm32f1.dir/Drivers/STM32F1xx_HAL_Driver/Src/stm32f1xx_hal_gpio.c.obj
 .comment       0x00000049       0x4a CMakeFiles/stm32f1.dir/Drivers/STM32F1xx_HAL_Driver/Src/stm32f1xx_hal_cortex.c.obj
 .comment       0x00000049       0x4a CMakeFiles/stm32f1.dir/Core/Src/system_stm32f1xx.c.obj
