Archive member included to satisfy reference by file (symbol)

d:/all/devemcu/gcc_arm/gccarm/bin/../lib/gcc/arm-none-eabi/10.3.1/../../../../arm-none-eabi/lib/thumb/v7-m/nofp\libc_nano.a(lib_a-exit.o)
                              d:/all/devemcu/gcc_arm/gccarm/bin/../lib/gcc/arm-none-eabi/10.3.1/../../../../arm-none-eabi/lib/thumb/v7-m/nofp/crt0.o (exit)
d:/all/devemcu/gcc_arm/gccarm/bin/../lib/gcc/arm-none-eabi/10.3.1/../../../../arm-none-eabi/lib/thumb/v7-m/nofp\libc_nano.a(lib_a-impure.o)
                              d:/all/devemcu/gcc_arm/gccarm/bin/../lib/gcc/arm-none-eabi/10.3.1/../../../../arm-none-eabi/lib/thumb/v7-m/nofp\libc_nano.a(lib_a-exit.o) (_global_impure_ptr)
d:/all/devemcu/gcc_arm/gccarm/bin/../lib/gcc/arm-none-eabi/10.3.1/../../../../arm-none-eabi/lib/thumb/v7-m/nofp\libc_nano.a(lib_a-init.o)
                              d:/all/devemcu/gcc_arm/gccarm/bin/../lib/gcc/arm-none-eabi/10.3.1/../../../../arm-none-eabi/lib/thumb/v7-m/nofp/crt0.o (__libc_init_array)
d:/all/devemcu/gcc_arm/gccarm/bin/../lib/gcc/arm-none-eabi/10.3.1/../../../../arm-none-eabi/lib/thumb/v7-m/nofp\libc_nano.a(lib_a-memset.o)
                              d:/all/devemcu/gcc_arm/gccarm/bin/../lib/gcc/arm-none-eabi/10.3.1/../../../../arm-none-eabi/lib/thumb/v7-m/nofp/crt0.o (memset)
d:/all/devemcu/gcc_arm/gccarm/bin/../lib/gcc/arm-none-eabi/10.3.1/../../../../arm-none-eabi/lib/thumb/v7-m/nofp\libg_nano.a(lib_a-errno.o)
                              CMakeFiles/stm32f1.dir/Core/Src/sysmem.c.obj (__errno)

Discarded input sections

 .text          0x00000000        0x0 d:/all/devemcu/gcc_arm/gccarm/bin/../lib/gcc/arm-none-eabi/10.3.1/thumb/v7-m/nofp/crti.o
 .data          0x00000000        0x0 d:/all/devemcu/gcc_arm/gccarm/bin/../lib/gcc/arm-none-eabi/10.3.1/thumb/v7-m/nofp/crti.o
 .bss           0x00000000        0x0 d:/all/devemcu/gcc_arm/gccarm/bin/../lib/gcc/arm-none-eabi/10.3.1/thumb/v7-m/nofp/crti.o
 .data          0x00000000        0x4 d:/all/devemcu/gcc_arm/gccarm/bin/../lib/gcc/arm-none-eabi/10.3.1/thumb/v7-m/nofp/crtbegin.o
 .rodata        0x00000000       0x24 d:/all/devemcu/gcc_arm/gccarm/bin/../lib/gcc/arm-none-eabi/10.3.1/thumb/v7-m/nofp/crtbegin.o
 .text          0x00000000       0x7c d:/all/devemcu/gcc_arm/gccarm/bin/../lib/gcc/arm-none-eabi/10.3.1/../../../../arm-none-eabi/lib/thumb/v7-m/nofp/crt0.o
 .data          0x00000000        0x0 d:/all/devemcu/gcc_arm/gccarm/bin/../lib/gcc/arm-none-eabi/10.3.1/../../../../arm-none-eabi/lib/thumb/v7-m/nofp/crt0.o
 .bss           0x00000000        0x0 d:/all/devemcu/gcc_arm/gccarm/bin/../lib/gcc/arm-none-eabi/10.3.1/../../../../arm-none-eabi/lib/thumb/v7-m/nofp/crt0.o
 .ARM.extab     0x00000000        0x0 d:/all/devemcu/gcc_arm/gccarm/bin/../lib/gcc/arm-none-eabi/10.3.1/../../../../arm-none-eabi/lib/thumb/v7-m/nofp/crt0.o
 .ARM.exidx     0x00000000       0x10 d:/all/devemcu/gcc_arm/gccarm/bin/../lib/gcc/arm-none-eabi/10.3.1/../../../../arm-none-eabi/lib/thumb/v7-m/nofp/crt0.o
 .ARM.attributes
                0x00000000       0x1b d:/all/devemcu/gcc_arm/gccarm/bin/../lib/gcc/arm-none-eabi/10.3.1/../../../../arm-none-eabi/lib/thumb/v7-m/nofp/crt0.o
 .text          0x00000000        0x0 d:/all/devemcu/gcc_arm/gccarm/bin/../lib/gcc/arm-none-eabi/10.3.1/../../../../arm-none-eabi/lib/thumb/v7-m/nofp\libc_nano.a(lib_a-exit.o)
 .data          0x00000000        0x0 d:/all/devemcu/gcc_arm/gccarm/bin/../lib/gcc/arm-none-eabi/10.3.1/../../../../arm-none-eabi/lib/thumb/v7-m/nofp\libc_nano.a(lib_a-exit.o)
 .bss           0x00000000        0x0 d:/all/devemcu/gcc_arm/gccarm/bin/../lib/gcc/arm-none-eabi/10.3.1/../../../../arm-none-eabi/lib/thumb/v7-m/nofp\libc_nano.a(lib_a-exit.o)
 .text.exit     0x00000000       0x28 d:/all/devemcu/gcc_arm/gccarm/bin/../lib/gcc/arm-none-eabi/10.3.1/../../../../arm-none-eabi/lib/thumb/v7-m/nofp\libc_nano.a(lib_a-exit.o)
 .debug_frame   0x00000000       0x28 d:/all/devemcu/gcc_arm/gccarm/bin/../lib/gcc/arm-none-eabi/10.3.1/../../../../arm-none-eabi/lib/thumb/v7-m/nofp\libc_nano.a(lib_a-exit.o)
 .ARM.attributes
                0x00000000       0x2d d:/all/devemcu/gcc_arm/gccarm/bin/../lib/gcc/arm-none-eabi/10.3.1/../../../../arm-none-eabi/lib/thumb/v7-m/nofp\libc_nano.a(lib_a-exit.o)
 .text          0x00000000        0x0 d:/all/devemcu/gcc_arm/gccarm/bin/../lib/gcc/arm-none-eabi/10.3.1/../../../../arm-none-eabi/lib/thumb/v7-m/nofp\libc_nano.a(lib_a-impure.o)
 .data          0x00000000        0x0 d:/all/devemcu/gcc_arm/gccarm/bin/../lib/gcc/arm-none-eabi/10.3.1/../../../../arm-none-eabi/lib/thumb/v7-m/nofp\libc_nano.a(lib_a-impure.o)
 .bss           0x00000000        0x0 d:/all/devemcu/gcc_arm/gccarm/bin/../lib/gcc/arm-none-eabi/10.3.1/../../../../arm-none-eabi/lib/thumb/v7-m/nofp\libc_nano.a(lib_a-impure.o)
 .data._impure_ptr
                0x00000000        0x4 d:/all/devemcu/gcc_arm/gccarm/bin/../lib/gcc/arm-none-eabi/10.3.1/../../../../arm-none-eabi/lib/thumb/v7-m/nofp\libc_nano.a(lib_a-impure.o)
 .data.impure_data
[...]
Memory Configuration

Name             Origin             Length             Attributes
RAM              0x20000000         0x00005000         xrw
FLASH            0x08000000         0x00010000         xr
*default*        0x00000000         0xffffffff

Linker script and memory map

LOAD d:/all/devemcu/gcc_arm/gccarm/bin/../lib/gcc/arm-none-eabi/10.3.1/thumb/v7-m/nofp/crti.o
LOAD d:/all/devemcu/gcc_arm/gccarm/bin/../lib/gcc/arm-none-eabi/10.3.1/thumb/v7-m/nofp/crtbegin.o
LOAD d:/all/devemcu/gcc_arm/gccarm/bin/../lib/gcc/arm-none-eabi/10.3.1/../../../../arm-none-eabi/lib/thumb/v7-m/nofp/crt0.o
START GROUP
LOAD d:/all/devemcu/gcc_arm/gccarm/bin/../lib/gcc/arm-none-eabi/10.3.1/../../../../arm-none-eabi/lib/thumb/v7-m/nofp\libc_nano.a
LOAD d:/all/devemcu/gcc_arm/gccarm/bin/../lib/gcc/arm-none-eabi/10.3.1/../../../../arm-none-eabi/lib/thumb/v7-m/nofp\libm.a
END GROUP
LOAD CMakeFiles/stm32f1.dir/Core/Src/main.c.obj
LOAD CMakeFiles/stm32f1.dir/Core/Src/stm32f1xx_it.c.obj
LOAD CMakeFiles/stm32f1.dir/Core/Src/stm32f1xx_hal_msp.c.obj
LOAD CMakeFiles/stm32f1.dir/Core/Src/stm32f1xx_hal_timebase_tim.c.obj
LOAD CMakeFiles/stm32f1.dir/Drivers/STM32F1xx_HAL_Driver/Src/stm32f1xx_hal_gpio_ex.c.obj
LOAD CMakeFiles/stm32f1.dir/Drivers/STM32F1xx_HAL_Driver/Src/stm32f1xx_hal_tim.c.obj
LOAD CMakeFiles/stm32f1.dir/Drivers/STM32F1xx_HAL_Driver/Src/stm32f1xx_hal_tim_ex.c.obj
LOAD CMakeFiles/stm32f1.dir/Drivers/STM32F1xx_HAL_Driver/Src/stm32f1xx_hal.c.obj
LOAD CMakeFiles/stm32f1.dir/Drivers/STM32F1xx_HAL_Driver/Src/stm32f1xx_hal_rcc.c.obj
LOAD CMakeFiles/stm32f1.dir/Drivers/STM32F1xx_HAL_Driver/Src/stm32f1xx_hal_rcc_ex.c.obj
LOAD CMakeFiles/stm32f1.dir/Drivers/STM32F1xx_HAL_Driver/Src/stm32f1xx_hal_gpio.c.obj
LOAD CMakeFiles/stm32f1.dir/Drivers/STM32F1xx_HAL_Driver/Src/stm32f1xx_hal_dma.c.obj
LOAD CMakeFiles/stm32f1.dir/Drivers/STM32F1xx_HAL_Driver/Src/stm32f1xx_hal_cortex.c.obj
LOAD CMakeFiles/stm32f1.dir/Drivers/STM32F1xx_HAL_Driver/Src/stm32f1xx_hal_pwr.c.obj
LOAD CMakeFiles/stm32f1.dir/Drivers/STM32F1xx_HAL_Driver/Src/stm32f1xx_hal_flash.c.obj
LOAD CMakeFiles/stm32f1.dir/Drivers/STM32F1xx_HAL_Driver/Src/stm32f1xx_hal_flash_ex.c.obj
LOAD CMakeFiles/stm32f1.dir/Drivers/STM32F1xx_HAL_Driver/Src/stm32f1xx_hal_exti.c.obj
LOAD CMakeFiles/stm32f1.dir/Core/Src/system_stm32f1xx.c.obj
LOAD CMakeFiles/stm32f1.dir/Core/Src/sysmem.c.obj
LOAD CMakeFiles/stm32f1.dir/Core/Src/syscalls.c.obj
LOAD CMakeFiles/stm32f1.dir/startup_stm32f103xb.s.obj
START GROUP
LOAD d:/all/devemcu/gcc_arm/gccarm/bin/../lib/gcc/arm-none-eabi/10.3.1/thumb/v7-m/nofp\libgcc.a
LOAD d:/all/devemcu/gcc_arm/gccarm/bin/../lib/gcc/arm-none-eabi/10.3.1/../../../../arm-none-eabi/lib/thumb/v7-m/nofp\libg_nano.a
LOAD d:/all/devemcu/gcc_arm/gccarm/bin/../lib/gcc/arm-none-eabi/10.3.1/../../../../arm-none-eabi/lib/thumb/v7-m/nofp\libc_nano.a
END GROUP
START GROUP
LOAD d:/all/devemcu/gcc_arm/gccarm/bin/../lib/gcc/arm-none-eabi/10.3.1/thumb/v7-m/nofp\libgcc.a
LOAD d:/all/devemcu/gcc_arm/gccarm/bin/../lib/gcc/arm-none-eabi/10.3.1/../../../../arm-none-eabi/lib/thumb/v7-m/nofp\libc_nano.a
END GROUP
LOAD d:/all/devemcu/gcc_arm/gccarm/bin/../lib/gcc/arm-none-eabi/10.3.1/thumb/v7-m/nofp/crtend.o
LOAD d:/all/devemcu/gcc_arm/gccarm/bin/../lib/gcc/arm-none-eabi/10.3.1/thumb/v7-m/nofp/crtn.o
                0x20005000                _estack = (ORIGIN (RAM) + LENGTH (RAM))
                0x00000200                _Min_Heap_Size = 0x200
                0x00000400                _Min_Stack_Size = 0x400

.isr_vector     0x08000000      0x10c
                0x08000000                . = ALIGN (0x4)
 *(.isr_vector)
 .isr_vector    0x08000000      0x10c CMakeFiles/stm32f1.dir/startup_stm32f103xb.s.obj
                0x08000000                g_pfnVectors
                0x0800010c                . = ALIGN (0x4)

.text           0x08000110     0x1a84
                0x08000110                . = ALIGN (0x4)
 *(.text)
 .text          0x08000110       0x40 d:/all/devemcu/gcc_arm/gccarm/bin/../lib/gcc/arm-none-eabi/10.3.1/thumb/v7-m/nofp/crtbegin.o
 *(.text*)
 .text.__libc_init_array
                0x08000150       0x48 d:/all/devemcu/gcc_arm/gccarm/bin/../lib/gcc/arm-none-eabi/10.3.1/../../../../arm-none-eabi/lib/thumb/v7-m/nofp\libc_nano.a(lib_a-init.o)
                0x08000150                __libc_init_array
 .text.memset   0x08000198       0x10 d:/all/devemcu/gcc_arm/gccarm/bin/../lib/gcc/arm-none-eabi/10.3.1/../../../../arm-none-eabi/lib/thumb/v7-m/nofp\libc_nano.a(lib_a-memset.o)
                0x08000198                memset
 .text.heap_init
                0x080001a8       0xa4 CMakeFiles/stm32f1.dir/Core/Src/main.c.obj
                0x080001a8                heap_init
 .text.heap_malloc
                0x0800024c       0xc8 CMakeFiles/stm32f1.dir/Core/Src/main.c.obj
                0x0800024c                heap_malloc
 *fill*         0x08000314        0xc 
 .text.SVC_Handler
                0x08000320       0x28 CMakeFiles/stm32f1.dir/Core/Src/main.c.obj
                0x08000320                SVC_Handler
 *fill*         0x08000348        0x8 
 .text.PendSV_Handler
                0x08000350       0x58 CMakeFiles/stm32f1.dir/Core/Src/main.c.obj
                0x08000350                PendSV_Handler
 .text.vTaskSwitchContext
                0x080003a8       0x44 CMakeFiles/stm32f1.dir/Core/Src/main.c.obj
                0x080003a8                vTaskSwitchContext
 .text.pxPortInitialiseStack
                0x080003ec       0x4a CMakeFiles/stm32f1.dir/Core/Src/main.c.obj
                0x080003ec                pxPortInitialiseStack
 *fill*         0x08000436        0x2 
 .text.xTaskCreate
                0x08000438       0x84 CMakeFiles/stm32f1.dir/Core/Src/main.c.obj
                0x08000438                xTaskCreate
 .text.leisureTask
                0x080004bc       0x14 CMakeFiles/stm32f1.dir/Core/Src/main.c.obj
                0x080004bc                leisureTask
 .text.SchedulerInit
                0x080004d0       0x24 CMakeFiles/stm32f1.dir/Core/Src/main.c.obj
                0x080004d0                SchedulerInit
 .text.led_bright
                0x080004f4       0x2c CMakeFiles/stm32f1.dir/Core/Src/main.c.obj
                0x080004f4                led_bright
 .text.led_extinguish
                0x08000520       0x2c CMakeFiles/stm32f1.dir/Core/Src/main.c.obj
                0x08000520                led_extinguish
 .text.APP      0x0800054c       0x3c CMakeFiles/stm32f1.dir/Core/Src/main.c.obj
                0x0800054c                APP
 .text.main     0x08000588       0x4c CMakeFiles/stm32f1.dir/Core/Src/main.c.obj
                0x08000588                main
 .text.SystemClock_Config
                0x080005d4       0x8a CMakeFiles/stm32f1.dir/Core/Src/main.c.obj
                0x080005d4                SystemClock_Config
 *fill*         0x0800065e        0x2 
 .text.MX_GPIO_Init
                0x08000660       0x98 CMakeFiles/stm32f1.dir/Core/Src/main.c.obj
 .text.HAL_TIM_PeriodElapsedCallback
                0x080006f8       0x24 CMakeFiles/stm32f1.dir/Core/Src/main.c.obj
                0x080006f8                HAL_TIM_PeriodElapsedCallback
 .text.Error_Handler
                0x0800071c        0xa CMakeFiles/stm32f1.dir/Core/Src/main.c.obj
                0x0800071c                Error_Handler
 .text.NMI_Handler
                0x08000726        0x6 CMakeFiles/stm32f1.dir/Core/Src/stm32f1xx_it.c.obj
                0x08000726                NMI_Handler
 .text.HardFault_Handler
                0x0800072c        0x6 CMakeFiles/stm32f1.dir/Core/Src/stm32f1xx_it.c.obj
                0x0800072c                HardFault_Handler
 .text.MemManage_Handler
                0x08000732        0x6 CMakeFiles/stm32f1.dir/Core/Src/stm32f1xx_it.c.obj
                0x08000732                MemManage_Handler
 .text.BusFault_Handler
                0x08000738        0x6 CMakeFiles/stm32f1.dir/Core/Src/stm32f1xx_it.c.obj
                0x08000738                BusFault_Handler
 .text.UsageFault_Handler
                0x0800073e        0x6 CMakeFiles/stm32f1.dir/Core/Src/stm32f1xx_it.c.obj
                0x0800073e                UsageFault_Handler
 .text.DebugMon_Handler
                0x08000744        0xc CMakeFiles/stm32f1.dir/Core/Src/stm32f1xx_it.c.obj
                0x08000744                DebugMon_Handler
 .text.TIM1_UP_IRQHandler
                0x08000750       0x14 CMakeFiles/stm32f1.dir/Core/Src/stm32f1xx_it.c.obj
                0x08000750                TIM1_UP_IRQHandler
 .text.HAL_MspInit
                0x08000764       0x64 CMakeFiles/stm32f1.dir/Core/Src/stm32f1xx_hal_msp.c.obj
                0x08000764                HAL_MspInit
 .text.HAL_InitTick
                0x080007c8       0xe4 CMakeFiles/stm32f1.dir/Core/Src/stm32f1xx_hal_timebase_tim.c.obj
                0x080007c8                HAL_InitTick
 .text.HAL_TIM_Base_Init
                0x080008ac       0x9e CMakeFiles/stm32f1.dir/Drivers/STM32F1xx_HAL_Driver/Src/stm32f1xx_hal_tim.c.obj
                0x080008ac                HAL_TIM_Base_Init
 .text.HAL_TIM_Base_MspInit
                0x0800094a       0x12 CMakeFiles/stm32f1.dir/Drivers/STM32F1xx_HAL_Driver/Src/stm32f1xx_hal_tim.c.obj
                0x0800094a                HAL_TIM_Base_MspInit
 .text.HAL_TIM_Base_Start_IT
                0x0800095c       0xa4 CMakeFiles/stm32f1.dir/Drivers/STM32F1xx_HAL_Driver/Src/stm32f1xx_hal_tim.c.obj
                0x0800095c                HAL_TIM_Base_Start_IT
 .text.HAL_TIM_IRQHandler
                0x08000a00      0x1e0 CMakeFiles/stm32f1.dir/Drivers/STM32F1xx_HAL_Driver/Src/stm32f1xx_hal_tim.c.obj
                0x08000a00                HAL_TIM_IRQHandler
 .text.HAL_TIM_OC_DelayElapsedCallback
                0x08000be0       0x12 CMakeFiles/stm32f1.dir/Drivers/STM32F1xx_HAL_Driver/Src/stm32f1xx_hal_tim.c.obj
                0x08000be0                HAL_TIM_OC_DelayElapsedCallback
 .text.HAL_TIM_IC_CaptureCallback
                0x08000bf2       0x12 CMakeFiles/stm32f1.dir/Drivers/STM32F1xx_HAL_Driver/Src/stm32f1xx_hal_tim.c.obj
                0x08000bf2                HAL_TIM_IC_CaptureCallback
 .text.HAL_TIM_PWM_PulseFinishedCallback
                0x08000c04       0x12 CMakeFiles/stm32f1.dir/Drivers/STM32F1xx_HAL_Driver/Src/stm32f1xx_hal_tim.c.obj
                0x08000c04                HAL_TIM_PWM_PulseFinishedCallback
 .text.HAL_TIM_TriggerCallback
                0x08000c16       0x12 CMakeFiles/stm32f1.dir/Drivers/STM32F1xx_HAL_Driver/Src/stm32f1xx_hal_tim.c.obj
                0x08000c16                HAL_TIM_TriggerCallback
 .text.TIM_Base_SetConfig
                0x08000c28       0xdc CMakeFiles/stm32f1.dir/Drivers/STM32F1xx_HAL_Driver/Src/stm32f1xx_hal_tim.c.obj
                0x08000c28                TIM_Base_SetConfig
 .text.HAL_TIMEx_CommutCallback
                0x08000d04       0x12 CMakeFiles/stm32f1.dir/Drivers/STM32F1xx_HAL_Driver/Src/stm32f1xx_hal_tim_ex.c.obj
                0x08000d04                HAL_TIMEx_CommutCallback
 .text.HAL_TIMEx_BreakCallback
                0x08000d16       0x12 CMakeFiles/stm32f1.dir/Drivers/STM32F1xx_HAL_Driver/Src/stm32f1xx_hal_tim_ex.c.obj
                0x08000d16                HAL_TIMEx_BreakCallback
 .text.HAL_Init
                0x08000d28       0x2c CMakeFiles/stm32f1.dir/Drivers/STM32F1xx_HAL_Driver/Src/stm32f1xx_hal.c.obj
                0x08000d28                HAL_Init
 .text.HAL_IncTick
                0x08000d54       0x24 CMakeFiles/stm32f1.dir/Drivers/STM32F1xx_HAL_Driver/Src/stm32f1xx_hal.c.obj
                0x08000d54                HAL_IncTick
 .text.HAL_GetTick
                0x08000d78       0x14 CMakeFiles/stm32f1.dir/Drivers/STM32F1xx_HAL_Driver/Src/stm32f1xx_hal.c.obj
                0x08000d78                HAL_GetTick
 .text.HAL_Delay
                0x08000d8c       0x48 CMakeFiles/stm32f1.dir/Drivers/STM32F1xx_HAL_Driver/Src/stm32f1xx_hal.c.obj
                0x08000d8c                HAL_Delay
 .text.HAL_RCC_OscConfig
                0x08000dd4      0x504 CMakeFiles/stm32f1.dir/Drivers/STM32F1xx_HAL_Driver/Src/stm32f1xx_hal_rcc.c.obj
                0x08000dd4                HAL_RCC_OscConfig
 .text.HAL_RCC_ClockConfig
                0x080012d8      0x1d4 CMakeFiles/stm32f1.dir/Drivers/STM32F1xx_HAL_Driver/Src/stm32f1xx_hal_rcc.c.obj
                0x080012d8                HAL_RCC_ClockConfig
 .text.HAL_RCC_GetSysClockFreq
                0x080014ac       0xa8 CMakeFiles/stm32f1.dir/Drivers/STM32F1xx_HAL_Driver/Src/stm32f1xx_hal_rcc.c.obj
                0x080014ac                HAL_RCC_GetSysClockFreq
 .text.HAL_RCC_GetHCLKFreq
                0x08001554       0x14 CMakeFiles/stm32f1.dir/Drivers/STM32F1xx_HAL_Driver/Src/stm32f1xx_hal_rcc.c.obj
                0x08001554                HAL_RCC_GetHCLKFreq
 .text.HAL_RCC_GetPCLK2Freq
                0x08001568       0x28 CMakeFiles/stm32f1.dir/Drivers/STM32F1xx_HAL_Driver/Src/stm32f1xx_hal_rcc.c.obj
                0x08001568                HAL_RCC_GetPCLK2Freq
 .text.HAL_RCC_GetClockConfig
                0x08001590       0x60 CMakeFiles/stm32f1.dir/Drivers/STM32F1xx_HAL_Driver/Src/stm32f1xx_hal_rcc.c.obj
                0x08001590                HAL_RCC_GetClockConfig
 .text.RCC_Delay
                0x080015f0       0x3c CMakeFiles/stm32f1.dir/Drivers/STM32F1xx_HAL_Driver/Src/stm32f1xx_hal_rcc.c.obj
 .text.HAL_GPIO_Init
                0x0800162c      0x308 CMakeFiles/stm32f1.dir/Drivers/STM32F1xx_HAL_Driver/Src/stm32f1xx_hal_gpio.c.obj
                0x0800162c                HAL_GPIO_Init
 .text.HAL_GPIO_WritePin
                0x08001934       0x30 CMakeFiles/stm32f1.dir/Drivers/STM32F1xx_HAL_Driver/Src/stm32f1xx_hal_gpio.c.obj
                0x08001934                HAL_GPIO_WritePin
 .text.__NVIC_SetPriorityGrouping
                0x08001964       0x48 CMakeFiles/stm32f1.dir/Drivers/STM32F1xx_HAL_Driver/Src/stm32f1xx_hal_cortex.c.obj
 .text.__NVIC_GetPriorityGrouping
                0x080019ac       0x1c CMakeFiles/stm32f1.dir/Drivers/STM32F1xx_HAL_Driver/Src/stm32f1xx_hal_cortex.c.obj
 .text.__NVIC_EnableIRQ
                0x080019c8       0x38 CMakeFiles/stm32f1.dir/Drivers/STM32F1xx_HAL_Driver/Src/stm32f1xx_hal_cortex.c.obj
 .text.__NVIC_SetPriority
                0x08001a00       0x54 CMakeFiles/stm32f1.dir/Drivers/STM32F1xx_HAL_Driver/Src/stm32f1xx_hal_cortex.c.obj
 .text.NVIC_EncodePriority
                0x08001a54       0x64 CMakeFiles/stm32f1.dir/Drivers/STM32F1xx_HAL_Driver/Src/stm32f1xx_hal_cortex.c.obj
 .text.HAL_NVIC_SetPriorityGrouping
                0x08001ab8       0x16 CMakeFiles/stm32f1.dir/Drivers/STM32F1xx_HAL_Driver/Src/stm32f1xx_hal_cortex.c.obj
                0x08001ab8                HAL_NVIC_SetPriorityGrouping
 .text.HAL_NVIC_SetPriority
                0x08001ace       0x38 CMakeFiles/stm32f1.dir/Drivers/STM32F1xx_HAL_Driver/Src/stm32f1xx_hal_cortex.c.obj
                0x08001ace                HAL_NVIC_SetPriority
 .text.HAL_NVIC_EnableIRQ
                0x08001b06       0x1c CMakeFiles/stm32f1.dir/Drivers/STM32F1xx_HAL_Driver/Src/stm32f1xx_hal_cortex.c.obj
                0x08001b06                HAL_NVIC_EnableIRQ
 .text.SystemInit
                0x08001b22        0xc CMakeFiles/stm32f1.dir/Core/Src/system_stm32f1xx.c.obj
                0x08001b22                SystemInit
 *fill*         0x08001b2e        0x2 
 .text.Reset_Handler
                0x08001b30       0x48 CMakeFiles/stm32f1.dir/startup_stm32f103xb.s.obj
                0x08001b30                Reset_Handler
 .text.Default_Handler
                0x08001b78        0x2 CMakeFiles/stm32f1.dir/startup_stm32f103xb.s.obj
                0x08001b78                RTC_Alarm_IRQHandler
                0x08001b78                EXTI2_IRQHandler
                0x08001b78                TIM1_CC_IRQHandler
                0x08001b78                SysTick_Handler
                0x08001b78                PVD_IRQHandler
                0x08001b78                EXTI3_IRQHandler
                0x08001b78                EXTI0_IRQHandler
                0x08001b78                I2C2_EV_IRQHandler
                0x08001b78                ADC1_2_IRQHandler
                0x08001b78                SPI1_IRQHandler
                0x08001b78                TAMPER_IRQHandler
                0x08001b78                DMA1_Channel4_IRQHandler
                0x08001b78                USART3_IRQHandler
                0x08001b78                RTC_IRQHandler
                0x08001b78                DMA1_Channel7_IRQHandler
                0x08001b78                CAN1_RX1_IRQHandler
                0x08001b78                TIM4_IRQHandler
                0x08001b78                I2C1_EV_IRQHandler
                0x08001b78                DMA1_Channel6_IRQHandler
                0x08001b78                TIM3_IRQHandler
                0x08001b78                RCC_IRQHandler
                0x08001b78                TIM1_TRG_COM_IRQHandler
                0x08001b78                DMA1_Channel1_IRQHandler
                0x08001b78                Default_Handler
                0x08001b78                EXTI15_10_IRQHandler
                0x08001b78                EXTI9_5_IRQHandler
                0x08001b78                SPI2_IRQHandler
                0x08001b78                DMA1_Channel5_IRQHandler
                0x08001b78                EXTI4_IRQHandler
                0x08001b78                USB_LP_CAN1_RX0_IRQHandler
                0x08001b78                USB_HP_CAN1_TX_IRQHandler
                0x08001b78                DMA1_Channel3_IRQHandler
                0x08001b78                WWDG_IRQHandler
                0x08001b78                TIM2_IRQHandler
                0x08001b78                TIM1_BRK_IRQHandler
                0x08001b78                EXTI1_IRQHandler
                0x08001b78                USART2_IRQHandler
                0x08001b78                I2C2_ER_IRQHandler
                0x08001b78                DMA1_Channel2_IRQHandler
                0x08001b78                CAN1_SCE_IRQHandler
                0x08001b78                FLASH_IRQHandler
                0x08001b78                USART1_IRQHandler
                0x08001b78                I2C1_ER_IRQHandler
                0x08001b78                USBWakeUp_IRQHandler
 *(.glue_7)
 .glue_7        0x08001b7a        0x0 linker stubs
 *(.glue_7t)
 .glue_7t       0x08001b7a        0x0 linker stubs
 *(.eh_frame)
 *fill*         0x08001b7a        0x2 
 .eh_frame      0x08001b7c        0x0 d:/all/devemcu/gcc_arm/gccarm/bin/../lib/gcc/arm-none-eabi/10.3.1/thumb/v7-m/nofp/crtbegin.o
 *(.init)
 .init          0x08001b7c        0x4 d:/all/devemcu/gcc_arm/gccarm/bin/../lib/gcc/arm-none-eabi/10.3.1/thumb/v7-m/nofp/crti.o
                0x08001b7c                _init
 .init          0x08001b80        0x8 d:/all/devemcu/gcc_arm/gccarm/bin/../lib/gcc/arm-none-eabi/10.3.1/thumb/v7-m/nofp/crtn.o
 *(.fini)
 .fini          0x08001b88        0x4 d:/all/devemcu/gcc_arm/gccarm/bin/../lib/gcc/arm-none-eabi/10.3.1/thumb/v7-m/nofp/crti.o
                0x08001b88                _fini
 .fini          0x08001b8c        0x8 d:/all/devemcu/gcc_arm/gccarm/bin/../lib/gcc/arm-none-eabi/10.3.1/thumb/v7-m/nofp/crtn.o
                0x08001b94                . = ALIGN (0x4)
                0x08001b94                _etext = .

.vfp11_veneer   0x08001b94        0x0
 .vfp11_veneer  0x08001b94        0x0 linker stubs

.v4_bx          0x08001b94        0x0
 .v4_bx         0x08001b94        0x0 linker stubs

.iplt           0x08001b94        0x0
 .iplt          0x08001b94        0x0 d:/all/devemcu/gcc_arm/gccarm/bin/../lib/gcc/arm-none-eabi/10.3.1/thumb/v7-m/nofp/crtbegin.o

.rodata         0x08001b94       0x2c
                0x08001b94                . = ALIGN (0x4)
 *(.rodata)
 *(.rodata*)
 .rodata.aPLLMULFactorTable.1
                0x08001b94       0x10 CMakeFiles/stm32f1.dir/Drivers/STM32F1xx_HAL_Driver/Src/stm32f1xx_hal_rcc.c.obj
 .rodata.aPredivFactorTable.0
                0x08001ba4        0x2 CMakeFiles/stm32f1.dir/Drivers/STM32F1xx_HAL_Driver/Src/stm32f1xx_hal_rcc.c.obj
 *fill*         0x08001ba6        0x2 
 .rodata.AHBPrescTable
                0x08001ba8       0x10 CMakeFiles/stm32f1.dir/Core/Src/system_stm32f1xx.c.obj
                0x08001ba8                AHBPrescTable
 .rodata.APBPrescTable
                0x08001bb8        0x8 CMakeFiles/stm32f1.dir/Core/Src/system_stm32f1xx.c.obj
                0x08001bb8                APBPrescTable
                0x08001bc0                . = ALIGN (0x4)

.rel.dyn        0x08001bc0        0x0
 .rel.iplt      0x08001bc0        0x0 d:/all/devemcu/gcc_arm/gccarm/bin/../lib/gcc/arm-none-eabi/10.3.1/thumb/v7-m/nofp/crtbegin.o

.ARM.extab
 *(.ARM.extab* .gnu.linkonce.armextab.*)

.ARM            0x08001bc0        0x0
                0x08001bc0                __exidx_start = .
 *(.ARM.exidx*)
                0x08001bc0                __exidx_end = .

.preinit_array  0x08001bc0        0x0
                0x08001bc0                PROVIDE (__preinit_array_start = .)
 *(.preinit_array*)
                0x08001bc0                PROVIDE (__preinit_array_end = .)

.init_array     0x08001bc0        0x4
                0x08001bc0                PROVIDE (__init_array_start = .)
 *(SORT_BY_NAME(.init_array.*))
 *(.init_array*)
 .init_array    0x08001bc0        0x4 d:/all/devemcu/gcc_arm/gccarm/bin/../lib/gcc/arm-none-eabi/10.3.1/thumb/v7-m/nofp/crtbegin.o
                0x08001bc4                PROVIDE (__init_array_end = .)

.fini_array     0x08001bc4        0x4
                [!provide]                PROVIDE (__fini_array_start = .)
 *(SORT_BY_NAME(.fini_array.*))
 *(.fini_array*)
 .fini_array    0x08001bc4        0x4 d:/all/devemcu/gcc_arm/gccarm/bin/../lib/gcc/arm-none-eabi/10.3.1/thumb/v7-m/nofp/crtbegin.o
                [!provide]                PROVIDE (__fini_array_end = .)
                0x08001bc8                _sidata = LOADADDR (.data)

.data           0x20000000       0x1c load address 0x08001bc8
                0x20000000                . = ALIGN (0x4)
                0x20000000                _sdata = .
 *(.data)
 *(.data*)
 .data.theheap  0x20000000       0x10 CMakeFiles/stm32f1.dir/Core/Src/main.c.obj
                0x20000000                theheap
 .data.uwTickPrio
                0x20000010        0x4 CMakeFiles/stm32f1.dir/Drivers/STM32F1xx_HAL_Driver/Src/stm32f1xx_hal.c.obj
                0x20000010                uwTickPrio
 .data.uwTickFreq
                0x20000014        0x1 CMakeFiles/stm32f1.dir/Drivers/STM32F1xx_HAL_Driver/Src/stm32f1xx_hal.c.obj
                0x20000014                uwTickFreq
 *fill*         0x20000015        0x3 
 .data.SystemCoreClock
                0x20000018        0x4 CMakeFiles/stm32f1.dir/Core/Src/system_stm32f1xx.c.obj
                0x20000018                SystemCoreClock
                0x2000001c                . = ALIGN (0x4)
                0x2000001c                _edata = .

.igot.plt       0x2000001c        0x0 load address 0x08001be4
 .igot.plt      0x2000001c        0x0 d:/all/devemcu/gcc_arm/gccarm/bin/../lib/gcc/arm-none-eabi/10.3.1/thumb/v7-m/nofp/crtbegin.o
                0x2000001c                . = ALIGN (0x4)

.bss            0x2000001c     0x20fc load address 0x08001be4
                0x2000001c                _sbss = .
                0x2000001c                __bss_start__ = _sbss
 *(.bss)
 .bss           0x2000001c       0x1c d:/all/devemcu/gcc_arm/gccarm/bin/../lib/gcc/arm-none-eabi/10.3.1/thumb/v7-m/nofp/crtbegin.o
 *(.bss*)
 .bss.allheap   0x20000038     0x2000 CMakeFiles/stm32f1.dir/Core/Src/main.c.obj
 .bss.pxCurrentTCB
                0x20002038        0x4 CMakeFiles/stm32f1.dir/Core/Src/main.c.obj
                0x20002038                pxCurrentTCB
 .bss.TcbTaskTable
                0x2000203c       0x80 CMakeFiles/stm32f1.dir/Core/Src/main.c.obj
                0x2000203c                TcbTaskTable
 .bss.x         0x200020bc        0x4 CMakeFiles/stm32f1.dir/Core/Src/main.c.obj
                0x200020bc                x
 .bss.leisureTcb
                0x200020c0        0x4 CMakeFiles/stm32f1.dir/Core/Src/main.c.obj
                0x200020c0                leisureTcb
 .bss.tcbTask1  0x200020c4        0x4 CMakeFiles/stm32f1.dir/Core/Src/main.c.obj
                0x200020c4                tcbTask1
 .bss.tcbTask2  0x200020c8        0x4 CMakeFiles/stm32f1.dir/Core/Src/main.c.obj
                0x200020c8                tcbTask2
 .bss.htim1     0x200020cc       0x48 CMakeFiles/stm32f1.dir/Core/Src/stm32f1xx_hal_timebase_tim.c.obj
                0x200020cc                htim1
 .bss.uwTick    0x20002114        0x4 CMakeFiles/stm32f1.dir/Drivers/STM32F1xx_HAL_Driver/Src/stm32f1xx_hal.c.obj
                0x20002114                uwTick
 *(COMMON)
                0x20002118                . = ALIGN (0x4)
                0x20002118                _ebss = .
                0x20002118                __bss_end__ = _ebss

._user_heap_stack
                0x20002118      0x600 load address 0x08001be4
                0x20002118                . = ALIGN (0x8)
                [!provide]                PROVIDE (end = .)
                0x20002118                PROVIDE (_end = .)
                0x20002318                . = (. + _Min_Heap_Size)
 *fill*         0x20002118      0x200 
                0x20002718                . = (. + _Min_Stack_Size)
 *fill*         0x20002318      0x400 
                0x20002718                . = ALIGN (0x8)

/DISCARD/
 libc.a(*)
 libm.a(*)
 libgcc.a(*)

.ARM.attributes
                0x00000000       0x29
 *(.ARM.attributes)
 .ARM.attributes
                0x00000000       0x1d d:/all/devemcu/gcc_arm/gccarm/bin/../lib/gcc/arm-none-eabi/10.3.1/thumb/v7-m/nofp/crti.o
 .ARM.attributes
                0x0000001d       0x2d d:/all/devemcu/gcc_arm/gccarm/bin/../lib/gcc/arm-none-eabi/10.3.1/thumb/v7-m/nofp/crtbegin.o
 .ARM.attributes
                0x0000004a       0x2d d:/all/devemcu/gcc_arm/gccarm/bin/../lib/gcc/arm-none-eabi/10.3.1/../../../../arm-none-eabi/lib/thumb/v7-m/nofp\libc_nano.a(lib_a-init.o)
 .ARM.attributes
                0x00000077       0x2d d:/all/devemcu/gcc_arm/gccarm/bin/../lib/gcc/arm-none-eabi/10.3.1/../../../../arm-none-eabi/lib/thumb/v7-m/nofp\libc_nano.a(lib_a-memset.o)
 .ARM.attributes
                0x000000a4       0x2d CMakeFiles/stm32f1.dir/Core/Src/main.c.obj
 .ARM.attributes
                0x000000d1       0x2d CMakeFiles/stm32f1.dir/Core/Src/stm32f1xx_it.c.obj
 .ARM.attributes
                0x000000fe       0x2d CMakeFiles/stm32f1.dir/Core/Src/stm32f1xx_hal_msp.c.obj
 .ARM.attributes
                0x0000012b       0x2d CMakeFiles/stm32f1.dir/Core/Src/stm32f1xx_hal_timebase_tim.c.obj
 .ARM.attributes
                0x00000158       0x2d CMakeFiles/stm32f1.dir/Drivers/STM32F1xx_HAL_Driver/Src/stm32f1xx_hal_tim.c.obj
 .ARM.attributes
                0x00000185       0x2d CMakeFiles/stm32f1.dir/Drivers/STM32F1xx_HAL_Driver/Src/stm32f1xx_hal_tim_ex.c.obj
 .ARM.attributes
                0x000001b2       0x2d CMakeFiles/stm32f1.dir/Drivers/STM32F1xx_HAL_Driver/Src/stm32f1xx_hal.c.obj
 .ARM.attributes
                0x000001df       0x2d CMakeFiles/stm32f1.dir/Drivers/STM32F1xx_HAL_Driver/Src/stm32f1xx_hal_rcc.c.obj
 .ARM.attributes
                0x0000020c       0x2d CMakeFiles/stm32f1.dir/Drivers/STM32F1xx_HAL_Driver/Src/stm32f1xx_hal_gpio.c.obj
 .ARM.attributes
                0x00000239       0x2d CMakeFiles/stm32f1.dir/Drivers/STM32F1xx_HAL_Driver/Src/stm32f1xx_hal_cortex.c.obj
 .ARM.attributes
                0x00000266       0x2d CMakeFiles/stm32f1.dir/Core/Src/system_stm32f1xx.c.obj
 .ARM.attributes
                0x00000293       0x21 CMakeFiles/stm32f1.dir/startup_stm32f103xb.s.obj
 .ARM.attributes
                0x000002b4       0x1d d:/all/devemcu/gcc_arm/gccarm/bin/../lib/gcc/arm-none-eabi/10.3.1/thumb/v7-m/nofp/crtn.o
OUTPUT(stm32f1.elf elf32-littlearm)
LOAD linker stubs
LOAD d:/all/devemcu/gcc_arm/gccarm/bin/../lib/gcc/arm-none-eabi/10.3.1/../../../../arm-none-eabi/lib/thumb/v7-m/nofp\libc.a
LOAD d:/all/devemcu/gcc_arm/gccarm/bin/../lib/gcc/arm-none-eabi/10.3.1/../../../../arm-none-eabi/lib/thumb/v7-m/nofp\libm.a
LOAD d:/all/devemcu/gcc_arm/gccarm/bin/../lib/gcc/arm-none-eabi/10.3.1/thumb/v7-m/nofp\libgcc.a

.debug_frame    0x00000000     0x2770
 .debug_frame   0x00000000       0x2c d:/all/devemcu/gcc_arm/gccarm/bin/../lib/gcc/arm-none-eabi/10.3.1/../../../../arm-none-eabi/lib/thumb/v7-m/nofp\libc_nano.a(lib_a-init.o)
 .debug_frame   0x0000002c       0x20 d:/all/devemcu/gcc_arm/gccarm/bin/../lib/gcc/arm-none-eabi/10.3.1/../../../../arm-none-eabi/lib/thumb/v7-m/nofp\libc_nano.a(lib_a-memset.o)
 .debug_frame   0x0000004c      0x2ac CMakeFiles/stm32f1.dir/Core/Src/main.c.obj
 .debug_frame   0x000002f8       0xc4 CMakeFiles/stm32f1.dir/Core/Src/stm32f1xx_it.c.obj
 .debug_frame   0x000003bc       0x38 CMakeFiles/stm32f1.dir/Core/Src/stm32f1xx_hal_msp.c.obj
 .debug_frame   0x000003f4       0x74 CMakeFiles/stm32f1.dir/Core/Src/stm32f1xx_hal_timebase_tim.c.obj
 .debug_frame   0x00000468     0x11b8 CMakeFiles/stm32f1.dir/Drivers/STM32F1xx_HAL_Driver/Src/stm32f1xx_hal_tim.c.obj
 .debug_frame   0x00001620      0x638 CMakeFiles/stm32f1.dir/Drivers/STM32F1xx_HAL_Driver/Src/stm32f1xx_hal_tim_ex.c.obj
 .debug_frame   0x00001c58      0x334 CMakeFiles/stm32f1.dir/Drivers/STM32F1xx_HAL_Driver/Src/stm32f1xx_hal.c.obj
 .debug_frame   0x00001f8c      0x218 CMakeFiles/stm32f1.dir/Drivers/STM32F1xx_HAL_Driver/Src/stm32f1xx_hal_rcc.c.obj
 .debug_frame   0x000021a4      0x14c CMakeFiles/stm32f1.dir/Drivers/STM32F1xx_HAL_Driver/Src/stm32f1xx_hal_gpio.c.obj
 .debug_frame   0x000022f0      0x428 CMakeFiles/stm32f1.dir/Drivers/STM32F1xx_HAL_Driver/Src/stm32f1xx_hal_cortex.c.obj
 .debug_frame   0x00002718       0x58 CMakeFiles/stm32f1.dir/Core/Src/system_stm32f1xx.c.obj

.debug_info     0x00000000     0x847a
 .debug_info    0x00000000     0x101a CMakeFiles/stm32f1.dir/Core/Src/main.c.obj
 .debug_info    0x0000101a      0x697 CMakeFiles/stm32f1.dir/Core/Src/stm32f1xx_it.c.obj
 .debug_info    0x000016b1      0x210 CMakeFiles/stm32f1.dir/Core/Src/stm32f1xx_hal_msp.c.obj
 .debug_info    0x000018c1      0x94d CMakeFiles/stm32f1.dir/Core/Src/stm32f1xx_hal_timebase_tim.c.obj
 .debug_info    0x0000220e     0x2b46 CMakeFiles/stm32f1.dir/Drivers/STM32F1xx_HAL_Driver/Src/stm32f1xx_hal_tim.c.obj
 .debug_info    0x00004d54     0x1493 CMakeFiles/stm32f1.dir/Drivers/STM32F1xx_HAL_Driver/Src/stm32f1xx_hal_tim_ex.c.obj
 .debug_info    0x000061e7      0x6e1 CMakeFiles/stm32f1.dir/Drivers/STM32F1xx_HAL_Driver/Src/stm32f1xx_hal.c.obj
 .debug_info    0x000068c8      0x81e CMakeFiles/stm32f1.dir/Drivers/STM32F1xx_HAL_Driver/Src/stm32f1xx_hal_rcc.c.obj
 .debug_info    0x000070e6      0x615 CMakeFiles/stm32f1.dir/Drivers/STM32F1xx_HAL_Driver/Src/stm32f1xx_hal_gpio.c.obj
 .debug_info    0x000076fb      0xb20 CMakeFiles/stm32f1.dir/Drivers/STM32F1xx_HAL_Driver/Src/stm32f1xx_hal_cortex.c.obj
 .debug_info    0x0000821b      0x23d CMakeFiles/stm32f1.dir/Core/Src/system_stm32f1xx.c.obj
 .debug_info    0x00008458       0x22 CMakeFiles/stm32f1.dir/startup_stm32f103xb.s.obj

.debug_abbrev   0x00000000     0x1608
 .debug_abbrev  0x00000000      0x39e CMakeFiles/stm32f1.dir/Core/Src/main.c.obj
 .debug_abbrev  0x0000039e      0x15c CMakeFiles/stm32f1.dir/Core/Src/stm32f1xx_it.c.obj
 .debug_abbrev  0x000004fa       0xd4 CMakeFiles/stm32f1.dir/Core/Src/stm32f1xx_hal_msp.c.obj
 .debug_abbrev  0x000005ce      0x1a5 CMakeFiles/stm32f1.dir/Core/Src/stm32f1xx_hal_timebase_tim.c.obj
 .debug_abbrev  0x00000773      0x238 CMakeFiles/stm32f1.dir/Drivers/STM32F1xx_HAL_Driver/Src/stm32f1xx_hal_tim.c.obj
 .debug_abbrev  0x000009ab      0x240 CMakeFiles/stm32f1.dir/Drivers/STM32F1xx_HAL_Driver/Src/stm32f1xx_hal_tim_ex.c.obj
 .debug_abbrev  0x00000beb      0x1c8 CMakeFiles/stm32f1.dir/Drivers/STM32F1xx_HAL_Driver/Src/stm32f1xx_hal.c.obj
 .debug_abbrev  0x00000db3      0x260 CMakeFiles/stm32f1.dir/Drivers/STM32F1xx_HAL_Driver/Src/stm32f1xx_hal_rcc.c.obj
 .debug_abbrev  0x00001013      0x1bb CMakeFiles/stm32f1.dir/Drivers/STM32F1xx_HAL_Driver/Src/stm32f1xx_hal_gpio.c.obj
 .debug_abbrev  0x000011ce      0x2ed CMakeFiles/stm32f1.dir/Drivers/STM32F1xx_HAL_Driver/Src/stm32f1xx_hal_cortex.c.obj
 .debug_abbrev  0x000014bb      0x13b CMakeFiles/stm32f1.dir/Core/Src/system_stm32f1xx.c.obj
 .debug_abbrev  0x000015f6       0x12 CMakeFiles/stm32f1.dir/startup_stm32f103xb.s.obj

.debug_aranges  0x00000000      0x9b0
 .debug_aranges
                0x00000000       0xc0 CMakeFiles/stm32f1.dir/Core/Src/main.c.obj
 .debug_aranges
                0x000000c0       0x50 CMakeFiles/stm32f1.dir/Core/Src/stm32f1xx_it.c.obj
 .debug_aranges
                0x00000110       0x20 CMakeFiles/stm32f1.dir/Core/Src/stm32f1xx_hal_msp.c.obj
 .debug_aranges
                0x00000130       0x30 CMakeFiles/stm32f1.dir/Core/Src/stm32f1xx_hal_timebase_tim.c.obj
 .debug_aranges
                0x00000160      0x3d0 CMakeFiles/stm32f1.dir/Drivers/STM32F1xx_HAL_Driver/Src/stm32f1xx_hal_tim.c.obj
 .debug_aranges
                0x00000530      0x168 CMakeFiles/stm32f1.dir/Drivers/STM32F1xx_HAL_Driver/Src/stm32f1xx_hal_tim_ex.c.obj
 .debug_aranges
                0x00000698       0xe0 CMakeFiles/stm32f1.dir/Drivers/STM32F1xx_HAL_Driver/Src/stm32f1xx_hal.c.obj
 .debug_aranges
                0x00000778       0x90 CMakeFiles/stm32f1.dir/Drivers/STM32F1xx_HAL_Driver/Src/stm32f1xx_hal_rcc.c.obj
 .debug_aranges
                0x00000808       0x58 CMakeFiles/stm32f1.dir/Drivers/STM32F1xx_HAL_Driver/Src/stm32f1xx_hal_gpio.c.obj
 .debug_aranges
                0x00000860      0x100 CMakeFiles/stm32f1.dir/Drivers/STM32F1xx_HAL_Driver/Src/stm32f1xx_hal_cortex.c.obj
 .debug_aranges
                0x00000960       0x28 CMakeFiles/stm32f1.dir/Core/Src/system_stm32f1xx.c.obj
 .debug_aranges
                0x00000988       0x28 CMakeFiles/stm32f1.dir/startup_stm32f103xb.s.obj

.debug_ranges   0x00000000      0x8f8
 .debug_ranges  0x00000000       0xb0 CMakeFiles/stm32f1.dir/Core/Src/main.c.obj
 .debug_ranges  0x000000b0       0x40 CMakeFiles/stm32f1.dir/Core/Src/stm32f1xx_it.c.obj
 .debug_ranges  0x000000f0       0x10 CMakeFiles/stm32f1.dir/Core/Src/stm32f1xx_hal_msp.c.obj
 .debug_ranges  0x00000100       0x20 CMakeFiles/stm32f1.dir/Core/Src/stm32f1xx_hal_timebase_tim.c.obj
 .debug_ranges  0x00000120      0x3c0 CMakeFiles/stm32f1.dir/Drivers/STM32F1xx_HAL_Driver/Src/stm32f1xx_hal_tim.c.obj
 .debug_ranges  0x000004e0      0x158 CMakeFiles/stm32f1.dir/Drivers/STM32F1xx_HAL_Driver/Src/stm32f1xx_hal_tim_ex.c.obj
 .debug_ranges  0x00000638       0xd0 CMakeFiles/stm32f1.dir/Drivers/STM32F1xx_HAL_Driver/Src/stm32f1xx_hal.c.obj
 .debug_ranges  0x00000708       0x80 CMakeFiles/stm32f1.dir/Drivers/STM32F1xx_HAL_Driver/Src/stm32f1xx_hal_rcc.c.obj
 .debug_ranges  0x00000788       0x48 CMakeFiles/stm32f1.dir/Drivers/STM32F1xx_HAL_Driver/Src/stm32f1xx_hal_gpio.c.obj
 .debug_ranges  0x000007d0       0xf0 CMakeFiles/stm32f1.dir/Drivers/STM32F1xx_HAL_Driver/Src/stm32f1xx_hal_cortex.c.obj
 .debug_ranges  0x000008c0       0x18 CMakeFiles/stm32f1.dir/Core/Src/system_stm32f1xx.c.obj
 .debug_ranges  0x000008d8       0x20 CMakeFiles/stm32f1.dir/startup_stm32f103xb.s.obj

.debug_macro    0x00000000    0x16f64
 .debug_macro   0x00000000      0x29d CMakeFiles/stm32f1.dir/Core/Src/main.c.obj
 .debug_macro   0x0000029d      0xa6c CMakeFiles/stm32f1.dir/Core/Src/main.c.obj
 .debug_macro   0x00000d09      0x215 CMakeFiles/stm32f1.dir/Core/Src/main.c.obj
 .debug_macro   0x00000f1e       0x2e CMakeFiles/stm32f1.dir/Core/Src/main.c.obj
 .debug_macro   0x00000f4c       0x22 CMakeFiles/stm32f1.dir/Core/Src/main.c.obj
 .debug_macro   0x00000f6e       0x22 CMakeFiles/stm32f1.dir/Core/Src/main.c.obj
 .debug_macro   0x00000f90       0x8e CMakeFiles/stm32f1.dir/Core/Src/main.c.obj
 .debug_macro   0x0000101e       0x51 CMakeFiles/stm32f1.dir/Core/Src/main.c.obj
 .debug_macro   0x0000106f      0x103 CMakeFiles/stm32f1.dir/Core/Src/main.c.obj
 .debug_macro   0x00001172       0x6a CMakeFiles/stm32f1.dir/Core/Src/main.c.obj
 .debug_macro   0x000011dc      0x1df CMakeFiles/stm32f1.dir/Core/Src/main.c.obj
 .debug_macro   0x000013bb       0x1c CMakeFiles/stm32f1.dir/Core/Src/main.c.obj
 .debug_macro   0x000013d7       0x22 CMakeFiles/stm32f1.dir/Core/Src/main.c.obj
 .debug_macro   0x000013f9       0xbd CMakeFiles/stm32f1.dir/Core/Src/main.c.obj
 .debug_macro   0x000014b6      0xd23 CMakeFiles/stm32f1.dir/Core/Src/main.c.obj
 .debug_macro   0x000021d9     0xe09e CMakeFiles/stm32f1.dir/Core/Src/main.c.obj
 .debug_macro   0x00010277       0x6d CMakeFiles/stm32f1.dir/Core/Src/main.c.obj
 .debug_macro   0x000102e4     0x34a2 CMakeFiles/stm32f1.dir/Core/Src/main.c.obj
 .debug_macro   0x00013786      0x174 CMakeFiles/stm32f1.dir/Core/Src/main.c.obj
 .debug_macro   0x000138fa       0x5c CMakeFiles/stm32f1.dir/Core/Src/main.c.obj
 .debug_macro   0x00013956      0x5bc CMakeFiles/stm32f1.dir/Core/Src/main.c.obj
 .debug_macro   0x00013f12      0x289 CMakeFiles/stm32f1.dir/Core/Src/main.c.obj
 .debug_macro   0x0001419b      0x1cb CMakeFiles/stm32f1.dir/Core/Src/main.c.obj
 .debug_macro   0x00014366      0x114 CMakeFiles/stm32f1.dir/Core/Src/main.c.obj
 .debug_macro   0x0001447a      0x1b2 CMakeFiles/stm32f1.dir/Core/Src/main.c.obj
 .debug_macro   0x0001462c       0x27 CMakeFiles/stm32f1.dir/Core/Src/main.c.obj
 .debug_macro   0x00014653      0x136 CMakeFiles/stm32f1.dir/Core/Src/main.c.obj
 .debug_macro   0x00014789      0x1bc CMakeFiles/stm32f1.dir/Core/Src/main.c.obj
 .debug_macro   0x00014945       0x34 CMakeFiles/stm32f1.dir/Core/Src/main.c.obj
 .debug_macro   0x00014979       0x3c CMakeFiles/stm32f1.dir/Core/Src/main.c.obj
 .debug_macro   0x000149b5       0x57 CMakeFiles/stm32f1.dir/Core/Src/main.c.obj
 .debug_macro   0x00014a0c       0x87 CMakeFiles/stm32f1.dir/Core/Src/main.c.obj
 .debug_macro   0x00014a93      0x240 CMakeFiles/stm32f1.dir/Core/Src/main.c.obj
 .debug_macro   0x00014cd3      0x140 CMakeFiles/stm32f1.dir/Core/Src/main.c.obj
 .debug_macro   0x00014e13      0x8ed CMakeFiles/stm32f1.dir/Core/Src/main.c.obj
 .debug_macro   0x00015700       0x83 CMakeFiles/stm32f1.dir/Core/Src/main.c.obj
 .debug_macro   0x00015783       0x18 CMakeFiles/stm32f1.dir/Core/Src/main.c.obj
 .debug_macro   0x0001579b       0x64 CMakeFiles/stm32f1.dir/Core/Src/main.c.obj
 .debug_macro   0x000157ff       0x35 CMakeFiles/stm32f1.dir/Core/Src/main.c.obj
 .debug_macro   0x00015834       0x34 CMakeFiles/stm32f1.dir/Core/Src/main.c.obj
 .debug_macro   0x00015868       0x16 CMakeFiles/stm32f1.dir/Core/Src/main.c.obj
 .debug_macro   0x0001587e       0x35 CMakeFiles/stm32f1.dir/Core/Src/main.c.obj
 .debug_macro   0x000158b3       0x16 CMakeFiles/stm32f1.dir/Core/Src/main.c.obj
 .debug_macro   0x000158c9       0x43 CMakeFiles/stm32f1.dir/Core/Src/main.c.obj
 .debug_macro   0x0001590c       0x34 CMakeFiles/stm32f1.dir/Core/Src/main.c.obj
 .debug_macro   0x00015940       0x10 CMakeFiles/stm32f1.dir/Core/Src/main.c.obj
 .debug_macro   0x00015950       0x58 CMakeFiles/stm32f1.dir/Core/Src/main.c.obj
 .debug_macro   0x000159a8      0x182 CMakeFiles/stm32f1.dir/Core/Src/main.c.obj
 .debug_macro   0x00015b2a      0x341 CMakeFiles/stm32f1.dir/Core/Src/main.c.obj
 .debug_macro   0x00015e6b       0x16 CMakeFiles/stm32f1.dir/Core/Src/main.c.obj
 .debug_macro   0x00015e81       0x29 CMakeFiles/stm32f1.dir/Core/Src/main.c.obj
 .debug_macro   0x00015eaa      0x1ad CMakeFiles/stm32f1.dir/Core/Src/stm32f1xx_it.c.obj
 .debug_macro   0x00016057      0x1a3 CMakeFiles/stm32f1.dir/Core/Src/stm32f1xx_hal_msp.c.obj
 .debug_macro   0x000161fa      0x199 CMakeFiles/stm32f1.dir/Core/Src/stm32f1xx_hal_timebase_tim.c.obj
 .debug_macro   0x00016393      0x19a CMakeFiles/stm32f1.dir/Drivers/STM32F1xx_HAL_Driver/Src/stm32f1xx_hal_tim.c.obj
 .debug_macro   0x0001652d      0x199 CMakeFiles/stm32f1.dir/Drivers/STM32F1xx_HAL_Driver/Src/stm32f1xx_hal_tim_ex.c.obj
 .debug_macro   0x000166c6      0x1bd CMakeFiles/stm32f1.dir/Drivers/STM32F1xx_HAL_Driver/Src/stm32f1xx_hal.c.obj
 .debug_macro   0x00016883      0x1ab CMakeFiles/stm32f1.dir/Drivers/STM32F1xx_HAL_Driver/Src/stm32f1xx_hal_rcc.c.obj
 .debug_macro   0x00016a2e      0x204 CMakeFiles/stm32f1.dir/Drivers/STM32F1xx_HAL_Driver/Src/stm32f1xx_hal_gpio.c.obj
 .debug_macro   0x00016c32      0x199 CMakeFiles/stm32f1.dir/Drivers/STM32F1xx_HAL_Driver/Src/stm32f1xx_hal_cortex.c.obj
 .debug_macro   0x00016dcb      0x199 CMakeFiles/stm32f1.dir/Core/Src/system_stm32f1xx.c.obj

.debug_line     0x00000000     0x9064
 .debug_line    0x00000000      0x9c2 CMakeFiles/stm32f1.dir/Core/Src/main.c.obj
 .debug_line    0x000009c2      0x5d0 CMakeFiles/stm32f1.dir/Core/Src/stm32f1xx_it.c.obj
 .debug_line    0x00000f92      0x535 CMakeFiles/stm32f1.dir/Core/Src/stm32f1xx_hal_msp.c.obj
 .debug_line    0x000014c7      0x5a2 CMakeFiles/stm32f1.dir/Core/Src/stm32f1xx_hal_timebase_tim.c.obj
 .debug_line    0x00001a69     0x3285 CMakeFiles/stm32f1.dir/Drivers/STM32F1xx_HAL_Driver/Src/stm32f1xx_hal_tim.c.obj
 .debug_line    0x00004cee     0x1725 CMakeFiles/stm32f1.dir/Drivers/STM32F1xx_HAL_Driver/Src/stm32f1xx_hal_tim_ex.c.obj
 .debug_line    0x00006413      0x7df CMakeFiles/stm32f1.dir/Drivers/STM32F1xx_HAL_Driver/Src/stm32f1xx_hal.c.obj
 .debug_line    0x00006bf2      0xbeb CMakeFiles/stm32f1.dir/Drivers/STM32F1xx_HAL_Driver/Src/stm32f1xx_hal_rcc.c.obj
 .debug_line    0x000077dd      0x878 CMakeFiles/stm32f1.dir/Drivers/STM32F1xx_HAL_Driver/Src/stm32f1xx_hal_gpio.c.obj
 .debug_line    0x00008055      0x9c7 CMakeFiles/stm32f1.dir/Drivers/STM32F1xx_HAL_Driver/Src/stm32f1xx_hal_cortex.c.obj
 .debug_line    0x00008a1c      0x5b2 CMakeFiles/stm32f1.dir/Core/Src/system_stm32f1xx.c.obj
 .debug_line    0x00008fce       0x96 CMakeFiles/stm32f1.dir/startup_stm32f103xb.s.obj

.debug_str      0x00000000    0x86d83
 .debug_str     0x00000000    0x8484d CMakeFiles/stm32f1.dir/Core/Src/main.c.obj
                              0x84c64 (size before relaxing)
 .debug_str     0x0008484d       0xb7 CMakeFiles/stm32f1.dir/Core/Src/stm32f1xx_it.c.obj
                              0x81e16 (size before relaxing)
 .debug_str     0x00084904       0x79 CMakeFiles/stm32f1.dir/Core/Src/stm32f1xx_hal_msp.c.obj
                              0x81957 (size before relaxing)
 .debug_str     0x0008497d      0x332 CMakeFiles/stm32f1.dir/Core/Src/stm32f1xx_hal_timebase_tim.c.obj
                              0x821b4 (size before relaxing)
 .debug_str     0x00084caf      0xe7c CMakeFiles/stm32f1.dir/Drivers/STM32F1xx_HAL_Driver/Src/stm32f1xx_hal_tim.c.obj
                              0x82d2a (size before relaxing)
 .debug_str     0x00085b2b      0x557 CMakeFiles/stm32f1.dir/Drivers/STM32F1xx_HAL_Driver/Src/stm32f1xx_hal_tim_ex.c.obj
                              0x824cb (size before relaxing)
 .debug_str     0x00086082      0x35e CMakeFiles/stm32f1.dir/Drivers/STM32F1xx_HAL_Driver/Src/stm32f1xx_hal.c.obj
                              0x82066 (size before relaxing)
 .debug_str     0x000863e0      0x280 CMakeFiles/stm32f1.dir/Drivers/STM32F1xx_HAL_Driver/Src/stm32f1xx_hal_rcc.c.obj
                              0x81d8a (size before relaxing)
 .debug_str     0x00086660      0x343 CMakeFiles/stm32f1.dir/Drivers/STM32F1xx_HAL_Driver/Src/stm32f1xx_hal_gpio.c.obj
                              0x81d08 (size before relaxing)
 .debug_str     0x000869a3      0x329 CMakeFiles/stm32f1.dir/Drivers/STM32F1xx_HAL_Driver/Src/stm32f1xx_hal_cortex.c.obj
                              0x82001 (size before relaxing)
 .debug_str     0x00086ccc       0x71 CMakeFiles/stm32f1.dir/Core/Src/system_stm32f1xx.c.obj
                              0x81982 (size before relaxing)
 .debug_str     0x00086d3d       0x46 CMakeFiles/stm32f1.dir/startup_stm32f103xb.s.obj
                                 0x7a (size before relaxing)

.comment        0x00000000       0x49
 .comment       0x00000000       0x49 CMakeFiles/stm32f1.dir/Core/Src/main.c.obj
                                 0x4a (size before relaxing)
 .comment       0x00000049       0x4a CMakeFiles/stm32f1.dir/Core/Src/stm32f1xx_it.c.obj
 .comment       0x00000049       0x4a CMakeFiles/stm32f1.dir/Core/Src/stm32f1xx_hal_msp.c.obj
 .comment       0x00000049       0x4a CMakeFiles/stm32f1.dir/Core/Src/stm32f1xx_hal_timebase_tim.c.obj
 .comment       0x00000049       0x4a CMakeFiles/stm32f1.dir/Drivers/STM32F1xx_HAL_Driver/Src/stm32f1xx_hal_tim.c.obj
 .comment       0x00000049       0x4a CMakeFiles/stm32f1.dir/Drivers/STM32F1xx_HAL_Driver/Src/stm32f1xx_hal_tim_ex.c.obj
 .comment       0x00000049       0x4a CMakeFiles/stm32f1.dir/Drivers/STM32F1xx_HAL_Driver/Src/stm32f1xx_hal.c.obj
 .comment       0x00000049       0x4a CMakeFiles/stm32f1.dir/Drivers/STM32F1xx_HAL_Driver/Src/stm32f1xx_hal_rcc.c.obj
 .comment       0x00000049       0x4a CMakeFiles/stm32f1.dir/Drivers/STM32F1xx_HAL_Driver/Src/stm32f1xx_hal_gpio.c.obj
 .comment       0x00000049       0x4a CMakeFiles/stm32f1.dir/Drivers/STM32F1xx_HAL_Driver/Src/stm32f1xx_hal_cortex.c.obj
 .comment       0x00000049       0x4a CMakeFiles/stm32f1.dir/Core/Src/system_stm32f1xx.c.obj
