Archive member included to satisfy reference by file (symbol)

d:/all/devemcu/gcc_arm/gccarm/bin/../lib/gcc/arm-none-eabi/10.3.1/../../../../arm-none-eabi/lib/thumb/v7-m/nofp\libc_nano.a(lib_a-exit.o)
                              d:/all/devemcu/gcc_arm/gccarm/bin/../lib/gcc/arm-none-eabi/10.3.1/../../../../arm-none-eabi/lib/thumb/v7-m/nofp/crt0.o (exit)
d:/all/devemcu/gcc_arm/gccarm/bin/../lib/gcc/arm-none-eabi/10.3.1/../../../../arm-none-eabi/lib/thumb/v7-m/nofp\libc_nano.a(lib_a-impure.o)
                              d:/all/devemcu/gcc_arm/gccarm/bin/../lib/gcc/arm-none-eabi/10.3.1/../../../../arm-none-eabi/lib/thumb/v7-m/nofp\libc_nano.a(lib_a-exit.o) (_global_impure_ptr)
d:/all/devemcu/gcc_arm/gccarm/bin/../lib/gcc/arm-none-eabi/10.3.1/../../../../arm-none-eabi/lib/thumb/v7-m/nofp\libc_nano.a(lib_a-init.o)
                              d:/all/devemcu/gcc_arm/gccarm/bin/../lib/gcc/arm-none-eabi/10.3.1/../../../../arm-none-eabi/lib/thumb/v7-m/nofp/crt0.o (__libc_init_array)
d:/all/devemcu/gcc_arm/gccarm/bin/../lib/gcc/arm-none-eabi/10.3.1/../../../../arm-none-eabi/lib/thumb/v7-m/nofp\libc_nano.a(lib_a-memset.o)
                              d:/all/devemcu/gcc_arm/gccarm/bin/../lib/gcc/arm-none-eabi/10.3.1/../../../../arm-none-eabi/lib/thumb/v7-m/nofp/crt0.o (memset)
d:/all/devemcu/gcc_arm/gccarm/bin/../lib/gcc/arm-none-eabi/10.3.1/../../../../arm-none-eabi/lib/thumb/v7-m/nofp\libg_nano.a(lib_a-errno.o)
                              CMakeFiles/stm32f1.dir/Core/Src/sysmem.c.obj (__errno)

Discarded input sections

 .text          0x00000000        0x0 d:/all/devemcu/gcc_arm/gccarm/bin/../lib/gcc/arm-none-eabi/10.3.1/thumb/v7-m/nofp/crti.o
 .data          0x00000000        0x0 d:/all/devemcu/gcc_arm/gccarm/bin/../lib/gcc/arm-none-eabi/10.3.1/thumb/v7-m/nofp/crti.o
 .bss           0x00000000        0x0 d:/all/devemcu/gcc_arm/gccarm/bin/../lib/gcc/arm-none-eabi/10.3.1/thumb/v7-m/nofp/crti.o
 .data          0x00000000        0x4 d:/all/devemcu/gcc_arm/gccarm/bin/../lib/gcc/arm-none-eabi/10.3.1/thumb/v7-m/nofp/crtbegin.o
 .rodata        0x00000000       0x24 d:/all/devemcu/gcc_arm/gccarm/bin/../lib/gcc/arm-none-eabi/10.3.1/thumb/v7-m/nofp/crtbegin.o
 .text          0x00000000       0x7c d:/all/devemcu/gcc_arm/gccarm/bin/../lib/gcc/arm-none-eabi/10.3.1/../../../../arm-none-eabi/lib/thumb/v7-m/nofp/crt0.o
 .data          0x00000000        0x0 d:/all/devemcu/gcc_arm/gccarm/bin/../lib/gcc/arm-none-eabi/10.3.1/../../../../arm-none-eabi/lib/thumb/v7-m/nofp/crt0.o
 .bss           0x00000000        0x0 d:/all/devemcu/gcc_arm/gccarm/bin/../lib/gcc/arm-none-eabi/10.3.1/../../../../arm-none-eabi/lib/thumb/v7-m/nofp/crt0.o
 .ARM.extab     0x00000000        0x0 d:/all/devemcu/gcc_arm/gccarm/bin/../lib/gcc/arm-none-eabi/10.3.1/../../../../arm-none-eabi/lib/thumb/v7-m/nofp/crt0.o
 .ARM.exidx     0x00000000       0x10 d:/all/devemcu/gcc_arm/gccarm/bin/../lib/gcc/arm-none-eabi/10.3.1/../../../../arm-none-eabi/lib/thumb/v7-m/nofp/crt0.o
 .ARM.attributes
                0x00000000       0x1b d:/all/devemcu/gcc_arm/gccarm/bin/../lib/gcc/arm-none-eabi/10.3.1/../../../../arm-none-eabi/lib/thumb/v7-m/nofp/crt0.o
 .text          0x00000000        0x0 d:/all/devemcu/gcc_arm/gccarm/bin/../lib/gcc/arm-none-eabi/10.3.1/../../../../arm-none-eabi/lib/thumb/v7-m/nofp\libc_nano.a(lib_a-exit.o)
 .data          0x00000000        0x0 d:/all/devemcu/gcc_arm/gccarm/bin/../lib/gcc/arm-none-eabi/10.3.1/../../../../arm-none-eabi/lib/thumb/v7-m/nofp\libc_nano.a(lib_a-exit.o)
 .bss           0x00000000        0x0 d:/all/devemcu/gcc_arm/gccarm/bin/../lib/gcc/arm-none-eabi/10.3.1/../../../../arm-none-eabi/lib/thumb/v7-m/nofp\libc_nano.a(lib_a-exit.o)
 .text.exit     0x00000000       0x28 d:/all/devemcu/gcc_arm/gccarm/bin/../lib/gcc/arm-none-eabi/10.3.1/../../../../arm-none-eabi/lib/thumb/v7-m/nofp\libc_nano.a(lib_a-exit.o)
 .debug_frame   0x00000000       0x28 d:/all/devemcu/gcc_arm/gccarm/bin/../lib/gcc/arm-none-eabi/10.3.1/../../../../arm-none-eabi/lib/thumb/v7-m/nofp\libc_nano.a(lib_a-exit.o)
 .ARM.attributes
                0x00000000       0x2d d:/all/devemcu/gcc_arm/gccarm/bin/../lib/gcc/arm-none-eabi/10.3.1/../../../../arm-none-eabi/lib/thumb/v7-m/nofp\libc_nano.a(lib_a-exit.o)
 .text          0x00000000        0x0 d:/all/devemcu/gcc_arm/gccarm/bin/../lib/gcc/arm-none-eabi/10.3.1/../../../../arm-none-eabi/lib/thumb/v7-m/nofp\libc_nano.a(lib_a-impure.o)
 .data          0x00000000        0x0 d:/all/devemcu/gcc_arm/gccarm/bin/../lib/gcc/arm-none-eabi/10.3.1/../../../../arm-none-eabi/lib/thumb/v7-m/nofp\libc_nano.a(lib_a-impure.o)
 .bss           0x00000000        0x0 d:/all/devemcu/gcc_arm/gccarm/bin/../lib/gcc/arm-none-eabi/10.3.1/../../../../arm-none-eabi/lib/thumb/v7-m/nofp\libc_nano.a(lib_a-impure.o)
 .data._impure_ptr
                0x00000000        0x4 d:/all/devemcu/gcc_arm/gccarm/bin/../lib/gcc/arm-none-eabi/10.3.1/../../../../arm-none-eabi/lib/thumb/v7-m/nofp\libc_nano.a(lib_a-impure.o)
 .data.impure_data
[...]
Memory Configuration

Name             Origin             Length             Attributes
RAM              0x20000000         0x00005000         xrw
FLASH            0x08000000         0x00010000         xr
*default*        0x00000000         0xffffffff

Linker script and memory map

LOAD d:/all/devemcu/gcc_arm/gccarm/bin/../lib/gcc/arm-none-eabi/10.3.1/thumb/v7-m/nofp/crti.o
LOAD d:/all/devemcu/gcc_arm/gccarm/bin/../lib/gcc/arm-none-eabi/10.3.1/thumb/v7-m/nofp/crtbegin.o
LOAD d:/all/devemcu/gcc_arm/gccarm/bin/../lib/gcc/arm-none-eabi/10.3.1/../../../../arm-none-eabi/lib/thumb/v7-m/nofp/crt0.o
START GROUP
LOAD d:/all/devemcu/gcc_arm/gccarm/bin/../lib/gcc/arm-none-eabi/10.3.1/../../../../arm-none-eabi/lib/thumb/v7-m/nofp\libc_nano.a
LOAD d:/all/devemcu/gcc_arm/gccarm/bin/../lib/gcc/arm-none-eabi/10.3.1/../../../../arm-none-eabi/lib/thumb/v7-m/nofp\libm.a
END GROUP
LOAD CMakeFiles/stm32f1.dir/Core/Src/main.c.obj
LOAD CMakeFiles/stm32f1.dir/Core/Src/stm32f1xx_it.c.obj
LOAD CMakeFiles/stm32f1.dir/Core/Src/stm32f1xx_hal_msp.c.obj
LOAD CMakeFiles/stm32f1.dir/Core/Src/stm32f1xx_hal_timebase_tim.c.obj
LOAD CMakeFiles/stm32f1.dir/Drivers/STM32F1xx_HAL_Driver/Src/stm32f1xx_hal_gpio_ex.c.obj
LOAD CMakeFiles/stm32f1.dir/Drivers/STM32F1xx_HAL_Driver/Src/stm32f1xx_hal_tim.c.obj
LOAD CMakeFiles/stm32f1.dir/Drivers/STM32F1xx_HAL_Driver/Src/stm32f1xx_hal_tim_ex.c.obj
LOAD CMakeFiles/stm32f1.dir/Drivers/STM32F1xx_HAL_Driver/Src/stm32f1xx_hal.c.obj
LOAD CMakeFiles/stm32f1.dir/Drivers/STM32F1xx_HAL_Driver/Src/stm32f1xx_hal_rcc.c.obj
LOAD CMakeFiles/stm32f1.dir/Drivers/STM32F1xx_HAL_Driver/Src/stm32f1xx_hal_rcc_ex.c.obj
LOAD CMakeFiles/stm32f1.dir/Drivers/STM32F1xx_HAL_Driver/Src/stm32f1xx_hal_gpio.c.obj
LOAD CMakeFiles/stm32f1.dir/Drivers/STM32F1xx_HAL_Driver/Src/stm32f1xx_hal_dma.c.obj
LOAD CMakeFiles/stm32f1.dir/Drivers/STM32F1xx_HAL_Driver/Src/stm32f1xx_hal_cortex.c.obj
LOAD CMakeFiles/stm32f1.dir/Drivers/STM32F1xx_HAL_Driver/Src/stm32f1xx_hal_pwr.c.obj
LOAD CMakeFiles/stm32f1.dir/Drivers/STM32F1xx_HAL_Driver/Src/stm32f1xx_hal_flash.c.obj
LOAD CMakeFiles/stm32f1.dir/Drivers/STM32F1xx_HAL_Driver/Src/stm32f1xx_hal_flash_ex.c.obj
LOAD CMakeFiles/stm32f1.dir/Drivers/STM32F1xx_HAL_Driver/Src/stm32f1xx_hal_exti.c.obj
LOAD CMakeFiles/stm32f1.dir/Core/Src/system_stm32f1xx.c.obj
LOAD CMakeFiles/stm32f1.dir/Core/Src/sysmem.c.obj
LOAD CMakeFiles/stm32f1.dir/Core/Src/syscalls.c.obj
LOAD CMakeFiles/stm32f1.dir/startup_stm32f103xb.s.obj
START GROUP
LOAD d:/all/devemcu/gcc_arm/gccarm/bin/../lib/gcc/arm-none-eabi/10.3.1/thumb/v7-m/nofp\libgcc.a
LOAD d:/all/devemcu/gcc_arm/gccarm/bin/../lib/gcc/arm-none-eabi/10.3.1/../../../../arm-none-eabi/lib/thumb/v7-m/nofp\libg_nano.a
LOAD d:/all/devemcu/gcc_arm/gccarm/bin/../lib/gcc/arm-none-eabi/10.3.1/../../../../arm-none-eabi/lib/thumb/v7-m/nofp\libc_nano.a
END GROUP
START GROUP
LOAD d:/all/devemcu/gcc_arm/gccarm/bin/../lib/gcc/arm-none-eabi/10.3.1/thumb/v7-m/nofp\libgcc.a
LOAD d:/all/devemcu/gcc_arm/gccarm/bin/../lib/gcc/arm-none-eabi/10.3.1/../../../../arm-none-eabi/lib/thumb/v7-m/nofp\libc_nano.a
END GROUP
LOAD d:/all/devemcu/gcc_arm/gccarm/bin/../lib/gcc/arm-none-eabi/10.3.1/thumb/v7-m/nofp/crtend.o
LOAD d:/all/devemcu/gcc_arm/gccarm/bin/../lib/gcc/arm-none-eabi/10.3.1/thumb/v7-m/nofp/crtn.o
                0x20005000                _estack = (ORIGIN (RAM) + LENGTH (RAM))
                0x00000200                _Min_Heap_Size = 0x200
                0x00000400                _Min_Stack_Size = 0x400

.isr_vector     0x08000000      0x10c
                0x08000000                . = ALIGN (0x4)
 *(.isr_vector)
 .isr_vector    0x08000000      0x10c CMakeFiles/stm32f1.dir/startup_stm32f103xb.s.obj
                0x08000000                g_pfnVectors
                0x0800010c                . = ALIGN (0x4)

.text           0x08000110     0x1c40
                0x08000110                . = ALIGN (0x4)
 *(.text)
 .text          0x08000110       0x40 d:/all/devemcu/gcc_arm/gccarm/bin/../lib/gcc/arm-none-eabi/10.3.1/thumb/v7-m/nofp/crtbegin.o
 *(.text*)
 .text.__libc_init_array
                0x08000150       0x48 d:/all/devemcu/gcc_arm/gccarm/bin/../lib/gcc/arm-none-eabi/10.3.1/../../../../arm-none-eabi/lib/thumb/v7-m/nofp\libc_nano.a(lib_a-init.o)
                0x08000150                __libc_init_array
 .text.memset   0x08000198       0x10 d:/all/devemcu/gcc_arm/gccarm/bin/../lib/gcc/arm-none-eabi/10.3.1/../../../../arm-none-eabi/lib/thumb/v7-m/nofp\libc_nano.a(lib_a-memset.o)
                0x08000198                memset
 .text.heap_init
                0x080001a8       0xa4 CMakeFiles/stm32f1.dir/Core/Src/main.c.obj
                0x080001a8                heap_init
 .text.heap_malloc
                0x0800024c       0xc8 CMakeFiles/stm32f1.dir/Core/Src/main.c.obj
                0x0800024c                heap_malloc
 *fill*         0x08000314        0xc 
 .text.SVC_Handler
                0x08000320       0x28 CMakeFiles/stm32f1.dir/Core/Src/main.c.obj
                0x08000320                SVC_Handler
 *fill*         0x08000348        0x8 
 .text.PendSV_Handler
                0x08000350       0x58 CMakeFiles/stm32f1.dir/Core/Src/main.c.obj
                0x08000350                PendSV_Handler
 .text.TaskDelay
                0x080003a8       0xa4 CMakeFiles/stm32f1.dir/Core/Src/main.c.obj
                0x080003a8                TaskDelay
 .text.CheckTicks
                0x0800044c       0xc4 CMakeFiles/stm32f1.dir/Core/Src/main.c.obj
                0x0800044c                CheckTicks
 .text.SysTick_Handler
                0x08000510       0x46 CMakeFiles/stm32f1.dir/Core/Src/main.c.obj
                0x08000510                SysTick_Handler
 .text.pxPortInitialiseStack
                0x08000556       0x4a CMakeFiles/stm32f1.dir/Core/Src/main.c.obj
                0x08000556                pxPortInitialiseStack
 .text.xTaskCreate
                0x080005a0       0x9c CMakeFiles/stm32f1.dir/Core/Src/main.c.obj
                0x080005a0                xTaskCreate
 .text.vTaskSwitchContext
                0x0800063c       0x3c CMakeFiles/stm32f1.dir/Core/Src/main.c.obj
                0x0800063c                vTaskSwitchContext
 .text.EnterSleepMode
                0x08000678       0x20 CMakeFiles/stm32f1.dir/Core/Src/main.c.obj
                0x08000678                EnterSleepMode
 .text.leisureTask
                0x08000698        0xa CMakeFiles/stm32f1.dir/Core/Src/main.c.obj
                0x08000698                leisureTask
 *fill*         0x080006a2        0x2 
 .text.SchedulerInit
                0x080006a4       0x40 CMakeFiles/stm32f1.dir/Core/Src/main.c.obj
                0x080006a4                SchedulerInit
 .text.led_bright
                0x080006e4       0x20 CMakeFiles/stm32f1.dir/Core/Src/main.c.obj
                0x080006e4                led_bright
 .text.led_extinguish
                0x08000704       0x20 CMakeFiles/stm32f1.dir/Core/Src/main.c.obj
                0x08000704                led_extinguish
 .text.APP      0x08000724       0x3c CMakeFiles/stm32f1.dir/Core/Src/main.c.obj
                0x08000724                APP
 .text.main     0x08000760       0x78 CMakeFiles/stm32f1.dir/Core/Src/main.c.obj
                0x08000760                main
 .text.SystemClock_Config
                0x080007d8       0x8a CMakeFiles/stm32f1.dir/Core/Src/main.c.obj
                0x080007d8                SystemClock_Config
 *fill*         0x08000862        0x2 
 .text.MX_GPIO_Init
                0x08000864       0x98 CMakeFiles/stm32f1.dir/Core/Src/main.c.obj
 .text.HAL_TIM_PeriodElapsedCallback
                0x080008fc       0x24 CMakeFiles/stm32f1.dir/Core/Src/main.c.obj
                0x080008fc                HAL_TIM_PeriodElapsedCallback
 .text.Error_Handler
                0x08000920        0xa CMakeFiles/stm32f1.dir/Core/Src/main.c.obj
                0x08000920                Error_Handler
 .text.NMI_Handler
                0x0800092a        0x6 CMakeFiles/stm32f1.dir/Core/Src/stm32f1xx_it.c.obj
                0x0800092a                NMI_Handler
 .text.HardFault_Handler
                0x08000930        0x6 CMakeFiles/stm32f1.dir/Core/Src/stm32f1xx_it.c.obj
                0x08000930                HardFault_Handler
 .text.MemManage_Handler
                0x08000936        0x6 CMakeFiles/stm32f1.dir/Core/Src/stm32f1xx_it.c.obj
                0x08000936                MemManage_Handler
 .text.BusFault_Handler
                0x0800093c        0x6 CMakeFiles/stm32f1.dir/Core/Src/stm32f1xx_it.c.obj
                0x0800093c                BusFault_Handler
 .text.UsageFault_Handler
                0x08000942        0x6 CMakeFiles/stm32f1.dir/Core/Src/stm32f1xx_it.c.obj
                0x08000942                UsageFault_Handler
 .text.DebugMon_Handler
                0x08000948        0xc CMakeFiles/stm32f1.dir/Core/Src/stm32f1xx_it.c.obj
                0x08000948                DebugMon_Handler
 .text.TIM1_UP_IRQHandler
                0x08000954       0x14 CMakeFiles/stm32f1.dir/Core/Src/stm32f1xx_it.c.obj
                0x08000954                TIM1_UP_IRQHandler
 .text.HAL_MspInit
                0x08000968       0x64 CMakeFiles/stm32f1.dir/Core/Src/stm32f1xx_hal_msp.c.obj
                0x08000968                HAL_MspInit
 .text.HAL_InitTick
                0x080009cc       0xe4 CMakeFiles/stm32f1.dir/Core/Src/stm32f1xx_hal_timebase_tim.c.obj
                0x080009cc                HAL_InitTick
 .text.HAL_TIM_Base_Init
                0x08000ab0       0x9e CMakeFiles/stm32f1.dir/Drivers/STM32F1xx_HAL_Driver/Src/stm32f1xx_hal_tim.c.obj
                0x08000ab0                HAL_TIM_Base_Init
 .text.HAL_TIM_Base_MspInit
                0x08000b4e       0x12 CMakeFiles/stm32f1.dir/Drivers/STM32F1xx_HAL_Driver/Src/stm32f1xx_hal_tim.c.obj
                0x08000b4e                HAL_TIM_Base_MspInit
 .text.HAL_TIM_Base_Start_IT
                0x08000b60       0xa4 CMakeFiles/stm32f1.dir/Drivers/STM32F1xx_HAL_Driver/Src/stm32f1xx_hal_tim.c.obj
                0x08000b60                HAL_TIM_Base_Start_IT
 .text.HAL_TIM_IRQHandler
                0x08000c04      0x1e0 CMakeFiles/stm32f1.dir/Drivers/STM32F1xx_HAL_Driver/Src/stm32f1xx_hal_tim.c.obj
                0x08000c04                HAL_TIM_IRQHandler
 .text.HAL_TIM_OC_DelayElapsedCallback
                0x08000de4       0x12 CMakeFiles/stm32f1.dir/Drivers/STM32F1xx_HAL_Driver/Src/stm32f1xx_hal_tim.c.obj
                0x08000de4                HAL_TIM_OC_DelayElapsedCallback
 .text.HAL_TIM_IC_CaptureCallback
                0x08000df6       0x12 CMakeFiles/stm32f1.dir/Drivers/STM32F1xx_HAL_Driver/Src/stm32f1xx_hal_tim.c.obj
                0x08000df6                HAL_TIM_IC_CaptureCallback
 .text.HAL_TIM_PWM_PulseFinishedCallback
                0x08000e08       0x12 CMakeFiles/stm32f1.dir/Drivers/STM32F1xx_HAL_Driver/Src/stm32f1xx_hal_tim.c.obj
                0x08000e08                HAL_TIM_PWM_PulseFinishedCallback
 .text.HAL_TIM_TriggerCallback
                0x08000e1a       0x12 CMakeFiles/stm32f1.dir/Drivers/STM32F1xx_HAL_Driver/Src/stm32f1xx_hal_tim.c.obj
                0x08000e1a                HAL_TIM_TriggerCallback
 .text.TIM_Base_SetConfig
                0x08000e2c       0xdc CMakeFiles/stm32f1.dir/Drivers/STM32F1xx_HAL_Driver/Src/stm32f1xx_hal_tim.c.obj
                0x08000e2c                TIM_Base_SetConfig
 .text.HAL_TIMEx_CommutCallback
                0x08000f08       0x12 CMakeFiles/stm32f1.dir/Drivers/STM32F1xx_HAL_Driver/Src/stm32f1xx_hal_tim_ex.c.obj
                0x08000f08                HAL_TIMEx_CommutCallback
 .text.HAL_TIMEx_BreakCallback
                0x08000f1a       0x12 CMakeFiles/stm32f1.dir/Drivers/STM32F1xx_HAL_Driver/Src/stm32f1xx_hal_tim_ex.c.obj
                0x08000f1a                HAL_TIMEx_BreakCallback
 .text.HAL_Init
                0x08000f2c       0x2c CMakeFiles/stm32f1.dir/Drivers/STM32F1xx_HAL_Driver/Src/stm32f1xx_hal.c.obj
                0x08000f2c                HAL_Init
 .text.HAL_IncTick
                0x08000f58       0x24 CMakeFiles/stm32f1.dir/Drivers/STM32F1xx_HAL_Driver/Src/stm32f1xx_hal.c.obj
                0x08000f58                HAL_IncTick
 .text.HAL_GetTick
                0x08000f7c       0x14 CMakeFiles/stm32f1.dir/Drivers/STM32F1xx_HAL_Driver/Src/stm32f1xx_hal.c.obj
                0x08000f7c                HAL_GetTick
 .text.HAL_RCC_OscConfig
                0x08000f90      0x504 CMakeFiles/stm32f1.dir/Drivers/STM32F1xx_HAL_Driver/Src/stm32f1xx_hal_rcc.c.obj
                0x08000f90                HAL_RCC_OscConfig
 .text.HAL_RCC_ClockConfig
                0x08001494      0x1d4 CMakeFiles/stm32f1.dir/Drivers/STM32F1xx_HAL_Driver/Src/stm32f1xx_hal_rcc.c.obj
                0x08001494                HAL_RCC_ClockConfig
 .text.HAL_RCC_GetSysClockFreq
                0x08001668       0xa8 CMakeFiles/stm32f1.dir/Drivers/STM32F1xx_HAL_Driver/Src/stm32f1xx_hal_rcc.c.obj
                0x08001668                HAL_RCC_GetSysClockFreq
 .text.HAL_RCC_GetHCLKFreq
                0x08001710       0x14 CMakeFiles/stm32f1.dir/Drivers/STM32F1xx_HAL_Driver/Src/stm32f1xx_hal_rcc.c.obj
                0x08001710                HAL_RCC_GetHCLKFreq
 .text.HAL_RCC_GetPCLK2Freq
                0x08001724       0x28 CMakeFiles/stm32f1.dir/Drivers/STM32F1xx_HAL_Driver/Src/stm32f1xx_hal_rcc.c.obj
                0x08001724                HAL_RCC_GetPCLK2Freq
 .text.HAL_RCC_GetClockConfig
                0x0800174c       0x60 CMakeFiles/stm32f1.dir/Drivers/STM32F1xx_HAL_Driver/Src/stm32f1xx_hal_rcc.c.obj
                0x0800174c                HAL_RCC_GetClockConfig
 .text.RCC_Delay
                0x080017ac       0x3c CMakeFiles/stm32f1.dir/Drivers/STM32F1xx_HAL_Driver/Src/stm32f1xx_hal_rcc.c.obj
 .text.HAL_GPIO_Init
                0x080017e8      0x308 CMakeFiles/stm32f1.dir/Drivers/STM32F1xx_HAL_Driver/Src/stm32f1xx_hal_gpio.c.obj
                0x080017e8                HAL_GPIO_Init
 .text.HAL_GPIO_WritePin
                0x08001af0       0x30 CMakeFiles/stm32f1.dir/Drivers/STM32F1xx_HAL_Driver/Src/stm32f1xx_hal_gpio.c.obj
                0x08001af0                HAL_GPIO_WritePin
 .text.__NVIC_SetPriorityGrouping
                0x08001b20       0x48 CMakeFiles/stm32f1.dir/Drivers/STM32F1xx_HAL_Driver/Src/stm32f1xx_hal_cortex.c.obj
 .text.__NVIC_GetPriorityGrouping
                0x08001b68       0x1c CMakeFiles/stm32f1.dir/Drivers/STM32F1xx_HAL_Driver/Src/stm32f1xx_hal_cortex.c.obj
 .text.__NVIC_EnableIRQ
                0x08001b84       0x38 CMakeFiles/stm32f1.dir/Drivers/STM32F1xx_HAL_Driver/Src/stm32f1xx_hal_cortex.c.obj
 .text.__NVIC_SetPriority
                0x08001bbc       0x54 CMakeFiles/stm32f1.dir/Drivers/STM32F1xx_HAL_Driver/Src/stm32f1xx_hal_cortex.c.obj
 .text.NVIC_EncodePriority
                0x08001c10       0x64 CMakeFiles/stm32f1.dir/Drivers/STM32F1xx_HAL_Driver/Src/stm32f1xx_hal_cortex.c.obj
 .text.HAL_NVIC_SetPriorityGrouping
                0x08001c74       0x16 CMakeFiles/stm32f1.dir/Drivers/STM32F1xx_HAL_Driver/Src/stm32f1xx_hal_cortex.c.obj
                0x08001c74                HAL_NVIC_SetPriorityGrouping
 .text.HAL_NVIC_SetPriority
                0x08001c8a       0x38 CMakeFiles/stm32f1.dir/Drivers/STM32F1xx_HAL_Driver/Src/stm32f1xx_hal_cortex.c.obj
                0x08001c8a                HAL_NVIC_SetPriority
 .text.HAL_NVIC_EnableIRQ
                0x08001cc2       0x1c CMakeFiles/stm32f1.dir/Drivers/STM32F1xx_HAL_Driver/Src/stm32f1xx_hal_cortex.c.obj
                0x08001cc2                HAL_NVIC_EnableIRQ
 .text.SystemInit
                0x08001cde        0xc CMakeFiles/stm32f1.dir/Core/Src/system_stm32f1xx.c.obj
                0x08001cde                SystemInit
 *fill*         0x08001cea        0x2 
 .text.Reset_Handler
                0x08001cec       0x48 CMakeFiles/stm32f1.dir/startup_stm32f103xb.s.obj
                0x08001cec                Reset_Handler
 .text.Default_Handler
                0x08001d34        0x2 CMakeFiles/stm32f1.dir/startup_stm32f103xb.s.obj
                0x08001d34                RTC_Alarm_IRQHandler
                0x08001d34                EXTI2_IRQHandler
                0x08001d34                TIM1_CC_IRQHandler
                0x08001d34                PVD_IRQHandler
                0x08001d34                EXTI3_IRQHandler
                0x08001d34                EXTI0_IRQHandler
                0x08001d34                I2C2_EV_IRQHandler
                0x08001d34                ADC1_2_IRQHandler
                0x08001d34                SPI1_IRQHandler
                0x08001d34                TAMPER_IRQHandler
                0x08001d34                DMA1_Channel4_IRQHandler
                0x08001d34                USART3_IRQHandler
                0x08001d34                RTC_IRQHandler
                0x08001d34                DMA1_Channel7_IRQHandler
                0x08001d34                CAN1_RX1_IRQHandler
                0x08001d34                TIM4_IRQHandler
                0x08001d34                I2C1_EV_IRQHandler
                0x08001d34                DMA1_Channel6_IRQHandler
                0x08001d34                TIM3_IRQHandler
                0x08001d34                RCC_IRQHandler
                0x08001d34                TIM1_TRG_COM_IRQHandler
                0x08001d34                DMA1_Channel1_IRQHandler
                0x08001d34                Default_Handler
                0x08001d34                EXTI15_10_IRQHandler
                0x08001d34                EXTI9_5_IRQHandler
                0x08001d34                SPI2_IRQHandler
                0x08001d34                DMA1_Channel5_IRQHandler
                0x08001d34                EXTI4_IRQHandler
                0x08001d34                USB_LP_CAN1_RX0_IRQHandler
                0x08001d34                USB_HP_CAN1_TX_IRQHandler
                0x08001d34                DMA1_Channel3_IRQHandler
                0x08001d34                WWDG_IRQHandler
                0x08001d34                TIM2_IRQHandler
                0x08001d34                TIM1_BRK_IRQHandler
                0x08001d34                EXTI1_IRQHandler
                0x08001d34                USART2_IRQHandler
                0x08001d34                I2C2_ER_IRQHandler
                0x08001d34                DMA1_Channel2_IRQHandler
                0x08001d34                CAN1_SCE_IRQHandler
                0x08001d34                FLASH_IRQHandler
                0x08001d34                USART1_IRQHandler
                0x08001d34                I2C1_ER_IRQHandler
                0x08001d34                USBWakeUp_IRQHandler
 *(.glue_7)
 .glue_7        0x08001d36        0x0 linker stubs
 *(.glue_7t)
 .glue_7t       0x08001d36        0x0 linker stubs
 *(.eh_frame)
 *fill*         0x08001d36        0x2 
 .eh_frame      0x08001d38        0x0 d:/all/devemcu/gcc_arm/gccarm/bin/../lib/gcc/arm-none-eabi/10.3.1/thumb/v7-m/nofp/crtbegin.o
 *(.init)
 .init          0x08001d38        0x4 d:/all/devemcu/gcc_arm/gccarm/bin/../lib/gcc/arm-none-eabi/10.3.1/thumb/v7-m/nofp/crti.o
                0x08001d38                _init
 .init          0x08001d3c        0x8 d:/all/devemcu/gcc_arm/gccarm/bin/../lib/gcc/arm-none-eabi/10.3.1/thumb/v7-m/nofp/crtn.o
 *(.fini)
 .fini          0x08001d44        0x4 d:/all/devemcu/gcc_arm/gccarm/bin/../lib/gcc/arm-none-eabi/10.3.1/thumb/v7-m/nofp/crti.o
                0x08001d44                _fini
 .fini          0x08001d48        0x8 d:/all/devemcu/gcc_arm/gccarm/bin/../lib/gcc/arm-none-eabi/10.3.1/thumb/v7-m/nofp/crtn.o
                0x08001d50                . = ALIGN (0x4)
                0x08001d50                _etext = .

.vfp11_veneer   0x08001d50        0x0
 .vfp11_veneer  0x08001d50        0x0 linker stubs

.v4_bx          0x08001d50        0x0
 .v4_bx         0x08001d50        0x0 linker stubs

.iplt           0x08001d50        0x0
 .iplt          0x08001d50        0x0 d:/all/devemcu/gcc_arm/gccarm/bin/../lib/gcc/arm-none-eabi/10.3.1/thumb/v7-m/nofp/crtbegin.o

.rodata         0x08001d50       0x2c
                0x08001d50                . = ALIGN (0x4)
 *(.rodata)
 *(.rodata*)
 .rodata.aPLLMULFactorTable.1
                0x08001d50       0x10 CMakeFiles/stm32f1.dir/Drivers/STM32F1xx_HAL_Driver/Src/stm32f1xx_hal_rcc.c.obj
 .rodata.aPredivFactorTable.0
                0x08001d60        0x2 CMakeFiles/stm32f1.dir/Drivers/STM32F1xx_HAL_Driver/Src/stm32f1xx_hal_rcc.c.obj
 *fill*         0x08001d62        0x2 
 .rodata.AHBPrescTable
                0x08001d64       0x10 CMakeFiles/stm32f1.dir/Core/Src/system_stm32f1xx.c.obj
                0x08001d64                AHBPrescTable
 .rodata.APBPrescTable
                0x08001d74        0x8 CMakeFiles/stm32f1.dir/Core/Src/system_stm32f1xx.c.obj
                0x08001d74                APBPrescTable
                0x08001d7c                . = ALIGN (0x4)

.rel.dyn        0x08001d7c        0x0
 .rel.iplt      0x08001d7c        0x0 d:/all/devemcu/gcc_arm/gccarm/bin/../lib/gcc/arm-none-eabi/10.3.1/thumb/v7-m/nofp/crtbegin.o

.ARM.extab
 *(.ARM.extab* .gnu.linkonce.armextab.*)

.ARM            0x08001d7c        0x0
                0x08001d7c                __exidx_start = .
 *(.ARM.exidx*)
                0x08001d7c                __exidx_end = .

.preinit_array  0x08001d7c        0x0
                0x08001d7c                PROVIDE (__preinit_array_start = .)
 *(.preinit_array*)
                0x08001d7c                PROVIDE (__preinit_array_end = .)

.init_array     0x08001d7c        0x4
                0x08001d7c                PROVIDE (__init_array_start = .)
 *(SORT_BY_NAME(.init_array.*))
 *(.init_array*)
 .init_array    0x08001d7c        0x4 d:/all/devemcu/gcc_arm/gccarm/bin/../lib/gcc/arm-none-eabi/10.3.1/thumb/v7-m/nofp/crtbegin.o
                0x08001d80                PROVIDE (__init_array_end = .)

.fini_array     0x08001d80        0x4
                [!provide]                PROVIDE (__fini_array_start = .)
 *(SORT_BY_NAME(.fini_array.*))
 *(.fini_array*)
 .fini_array    0x08001d80        0x4 d:/all/devemcu/gcc_arm/gccarm/bin/../lib/gcc/arm-none-eabi/10.3.1/thumb/v7-m/nofp/crtbegin.o
                [!provide]                PROVIDE (__fini_array_end = .)
                0x08001d84                _sidata = LOADADDR (.data)

.data           0x20000000       0x1c load address 0x08001d84
                0x20000000                . = ALIGN (0x4)
                0x20000000                _sdata = .
 *(.data)
 *(.data*)
 .data.theheap  0x20000000       0x10 CMakeFiles/stm32f1.dir/Core/Src/main.c.obj
                0x20000000                theheap
 .data.uwTickPrio
                0x20000010        0x4 CMakeFiles/stm32f1.dir/Drivers/STM32F1xx_HAL_Driver/Src/stm32f1xx_hal.c.obj
                0x20000010                uwTickPrio
 .data.uwTickFreq
                0x20000014        0x1 CMakeFiles/stm32f1.dir/Drivers/STM32F1xx_HAL_Driver/Src/stm32f1xx_hal.c.obj
                0x20000014                uwTickFreq
 *fill*         0x20000015        0x3 
 .data.SystemCoreClock
                0x20000018        0x4 CMakeFiles/stm32f1.dir/Core/Src/system_stm32f1xx.c.obj
                0x20000018                SystemCoreClock
                0x2000001c                . = ALIGN (0x4)
                0x2000001c                _edata = .

.igot.plt       0x2000001c        0x0 load address 0x08001da0
 .igot.plt      0x2000001c        0x0 d:/all/devemcu/gcc_arm/gccarm/bin/../lib/gcc/arm-none-eabi/10.3.1/thumb/v7-m/nofp/crtbegin.o
                0x2000001c                . = ALIGN (0x4)

.bss            0x2000001c     0x20bc load address 0x08001da0
                0x2000001c                _sbss = .
                0x2000001c                __bss_start__ = _sbss
 *(.bss)
 .bss           0x2000001c       0x1c d:/all/devemcu/gcc_arm/gccarm/bin/../lib/gcc/arm-none-eabi/10.3.1/thumb/v7-m/nofp/crtbegin.o
 *(.bss*)
 .bss.allheap   0x20000038     0x2000 CMakeFiles/stm32f1.dir/Core/Src/main.c.obj
 .bss.pxCurrentTCB
                0x20002038        0x4 CMakeFiles/stm32f1.dir/Core/Src/main.c.obj
                0x20002038                pxCurrentTCB
 .bss.TicksBase
                0x2000203c        0x4 CMakeFiles/stm32f1.dir/Core/Src/main.c.obj
                0x2000203c                TicksBase
 .bss.ReadyBitTable
                0x20002040        0x4 CMakeFiles/stm32f1.dir/Core/Src/main.c.obj
                0x20002040                ReadyBitTable
 .bss.TcbTaskTable
                0x20002044       0x10 CMakeFiles/stm32f1.dir/Core/Src/main.c.obj
                0x20002044                TcbTaskTable
 .bss.DelayBitTable
                0x20002054        0x4 CMakeFiles/stm32f1.dir/Core/Src/main.c.obj
                0x20002054                DelayBitTable
 .bss.TicksTable
                0x20002058       0x10 CMakeFiles/stm32f1.dir/Core/Src/main.c.obj
                0x20002058                TicksTable
 .bss.TicksTableAssist
                0x20002068       0x10 CMakeFiles/stm32f1.dir/Core/Src/main.c.obj
                0x20002068                TicksTableAssist
 .bss.WakeTicksTable
                0x20002078        0x4 CMakeFiles/stm32f1.dir/Core/Src/main.c.obj
                0x20002078                WakeTicksTable
 .bss.OverWakeTicksTable
                0x2000207c        0x4 CMakeFiles/stm32f1.dir/Core/Src/main.c.obj
                0x2000207c                OverWakeTicksTable
 .bss.leisureTcb
                0x20002080        0x4 CMakeFiles/stm32f1.dir/Core/Src/main.c.obj
                0x20002080                leisureTcb
 .bss.tcbTask1  0x20002084        0x4 CMakeFiles/stm32f1.dir/Core/Src/main.c.obj
                0x20002084                tcbTask1
 .bss.tcbTask2  0x20002088        0x4 CMakeFiles/stm32f1.dir/Core/Src/main.c.obj
                0x20002088                tcbTask2
 .bss.htim1     0x2000208c       0x48 CMakeFiles/stm32f1.dir/Core/Src/stm32f1xx_hal_timebase_tim.c.obj
                0x2000208c                htim1
 .bss.uwTick    0x200020d4        0x4 CMakeFiles/stm32f1.dir/Drivers/STM32F1xx_HAL_Driver/Src/stm32f1xx_hal.c.obj
                0x200020d4                uwTick
 *(COMMON)
                0x200020d8                . = ALIGN (0x4)
                0x200020d8                _ebss = .
                0x200020d8                __bss_end__ = _ebss

._user_heap_stack
                0x200020d8      0x600 load address 0x08001da0
                0x200020d8                . = ALIGN (0x8)
                [!provide]                PROVIDE (end = .)
                0x200020d8                PROVIDE (_end = .)
                0x200022d8                . = (. + _Min_Heap_Size)
 *fill*         0x200020d8      0x200 
                0x200026d8                . = (. + _Min_Stack_Size)
 *fill*         0x200022d8      0x400 
                0x200026d8                . = ALIGN (0x8)

/DISCARD/
 libc.a(*)
 libm.a(*)
 libgcc.a(*)

.ARM.attributes
                0x00000000       0x29
 *(.ARM.attributes)
 .ARM.attributes
                0x00000000       0x1d d:/all/devemcu/gcc_arm/gccarm/bin/../lib/gcc/arm-none-eabi/10.3.1/thumb/v7-m/nofp/crti.o
 .ARM.attributes
                0x0000001d       0x2d d:/all/devemcu/gcc_arm/gccarm/bin/../lib/gcc/arm-none-eabi/10.3.1/thumb/v7-m/nofp/crtbegin.o
 .ARM.attributes
                0x0000004a       0x2d d:/all/devemcu/gcc_arm/gccarm/bin/../lib/gcc/arm-none-eabi/10.3.1/../../../../arm-none-eabi/lib/thumb/v7-m/nofp\libc_nano.a(lib_a-init.o)
 .ARM.attributes
                0x00000077       0x2d d:/all/devemcu/gcc_arm/gccarm/bin/../lib/gcc/arm-none-eabi/10.3.1/../../../../arm-none-eabi/lib/thumb/v7-m/nofp\libc_nano.a(lib_a-memset.o)
 .ARM.attributes
                0x000000a4       0x2d CMakeFiles/stm32f1.dir/Core/Src/main.c.obj
 .ARM.attributes
                0x000000d1       0x2d CMakeFiles/stm32f1.dir/Core/Src/stm32f1xx_it.c.obj
 .ARM.attributes
                0x000000fe       0x2d CMakeFiles/stm32f1.dir/Core/Src/stm32f1xx_hal_msp.c.obj
 .ARM.attributes
                0x0000012b       0x2d CMakeFiles/stm32f1.dir/Core/Src/stm32f1xx_hal_timebase_tim.c.obj
 .ARM.attributes
                0x00000158       0x2d CMakeFiles/stm32f1.dir/Drivers/STM32F1xx_HAL_Driver/Src/stm32f1xx_hal_tim.c.obj
 .ARM.attributes
                0x00000185       0x2d CMakeFiles/stm32f1.dir/Drivers/STM32F1xx_HAL_Driver/Src/stm32f1xx_hal_tim_ex.c.obj
 .ARM.attributes
                0x000001b2       0x2d CMakeFiles/stm32f1.dir/Drivers/STM32F1xx_HAL_Driver/Src/stm32f1xx_hal.c.obj
 .ARM.attributes
                0x000001df       0x2d CMakeFiles/stm32f1.dir/Drivers/STM32F1xx_HAL_Driver/Src/stm32f1xx_hal_rcc.c.obj
 .ARM.attributes
                0x0000020c       0x2d CMakeFiles/stm32f1.dir/Drivers/STM32F1xx_HAL_Driver/Src/stm32f1xx_hal_gpio.c.obj
 .ARM.attributes
                0x00000239       0x2d CMakeFiles/stm32f1.dir/Drivers/STM32F1xx_HAL_Driver/Src/stm32f1xx_hal_cortex.c.obj
 .ARM.attributes
                0x00000266       0x2d CMakeFiles/stm32f1.dir/Core/Src/system_stm32f1xx.c.obj
 .ARM.attributes
                0x00000293       0x21 CMakeFiles/stm32f1.dir/startup_stm32f103xb.s.obj
 .ARM.attributes
                0x000002b4       0x1d d:/all/devemcu/gcc_arm/gccarm/bin/../lib/gcc/arm-none-eabi/10.3.1/thumb/v7-m/nofp/crtn.o
OUTPUT(stm32f1.elf elf32-littlearm)
LOAD linker stubs
LOAD d:/all/devemcu/gcc_arm/gccarm/bin/../lib/gcc/arm-none-eabi/10.3.1/../../../../arm-none-eabi/lib/thumb/v7-m/nofp\libc.a
LOAD d:/all/devemcu/gcc_arm/gccarm/bin/../lib/gcc/arm-none-eabi/10.3.1/../../../../arm-none-eabi/lib/thumb/v7-m/nofp\libm.a
LOAD d:/all/devemcu/gcc_arm/gccarm/bin/../lib/gcc/arm-none-eabi/10.3.1/thumb/v7-m/nofp\libgcc.a

.debug_frame    0x00000000     0x2868
 .debug_frame   0x00000000       0x2c d:/all/devemcu/gcc_arm/gccarm/bin/../lib/gcc/arm-none-eabi/10.3.1/../../../../arm-none-eabi/lib/thumb/v7-m/nofp\libc_nano.a(lib_a-init.o)
 .debug_frame   0x0000002c       0x20 d:/all/devemcu/gcc_arm/gccarm/bin/../lib/gcc/arm-none-eabi/10.3.1/../../../../arm-none-eabi/lib/thumb/v7-m/nofp\libc_nano.a(lib_a-memset.o)
 .debug_frame   0x0000004c      0x3a4 CMakeFiles/stm32f1.dir/Core/Src/main.c.obj
 .debug_frame   0x000003f0       0xc4 CMakeFiles/stm32f1.dir/Core/Src/stm32f1xx_it.c.obj
 .debug_frame   0x000004b4       0x38 CMakeFiles/stm32f1.dir/Core/Src/stm32f1xx_hal_msp.c.obj
 .debug_frame   0x000004ec       0x74 CMakeFiles/stm32f1.dir/Core/Src/stm32f1xx_hal_timebase_tim.c.obj
 .debug_frame   0x00000560     0x11b8 CMakeFiles/stm32f1.dir/Drivers/STM32F1xx_HAL_Driver/Src/stm32f1xx_hal_tim.c.obj
 .debug_frame   0x00001718      0x638 CMakeFiles/stm32f1.dir/Drivers/STM32F1xx_HAL_Driver/Src/stm32f1xx_hal_tim_ex.c.obj
 .debug_frame   0x00001d50      0x334 CMakeFiles/stm32f1.dir/Drivers/STM32F1xx_HAL_Driver/Src/stm32f1xx_hal.c.obj
 .debug_frame   0x00002084      0x218 CMakeFiles/stm32f1.dir/Drivers/STM32F1xx_HAL_Driver/Src/stm32f1xx_hal_rcc.c.obj
 .debug_frame   0x0000229c      0x14c CMakeFiles/stm32f1.dir/Drivers/STM32F1xx_HAL_Driver/Src/stm32f1xx_hal_gpio.c.obj
 .debug_frame   0x000023e8      0x428 CMakeFiles/stm32f1.dir/Drivers/STM32F1xx_HAL_Driver/Src/stm32f1xx_hal_cortex.c.obj
 .debug_frame   0x00002810       0x58 CMakeFiles/stm32f1.dir/Core/Src/system_stm32f1xx.c.obj

.debug_info     0x00000000     0x8914
 .debug_info    0x00000000     0x14b4 CMakeFiles/stm32f1.dir/Core/Src/main.c.obj
 .debug_info    0x000014b4      0x697 CMakeFiles/stm32f1.dir/Core/Src/stm32f1xx_it.c.obj
 .debug_info    0x00001b4b      0x210 CMakeFiles/stm32f1.dir/Core/Src/stm32f1xx_hal_msp.c.obj
 .debug_info    0x00001d5b      0x94d CMakeFiles/stm32f1.dir/Core/Src/stm32f1xx_hal_timebase_tim.c.obj
 .debug_info    0x000026a8     0x2b46 CMakeFiles/stm32f1.dir/Drivers/STM32F1xx_HAL_Driver/Src/stm32f1xx_hal_tim.c.obj
 .debug_info    0x000051ee     0x1493 CMakeFiles/stm32f1.dir/Drivers/STM32F1xx_HAL_Driver/Src/stm32f1xx_hal_tim_ex.c.obj
 .debug_info    0x00006681      0x6e1 CMakeFiles/stm32f1.dir/Drivers/STM32F1xx_HAL_Driver/Src/stm32f1xx_hal.c.obj
 .debug_info    0x00006d62      0x81e CMakeFiles/stm32f1.dir/Drivers/STM32F1xx_HAL_Driver/Src/stm32f1xx_hal_rcc.c.obj
 .debug_info    0x00007580      0x615 CMakeFiles/stm32f1.dir/Drivers/STM32F1xx_HAL_Driver/Src/stm32f1xx_hal_gpio.c.obj
 .debug_info    0x00007b95      0xb20 CMakeFiles/stm32f1.dir/Drivers/STM32F1xx_HAL_Driver/Src/stm32f1xx_hal_cortex.c.obj
 .debug_info    0x000086b5      0x23d CMakeFiles/stm32f1.dir/Core/Src/system_stm32f1xx.c.obj
 .debug_info    0x000088f2       0x22 CMakeFiles/stm32f1.dir/startup_stm32f103xb.s.obj

.debug_abbrev   0x00000000     0x1695
 .debug_abbrev  0x00000000      0x42b CMakeFiles/stm32f1.dir/Core/Src/main.c.obj
 .debug_abbrev  0x0000042b      0x15c CMakeFiles/stm32f1.dir/Core/Src/stm32f1xx_it.c.obj
 .debug_abbrev  0x00000587       0xd4 CMakeFiles/stm32f1.dir/Core/Src/stm32f1xx_hal_msp.c.obj
 .debug_abbrev  0x0000065b      0x1a5 CMakeFiles/stm32f1.dir/Core/Src/stm32f1xx_hal_timebase_tim.c.obj
 .debug_abbrev  0x00000800      0x238 CMakeFiles/stm32f1.dir/Drivers/STM32F1xx_HAL_Driver/Src/stm32f1xx_hal_tim.c.obj
 .debug_abbrev  0x00000a38      0x240 CMakeFiles/stm32f1.dir/Drivers/STM32F1xx_HAL_Driver/Src/stm32f1xx_hal_tim_ex.c.obj
 .debug_abbrev  0x00000c78      0x1c8 CMakeFiles/stm32f1.dir/Drivers/STM32F1xx_HAL_Driver/Src/stm32f1xx_hal.c.obj
 .debug_abbrev  0x00000e40      0x260 CMakeFiles/stm32f1.dir/Drivers/STM32F1xx_HAL_Driver/Src/stm32f1xx_hal_rcc.c.obj
 .debug_abbrev  0x000010a0      0x1bb CMakeFiles/stm32f1.dir/Drivers/STM32F1xx_HAL_Driver/Src/stm32f1xx_hal_gpio.c.obj
 .debug_abbrev  0x0000125b      0x2ed CMakeFiles/stm32f1.dir/Drivers/STM32F1xx_HAL_Driver/Src/stm32f1xx_hal_cortex.c.obj
 .debug_abbrev  0x00001548      0x13b CMakeFiles/stm32f1.dir/Core/Src/system_stm32f1xx.c.obj
 .debug_abbrev  0x00001683       0x12 CMakeFiles/stm32f1.dir/startup_stm32f103xb.s.obj

.debug_aranges  0x00000000      0x9e0
 .debug_aranges
                0x00000000       0xf0 CMakeFiles/stm32f1.dir/Core/Src/main.c.obj
 .debug_aranges
                0x000000f0       0x50 CMakeFiles/stm32f1.dir/Core/Src/stm32f1xx_it.c.obj
 .debug_aranges
                0x00000140       0x20 CMakeFiles/stm32f1.dir/Core/Src/stm32f1xx_hal_msp.c.obj
 .debug_aranges
                0x00000160       0x30 CMakeFiles/stm32f1.dir/Core/Src/stm32f1xx_hal_timebase_tim.c.obj
 .debug_aranges
                0x00000190      0x3d0 CMakeFiles/stm32f1.dir/Drivers/STM32F1xx_HAL_Driver/Src/stm32f1xx_hal_tim.c.obj
 .debug_aranges
                0x00000560      0x168 CMakeFiles/stm32f1.dir/Drivers/STM32F1xx_HAL_Driver/Src/stm32f1xx_hal_tim_ex.c.obj
 .debug_aranges
                0x000006c8       0xe0 CMakeFiles/stm32f1.dir/Drivers/STM32F1xx_HAL_Driver/Src/stm32f1xx_hal.c.obj
 .debug_aranges
                0x000007a8       0x90 CMakeFiles/stm32f1.dir/Drivers/STM32F1xx_HAL_Driver/Src/stm32f1xx_hal_rcc.c.obj
 .debug_aranges
                0x00000838       0x58 CMakeFiles/stm32f1.dir/Drivers/STM32F1xx_HAL_Driver/Src/stm32f1xx_hal_gpio.c.obj
 .debug_aranges
                0x00000890      0x100 CMakeFiles/stm32f1.dir/Drivers/STM32F1xx_HAL_Driver/Src/stm32f1xx_hal_cortex.c.obj
 .debug_aranges
                0x00000990       0x28 CMakeFiles/stm32f1.dir/Core/Src/system_stm32f1xx.c.obj
 .debug_aranges
                0x000009b8       0x28 CMakeFiles/stm32f1.dir/startup_stm32f103xb.s.obj

.debug_ranges   0x00000000      0x928
 .debug_ranges  0x00000000       0xe0 CMakeFiles/stm32f1.dir/Core/Src/main.c.obj
 .debug_ranges  0x000000e0       0x40 CMakeFiles/stm32f1.dir/Core/Src/stm32f1xx_it.c.obj
 .debug_ranges  0x00000120       0x10 CMakeFiles/stm32f1.dir/Core/Src/stm32f1xx_hal_msp.c.obj
 .debug_ranges  0x00000130       0x20 CMakeFiles/stm32f1.dir/Core/Src/stm32f1xx_hal_timebase_tim.c.obj
 .debug_ranges  0x00000150      0x3c0 CMakeFiles/stm32f1.dir/Drivers/STM32F1xx_HAL_Driver/Src/stm32f1xx_hal_tim.c.obj
 .debug_ranges  0x00000510      0x158 CMakeFiles/stm32f1.dir/Drivers/STM32F1xx_HAL_Driver/Src/stm32f1xx_hal_tim_ex.c.obj
 .debug_ranges  0x00000668       0xd0 CMakeFiles/stm32f1.dir/Drivers/STM32F1xx_HAL_Driver/Src/stm32f1xx_hal.c.obj
 .debug_ranges  0x00000738       0x80 CMakeFiles/stm32f1.dir/Drivers/STM32F1xx_HAL_Driver/Src/stm32f1xx_hal_rcc.c.obj
 .debug_ranges  0x000007b8       0x48 CMakeFiles/stm32f1.dir/Drivers/STM32F1xx_HAL_Driver/Src/stm32f1xx_hal_gpio.c.obj
 .debug_ranges  0x00000800       0xf0 CMakeFiles/stm32f1.dir/Drivers/STM32F1xx_HAL_Driver/Src/stm32f1xx_hal_cortex.c.obj
 .debug_ranges  0x000008f0       0x18 CMakeFiles/stm32f1.dir/Core/Src/system_stm32f1xx.c.obj
 .debug_ranges  0x00000908       0x20 CMakeFiles/stm32f1.dir/startup_stm32f103xb.s.obj

.debug_macro    0x00000000    0x16f7e
 .debug_macro   0x00000000      0x2b7 CMakeFiles/stm32f1.dir/Core/Src/main.c.obj
 .debug_macro   0x000002b7      0xa6c CMakeFiles/stm32f1.dir/Core/Src/main.c.obj
 .debug_macro   0x00000d23      0x215 CMakeFiles/stm32f1.dir/Core/Src/main.c.obj
 .debug_macro   0x00000f38       0x2e CMakeFiles/stm32f1.dir/Core/Src/main.c.obj
 .debug_macro   0x00000f66       0x22 CMakeFiles/stm32f1.dir/Core/Src/main.c.obj
 .debug_macro   0x00000f88       0x22 CMakeFiles/stm32f1.dir/Core/Src/main.c.obj
 .debug_macro   0x00000faa       0x8e CMakeFiles/stm32f1.dir/Core/Src/main.c.obj
 .debug_macro   0x00001038       0x51 CMakeFiles/stm32f1.dir/Core/Src/main.c.obj
 .debug_macro   0x00001089      0x103 CMakeFiles/stm32f1.dir/Core/Src/main.c.obj
 .debug_macro   0x0000118c       0x6a CMakeFiles/stm32f1.dir/Core/Src/main.c.obj
 .debug_macro   0x000011f6      0x1df CMakeFiles/stm32f1.dir/Core/Src/main.c.obj
 .debug_macro   0x000013d5       0x1c CMakeFiles/stm32f1.dir/Core/Src/main.c.obj
 .debug_macro   0x000013f1       0x22 CMakeFiles/stm32f1.dir/Core/Src/main.c.obj
 .debug_macro   0x00001413       0xbd CMakeFiles/stm32f1.dir/Core/Src/main.c.obj
 .debug_macro   0x000014d0      0xd23 CMakeFiles/stm32f1.dir/Core/Src/main.c.obj
 .debug_macro   0x000021f3     0xe09e CMakeFiles/stm32f1.dir/Core/Src/main.c.obj
 .debug_macro   0x00010291       0x6d CMakeFiles/stm32f1.dir/Core/Src/main.c.obj
 .debug_macro   0x000102fe     0x34a2 CMakeFiles/stm32f1.dir/Core/Src/main.c.obj
 .debug_macro   0x000137a0      0x174 CMakeFiles/stm32f1.dir/Core/Src/main.c.obj
 .debug_macro   0x00013914       0x5c CMakeFiles/stm32f1.dir/Core/Src/main.c.obj
 .debug_macro   0x00013970      0x5bc CMakeFiles/stm32f1.dir/Core/Src/main.c.obj
 .debug_macro   0x00013f2c      0x289 CMakeFiles/stm32f1.dir/Core/Src/main.c.obj
 .debug_macro   0x000141b5      0x1cb CMakeFiles/stm32f1.dir/Core/Src/main.c.obj
 .debug_macro   0x00014380      0x114 CMakeFiles/stm32f1.dir/Core/Src/main.c.obj
 .debug_macro   0x00014494      0x1b2 CMakeFiles/stm32f1.dir/Core/Src/main.c.obj
 .debug_macro   0x00014646       0x27 CMakeFiles/stm32f1.dir/Core/Src/main.c.obj
 .debug_macro   0x0001466d      0x136 CMakeFiles/stm32f1.dir/Core/Src/main.c.obj
 .debug_macro   0x000147a3      0x1bc CMakeFiles/stm32f1.dir/Core/Src/main.c.obj
 .debug_macro   0x0001495f       0x34 CMakeFiles/stm32f1.dir/Core/Src/main.c.obj
 .debug_macro   0x00014993       0x3c CMakeFiles/stm32f1.dir/Core/Src/main.c.obj
 .debug_macro   0x000149cf       0x57 CMakeFiles/stm32f1.dir/Core/Src/main.c.obj
 .debug_macro   0x00014a26       0x87 CMakeFiles/stm32f1.dir/Core/Src/main.c.obj
 .debug_macro   0x00014aad      0x240 CMakeFiles/stm32f1.dir/Core/Src/main.c.obj
 .debug_macro   0x00014ced      0x140 CMakeFiles/stm32f1.dir/Core/Src/main.c.obj
 .debug_macro   0x00014e2d      0x8ed CMakeFiles/stm32f1.dir/Core/Src/main.c.obj
 .debug_macro   0x0001571a       0x83 CMakeFiles/stm32f1.dir/Core/Src/main.c.obj
 .debug_macro   0x0001579d       0x18 CMakeFiles/stm32f1.dir/Core/Src/main.c.obj
 .debug_macro   0x000157b5       0x64 CMakeFiles/stm32f1.dir/Core/Src/main.c.obj
 .debug_macro   0x00015819       0x35 CMakeFiles/stm32f1.dir/Core/Src/main.c.obj
 .debug_macro   0x0001584e       0x34 CMakeFiles/stm32f1.dir/Core/Src/main.c.obj
 .debug_macro   0x00015882       0x16 CMakeFiles/stm32f1.dir/Core/Src/main.c.obj
 .debug_macro   0x00015898       0x35 CMakeFiles/stm32f1.dir/Core/Src/main.c.obj
 .debug_macro   0x000158cd       0x16 CMakeFiles/stm32f1.dir/Core/Src/main.c.obj
 .debug_macro   0x000158e3       0x43 CMakeFiles/stm32f1.dir/Core/Src/main.c.obj
 .debug_macro   0x00015926       0x34 CMakeFiles/stm32f1.dir/Core/Src/main.c.obj
 .debug_macro   0x0001595a       0x10 CMakeFiles/stm32f1.dir/Core/Src/main.c.obj
 .debug_macro   0x0001596a       0x58 CMakeFiles/stm32f1.dir/Core/Src/main.c.obj
 .debug_macro   0x000159c2      0x182 CMakeFiles/stm32f1.dir/Core/Src/main.c.obj
 .debug_macro   0x00015b44      0x341 CMakeFiles/stm32f1.dir/Core/Src/main.c.obj
 .debug_macro   0x00015e85       0x16 CMakeFiles/stm32f1.dir/Core/Src/main.c.obj
 .debug_macro   0x00015e9b       0x29 CMakeFiles/stm32f1.dir/Core/Src/main.c.obj
 .debug_macro   0x00015ec4      0x1ad CMakeFiles/stm32f1.dir/Core/Src/stm32f1xx_it.c.obj
 .debug_macro   0x00016071      0x1a3 CMakeFiles/stm32f1.dir/Core/Src/stm32f1xx_hal_msp.c.obj
 .debug_macro   0x00016214      0x199 CMakeFiles/stm32f1.dir/Core/Src/stm32f1xx_hal_timebase_tim.c.obj
 .debug_macro   0x000163ad      0x19a CMakeFiles/stm32f1.dir/Drivers/STM32F1xx_HAL_Driver/Src/stm32f1xx_hal_tim.c.obj
 .debug_macro   0x00016547      0x199 CMakeFiles/stm32f1.dir/Drivers/STM32F1xx_HAL_Driver/Src/stm32f1xx_hal_tim_ex.c.obj
 .debug_macro   0x000166e0      0x1bd CMakeFiles/stm32f1.dir/Drivers/STM32F1xx_HAL_Driver/Src/stm32f1xx_hal.c.obj
 .debug_macro   0x0001689d      0x1ab CMakeFiles/stm32f1.dir/Drivers/STM32F1xx_HAL_Driver/Src/stm32f1xx_hal_rcc.c.obj
 .debug_macro   0x00016a48      0x204 CMakeFiles/stm32f1.dir/Drivers/STM32F1xx_HAL_Driver/Src/stm32f1xx_hal_gpio.c.obj
 .debug_macro   0x00016c4c      0x199 CMakeFiles/stm32f1.dir/Drivers/STM32F1xx_HAL_Driver/Src/stm32f1xx_hal_cortex.c.obj
 .debug_macro   0x00016de5      0x199 CMakeFiles/stm32f1.dir/Core/Src/system_stm32f1xx.c.obj

.debug_line     0x00000000     0x91d2
 .debug_line    0x00000000      0xb30 CMakeFiles/stm32f1.dir/Core/Src/main.c.obj
 .debug_line    0x00000b30      0x5d0 CMakeFiles/stm32f1.dir/Core/Src/stm32f1xx_it.c.obj
 .debug_line    0x00001100      0x535 CMakeFiles/stm32f1.dir/Core/Src/stm32f1xx_hal_msp.c.obj
 .debug_line    0x00001635      0x5a2 CMakeFiles/stm32f1.dir/Core/Src/stm32f1xx_hal_timebase_tim.c.obj
 .debug_line    0x00001bd7     0x3285 CMakeFiles/stm32f1.dir/Drivers/STM32F1xx_HAL_Driver/Src/stm32f1xx_hal_tim.c.obj
 .debug_line    0x00004e5c     0x1725 CMakeFiles/stm32f1.dir/Drivers/STM32F1xx_HAL_Driver/Src/stm32f1xx_hal_tim_ex.c.obj
 .debug_line    0x00006581      0x7df CMakeFiles/stm32f1.dir/Drivers/STM32F1xx_HAL_Driver/Src/stm32f1xx_hal.c.obj
 .debug_line    0x00006d60      0xbeb CMakeFiles/stm32f1.dir/Drivers/STM32F1xx_HAL_Driver/Src/stm32f1xx_hal_rcc.c.obj
 .debug_line    0x0000794b      0x878 CMakeFiles/stm32f1.dir/Drivers/STM32F1xx_HAL_Driver/Src/stm32f1xx_hal_gpio.c.obj
 .debug_line    0x000081c3      0x9c7 CMakeFiles/stm32f1.dir/Drivers/STM32F1xx_HAL_Driver/Src/stm32f1xx_hal_cortex.c.obj
 .debug_line    0x00008b8a      0x5b2 CMakeFiles/stm32f1.dir/Core/Src/system_stm32f1xx.c.obj
 .debug_line    0x0000913c       0x96 CMakeFiles/stm32f1.dir/startup_stm32f103xb.s.obj

.debug_str      0x00000000    0x86fa5
 .debug_str     0x00000000    0x84af0 CMakeFiles/stm32f1.dir/Core/Src/main.c.obj
                              0x84f26 (size before relaxing)
 .debug_str     0x00084af0       0xb7 CMakeFiles/stm32f1.dir/Core/Src/stm32f1xx_it.c.obj
                              0x81e16 (size before relaxing)
 .debug_str     0x00084ba7       0x6f CMakeFiles/stm32f1.dir/Core/Src/stm32f1xx_hal_msp.c.obj
                              0x81957 (size before relaxing)
 .debug_str     0x00084c16      0x332 CMakeFiles/stm32f1.dir/Core/Src/stm32f1xx_hal_timebase_tim.c.obj
                              0x821b4 (size before relaxing)
 .debug_str     0x00084f48      0xe7c CMakeFiles/stm32f1.dir/Drivers/STM32F1xx_HAL_Driver/Src/stm32f1xx_hal_tim.c.obj
                              0x82d2a (size before relaxing)
 .debug_str     0x00085dc4      0x557 CMakeFiles/stm32f1.dir/Drivers/STM32F1xx_HAL_Driver/Src/stm32f1xx_hal_tim_ex.c.obj
                              0x824cb (size before relaxing)
 .debug_str     0x0008631b      0x346 CMakeFiles/stm32f1.dir/Drivers/STM32F1xx_HAL_Driver/Src/stm32f1xx_hal.c.obj
                              0x82066 (size before relaxing)
 .debug_str     0x00086661      0x280 CMakeFiles/stm32f1.dir/Drivers/STM32F1xx_HAL_Driver/Src/stm32f1xx_hal_rcc.c.obj
                              0x81d8a (size before relaxing)
 .debug_str     0x000868e1      0x33e CMakeFiles/stm32f1.dir/Drivers/STM32F1xx_HAL_Driver/Src/stm32f1xx_hal_gpio.c.obj
                              0x81d08 (size before relaxing)
 .debug_str     0x00086c1f      0x2cf CMakeFiles/stm32f1.dir/Drivers/STM32F1xx_HAL_Driver/Src/stm32f1xx_hal_cortex.c.obj
                              0x82001 (size before relaxing)
 .debug_str     0x00086eee       0x71 CMakeFiles/stm32f1.dir/Core/Src/system_stm32f1xx.c.obj
                              0x81982 (size before relaxing)
 .debug_str     0x00086f5f       0x46 CMakeFiles/stm32f1.dir/startup_stm32f103xb.s.obj
                                 0x7a (size before relaxing)

.comment        0x00000000       0x49
 .comment       0x00000000       0x49 CMakeFiles/stm32f1.dir/Core/Src/main.c.obj
                                 0x4a (size before relaxing)
 .comment       0x00000049       0x4a CMakeFiles/stm32f1.dir/Core/Src/stm32f1xx_it.c.obj
 .comment       0x00000049       0x4a CMakeFiles/stm32f1.dir/Core/Src/stm32f1xx_hal_msp.c.obj
 .comment       0x00000049       0x4a CMakeFiles/stm32f1.dir/Core/Src/stm32f1xx_hal_timebase_tim.c.obj
 .comment       0x00000049       0x4a CMakeFiles/stm32f1.dir/Drivers/STM32F1xx_HAL_Driver/Src/stm32f1xx_hal_tim.c.obj
 .comment       0x00000049       0x4a CMakeFiles/stm32f1.dir/Drivers/STM32F1xx_HAL_Driver/Src/stm32f1xx_hal_tim_ex.c.obj
 .comment       0x00000049       0x4a CMakeFiles/stm32f1.dir/Drivers/STM32F1xx_HAL_Driver/Src/stm32f1xx_hal.c.obj
 .comment       0x00000049       0x4a CMakeFiles/stm32f1.dir/Drivers/STM32F1xx_HAL_Driver/Src/stm32f1xx_hal_rcc.c.obj
 .comment       0x00000049       0x4a CMakeFiles/stm32f1.dir/Drivers/STM32F1xx_HAL_Driver/Src/stm32f1xx_hal_gpio.c.obj
 .comment       0x00000049       0x4a CMakeFiles/stm32f1.dir/Drivers/STM32F1xx_HAL_Driver/Src/stm32f1xx_hal_cortex.c.obj
 .comment       0x00000049       0x4a CMakeFiles/stm32f1.dir/Core/Src/system_stm32f1xx.c.obj
